// Validating benchmarks:
// ***** BenchmarkRunner: Start   *****
// ***** Found 7 benchmark(s) in total *****
// ***** Building 1 exe(s) in Parallel: Start   *****
// ***** Done, took 00:00:00 (0.05 sec)   *****
// Found 1 benchmarks:
//   InMemoryBenchmarkAggregates.Nextorm_Count: ShortRun(Toolchain=InProcessEmitToolchain, IterationCount=3, LaunchCount=1, WarmupCount=3)

// **************************
// Benchmark: InMemoryBenchmarkAggregates.Nextorm_Count: ShortRun(Toolchain=InProcessEmitToolchain, IterationCount=3, LaunchCount=1, WarmupCount=3)
// *** Execute ***
// Launch: 1 / 1
// ! Failed to set up priority High for process System.Diagnostics.Process (nextorm.benchmark). Make sure you have the right permissions. Message: Permission denied

// Benchmark Process Environment Information:
// BenchmarkDotNet v0.15.8
// Runtime=.NET 10.0.12 (10.0.12, 10.0.1226.42308), X64 RyuJIT x86-64-v3
// GC=Concurrent Workstation
// HardwareIntrinsics=AVX2+BMI1+BMI2+F16C+FMA+LZCNT+MOVBE,AVX,SSE3+SSSE3+SSE4.1+SSE4.2+POPCNT,X86Base+SSE+SSE2,AES+PCLMUL VectorSize=256
// Job: Job-ZYJCSJ(Toolchain=InProcessEmitToolchain, IterationCount=3, LaunchCount=1, WarmupCount=3)

OverheadJitting  1: 1 op, 192027.00 ns, 192.0270 us/op
WorkloadJitting  1: 1 op, 82057693.00 ns, 82.0577 ms/op

WorkloadPilot    1: 2 op, 22131383.00 ns, 11.0657 ms/op
WorkloadPilot    2: 3 op, 21428160.00 ns, 7.1427 ms/op
WorkloadPilot    3: 4 op, 27436301.00 ns, 6.8591 ms/op
WorkloadPilot    4: 5 op, 34944531.00 ns, 6.9889 ms/op
WorkloadPilot    5: 6 op, 52467628.00 ns, 8.7446 ms/op
WorkloadPilot    6: 7 op, 53348663.00 ns, 7.6212 ms/op
WorkloadPilot    7: 8 op, 57901655.00 ns, 7.2377 ms/op
WorkloadPilot    8: 9 op, 68374819.00 ns, 7.5972 ms/op
WorkloadPilot    9: 10 op, 72682796.00 ns, 7.2683 ms/op
WorkloadPilot   10: 11 op, 91931947.00 ns, 8.3574 ms/op
WorkloadPilot   11: 12 op, 91815197.00 ns, 7.6513 ms/op
WorkloadPilot   12: 13 op, 92516035.00 ns, 7.1166 ms/op
WorkloadPilot   13: 14 op, 110774393.00 ns, 7.9125 ms/op
WorkloadPilot   14: 15 op, 110117781.00 ns, 7.3412 ms/op
WorkloadPilot   15: 16 op, 106259847.00 ns, 6.6412 ms/op
WorkloadPilot   16: 32 op, 193442268.00 ns, 6.0451 ms/op
WorkloadPilot   17: 64 op, 159616112.00 ns, 2.4940 ms/op
WorkloadPilot   18: 128 op, 274777686.00 ns, 2.1467 ms/op
WorkloadPilot   19: 256 op, 564793298.00 ns, 2.2062 ms/op

WorkloadWarmup   1: 256 op, 563431126.00 ns, 2.2009 ms/op
WorkloadWarmup   2: 256 op, 556836483.00 ns, 2.1751 ms/op
WorkloadWarmup   3: 256 op, 564019954.00 ns, 2.2032 ms/op

WorkloadActual   1: 256 op, 559758266.00 ns, 2.1866 ms/op
WorkloadActual   2: 256 op, 560559932.00 ns, 2.1897 ms/op
WorkloadActual   3: 256 op, 547331296.00 ns, 2.1380 ms/op

WorkloadResult   1: 256 op, 559758266.00 ns, 2.1866 ms/op
WorkloadResult   2: 256 op, 560559932.00 ns, 2.1897 ms/op
WorkloadResult   3: 256 op, 547331296.00 ns, 2.1380 ms/op
// GC:  11 0 0 98304000 256
// Threading:  0 0 256


Mean = 2.171 ms, StdErr = 0.017 ms (0.77%), N = 3, StdDev = 0.029 ms
Min = 2.138 ms, Q1 = 2.162 ms, Median = 2.187 ms, Q3 = 2.188 ms, Max = 2.190 ms
IQR = 0.026 ms, LowerFence = 2.124 ms, UpperFence = 2.227 ms
ConfidenceInterval = [1.643 ms; 2.700 ms] (CI 99.9%), Margin = 0.529 ms (24.34% of Mean)
Skewness = -0.38, Kurtosis = 0.67, MValue = 2

// ** Remained 6 (85.7 %) benchmark(s) to run. Estimated finish 2026-10-09 19:23 (0h 0m from now) **
// ***** BenchmarkRunner: Finish  *****

// * Export *
  BenchmarkDotNet.Artifacts/results/NextORM.Benchmark.InMemoryBenchmarkAggregates-report.csv
  BenchmarkDotNet.Artifacts/results/NextORM.Benchmark.InMemoryBenchmarkAggregates-report-github.md
  BenchmarkDotNet.Artifacts/results/NextORM.Benchmark.InMemoryBenchmarkAggregates-report.html

// * Detailed results *
InMemoryBenchmarkAggregates.Nextorm_Count: ShortRun(Toolchain=InProcessEmitToolchain, IterationCount=3, LaunchCount=1, WarmupCount=3)
Runtime = ; GC = 
Mean = 2.171 ms, StdErr = 0.017 ms (0.77%), N = 3, StdDev = 0.029 ms
Min = 2.138 ms, Q1 = 2.162 ms, Median = 2.187 ms, Q3 = 2.188 ms, Max = 2.190 ms
IQR = 0.026 ms, LowerFence = 2.124 ms, UpperFence = 2.227 ms
ConfidenceInterval = [1.643 ms; 2.700 ms] (CI 99.9%), Margin = 0.529 ms (24.34% of Mean)
Skewness = -0.38, Kurtosis = 0.67, MValue = 2
-------------------- Histogram --------------------
[2.137 ms ; 2.190 ms) | @@@
---------------------------------------------------

// * Summary *

BenchmarkDotNet v0.15.8, Linux Ubuntu 22.04.5 LTS (Jammy Jellyfish)
AMD Ryzen 7 5800HS with Radeon Graphics 3.19GHz, 1 CPU, 8 logical and 4 physical cores
.NET SDK 10.0.401
  [Host] : .NET 10.0.12 (10.0.12, 10.0.1226.42308), X64 RyuJIT x86-64-v3

Job=ShortRun  Toolchain=InProcessEmitToolchain  IterationCount=3  
LaunchCount=1  WarmupCount=3  Categories=acceptance,InMemoryNew  

| Method        | Mean     | Error     | StdDev    | Ratio | RatioSD | Gen0    | Allocated | Alloc Ratio |
|-------------- |---------:|----------:|----------:|------:|--------:|--------:|----------:|------------:|
| Nextorm_Count | 2.171 ms | 0.5286 ms | 0.0290 ms |  1.00 |    0.02 | 42.9688 |    375 KB |        1.00 |

// * Legends *
  Mean        : Arithmetic mean of all measurements
  Error       : Half of 99.9% confidence interval
  StdDev      : Standard deviation of all measurements
  Ratio       : Mean of the ratio distribution ([Current]/[Baseline])
  RatioSD     : Standard deviation of the ratio distribution ([Current]/[Baseline])
  Gen0        : GC Generation 0 collects per 1000 operations
  Allocated   : Allocated memory per single operation (managed only, inclusive, 1KB = 1024B)
  Alloc Ratio : Allocated memory ratio distribution ([Current]/[Baseline])
  1 ms        : 1 Millisecond (0.001 sec)

// * Diagnostic Output - MemoryDiagnoser *


// ***** BenchmarkRunner: End *****
Run time: 00:00:06 (6.4 sec), executed benchmarks: 1

// Found 1 benchmarks:
//   InMemoryBenchmarkGroupBy.Nextorm_GroupByCount: ShortRun(Toolchain=InProcessEmitToolchain, IterationCount=3, LaunchCount=1, WarmupCount=3)

// **************************
// Benchmark: InMemoryBenchmarkGroupBy.Nextorm_GroupByCount: ShortRun(Toolchain=InProcessEmitToolchain, IterationCount=3, LaunchCount=1, WarmupCount=3)
// *** Execute ***
// Launch: 1 / 1
// ! Failed to set up priority High for process System.Diagnostics.Process (nextorm.benchmark). Make sure you have the right permissions. Message: Permission denied

// Benchmark Process Environment Information:
// BenchmarkDotNet v0.15.8
// Runtime=.NET 10.0.12 (10.0.12, 10.0.1226.42308), X64 RyuJIT x86-64-v3
// GC=Concurrent Workstation
// HardwareIntrinsics=AVX2+BMI1+BMI2+F16C+FMA+LZCNT+MOVBE,AVX,SSE3+SSSE3+SSE4.1+SSE4.2+POPCNT,X86Base+SSE+SSE2,AES+PCLMUL VectorSize=256
// Job: Job-ZYJCSJ(Toolchain=InProcessEmitToolchain, IterationCount=3, LaunchCount=1, WarmupCount=3)

OverheadJitting  1: 1 op, 191968.00 ns, 191.9680 us/op
WorkloadJitting  1: 1 op, 118558990.00 ns, 118.5590 ms/op

WorkloadPilot    1: 2 op, 172171377.00 ns, 86.0857 ms/op
WorkloadPilot    2: 3 op, 246458888.00 ns, 82.1530 ms/op
WorkloadPilot    3: 4 op, 321026971.00 ns, 80.2567 ms/op
WorkloadPilot    4: 5 op, 390847903.00 ns, 78.1696 ms/op
WorkloadPilot    5: 6 op, 489584740.00 ns, 81.5975 ms/op
WorkloadPilot    6: 7 op, 428674926.00 ns, 61.2393 ms/op
WorkloadPilot    7: 8 op, 468928887.00 ns, 58.6161 ms/op
WorkloadPilot    8: 9 op, 532685396.00 ns, 59.1873 ms/op

WorkloadWarmup   1: 9 op, 519712014.00 ns, 57.7458 ms/op
WorkloadWarmup   2: 9 op, 535252984.00 ns, 59.4726 ms/op
WorkloadWarmup   3: 9 op, 525643284.00 ns, 58.4048 ms/op

WorkloadActual   1: 9 op, 513740349.00 ns, 57.0823 ms/op
WorkloadActual   2: 9 op, 507890467.00 ns, 56.4323 ms/op
WorkloadActual   3: 9 op, 506013291.00 ns, 56.2237 ms/op

WorkloadResult   1: 9 op, 513740349.00 ns, 57.0823 ms/op
WorkloadResult   2: 9 op, 507890467.00 ns, 56.4323 ms/op
WorkloadResult   3: 9 op, 506013291.00 ns, 56.2237 ms/op
// GC:  56 18 0 472780920 9
// Threading:  0 0 9


Mean = 56.579 ms, StdErr = 0.259 ms (0.46%), N = 3, StdDev = 0.448 ms
Min = 56.224 ms, Q1 = 56.328 ms, Median = 56.432 ms, Q3 = 56.757 ms, Max = 57.082 ms
IQR = 0.429 ms, LowerFence = 55.684 ms, UpperFence = 57.401 ms
ConfidenceInterval = [48.410 ms; 64.749 ms] (CI 99.9%), Margin = 8.169 ms (14.44% of Mean)
Skewness = 0.29, Kurtosis = 0.67, MValue = 2

// ** Remained 5 (71.4 %) benchmark(s) to run. Estimated finish 2026-10-09 19:23 (0h 0m from now) **
// ***** BenchmarkRunner: Finish  *****

// * Export *
  BenchmarkDotNet.Artifacts/results/NextORM.Benchmark.InMemoryBenchmarkGroupBy-report.csv
  BenchmarkDotNet.Artifacts/results/NextORM.Benchmark.InMemoryBenchmarkGroupBy-report-github.md
  BenchmarkDotNet.Artifacts/results/NextORM.Benchmark.InMemoryBenchmarkGroupBy-report.html

// * Detailed results *
InMemoryBenchmarkGroupBy.Nextorm_GroupByCount: ShortRun(Toolchain=InProcessEmitToolchain, IterationCount=3, LaunchCount=1, WarmupCount=3)
Runtime = ; GC = 
Mean = 56.579 ms, StdErr = 0.259 ms (0.46%), N = 3, StdDev = 0.448 ms
Min = 56.224 ms, Q1 = 56.328 ms, Median = 56.432 ms, Q3 = 56.757 ms, Max = 57.082 ms
IQR = 0.429 ms, LowerFence = 55.684 ms, UpperFence = 57.401 ms
ConfidenceInterval = [48.410 ms; 64.749 ms] (CI 99.9%), Margin = 8.169 ms (14.44% of Mean)
Skewness = 0.29, Kurtosis = 0.67, MValue = 2
-------------------- Histogram --------------------
[55.816 ms ; 57.490 ms) | @@@
---------------------------------------------------

// * Summary *

BenchmarkDotNet v0.15.8, Linux Ubuntu 22.04.5 LTS (Jammy Jellyfish)
AMD Ryzen 7 5800HS with Radeon Graphics 3.19GHz, 1 CPU, 8 logical and 4 physical cores
.NET SDK 10.0.401
  [Host] : .NET 10.0.12 (10.0.12, 10.0.1226.42308), X64 RyuJIT x86-64-v3

Job=ShortRun  Toolchain=InProcessEmitToolchain  IterationCount=3  
LaunchCount=1  WarmupCount=3  Categories=acceptance,InMemoryNew  

| Method               | Mean     | Error    | StdDev   | Ratio | Gen0      | Gen1      | Allocated | Alloc Ratio |
|--------------------- |---------:|---------:|---------:|------:|----------:|----------:|----------:|------------:|
| Nextorm_GroupByCount | 56.58 ms | 8.169 ms | 0.448 ms |  1.00 | 6222.2222 | 2000.0000 |   50.1 MB |        1.00 |

// * Legends *
  Mean        : Arithmetic mean of all measurements
  Error       : Half of 99.9% confidence interval
  StdDev      : Standard deviation of all measurements
  Ratio       : Mean of the ratio distribution ([Current]/[Baseline])
  Gen0        : GC Generation 0 collects per 1000 operations
  Gen1        : GC Generation 1 collects per 1000 operations
  Allocated   : Allocated memory per single operation (managed only, inclusive, 1KB = 1024B)
  Alloc Ratio : Allocated memory ratio distribution ([Current]/[Baseline])
  1 ms        : 1 Millisecond (0.001 sec)

// * Diagnostic Output - MemoryDiagnoser *


// ***** BenchmarkRunner: End *****
Run time: 00:00:06 (6.86 sec), executed benchmarks: 1

// Found 1 benchmarks:
//   SqliteBenchmarkAny.Nextorm_Cached: ShortRun(Toolchain=InProcessEmitToolchain, IterationCount=3, LaunchCount=1, WarmupCount=3)

// **************************
// Benchmark: SqliteBenchmarkAny.Nextorm_Cached: ShortRun(Toolchain=InProcessEmitToolchain, IterationCount=3, LaunchCount=1, WarmupCount=3)
// *** Execute ***
// Launch: 1 / 1
// ! Failed to set up priority High for process System.Diagnostics.Process (nextorm.benchmark). Make sure you have the right permissions. Message: Permission denied

// Benchmark Process Environment Information:
// BenchmarkDotNet v0.15.8
// Runtime=.NET 10.0.12 (10.0.12, 10.0.1226.42308), X64 RyuJIT x86-64-v3
// GC=Concurrent Workstation
// HardwareIntrinsics=AVX2+BMI1+BMI2+F16C+FMA+LZCNT+MOVBE,AVX,SSE3+SSSE3+SSE4.1+SSE4.2+POPCNT,X86Base+SSE+SSE2,AES+PCLMUL VectorSize=256
// Job: Job-ZYJCSJ(Toolchain=InProcessEmitToolchain, IterationCount=3, LaunchCount=1, WarmupCount=3)

OverheadJitting  1: 1 op, 424365.00 ns, 424.3650 us/op
WorkloadJitting  1: 1 op, 27968587.00 ns, 27.9686 ms/op

OverheadJitting  2: 16 op, 220014.00 ns, 13.7509 us/op
WorkloadJitting  2: 16 op, 85951874.00 ns, 5.3720 ms/op

WorkloadPilot    1: 16 op, 87174417.00 ns, 5.4484 ms/op
WorkloadPilot    2: 32 op, 174933538.00 ns, 5.4667 ms/op
WorkloadPilot    3: 64 op, 305237292.00 ns, 4.7693 ms/op
WorkloadPilot    4: 128 op, 434106827.00 ns, 3.3915 ms/op
WorkloadPilot    5: 256 op, 480806676.00 ns, 1.8782 ms/op
WorkloadPilot    6: 512 op, 959779729.00 ns, 1.8746 ms/op

OverheadWarmup   1: 512 op, 2591.00 ns, 5.0605 ns/op
OverheadWarmup   2: 512 op, 1085.00 ns, 2.1191 ns/op
OverheadWarmup   3: 512 op, 988.00 ns, 1.9297 ns/op
OverheadWarmup   4: 512 op, 1301.00 ns, 2.5410 ns/op
OverheadWarmup   5: 512 op, 1359.00 ns, 2.6543 ns/op
OverheadWarmup   6: 512 op, 1095.00 ns, 2.1387 ns/op
OverheadWarmup   7: 512 op, 1418.00 ns, 2.7695 ns/op
OverheadWarmup   8: 512 op, 1036.00 ns, 2.0234 ns/op

OverheadActual   1: 512 op, 1819.00 ns, 3.5527 ns/op
OverheadActual   2: 512 op, 1594.00 ns, 3.1133 ns/op
OverheadActual   3: 512 op, 1242.00 ns, 2.4258 ns/op
OverheadActual   4: 512 op, 1056.00 ns, 2.0625 ns/op
OverheadActual   5: 512 op, 1447.00 ns, 2.8262 ns/op
OverheadActual   6: 512 op, 1496.00 ns, 2.9219 ns/op
OverheadActual   7: 512 op, 1291.00 ns, 2.5215 ns/op
OverheadActual   8: 512 op, 1144.00 ns, 2.2344 ns/op
OverheadActual   9: 512 op, 1066.00 ns, 2.0820 ns/op
OverheadActual  10: 512 op, 1017.00 ns, 1.9863 ns/op
OverheadActual  11: 512 op, 1203.00 ns, 2.3496 ns/op
OverheadActual  12: 512 op, 1457.00 ns, 2.8457 ns/op
OverheadActual  13: 512 op, 1222.00 ns, 2.3867 ns/op
OverheadActual  14: 512 op, 1026.00 ns, 2.0039 ns/op
OverheadActual  15: 512 op, 1144.00 ns, 2.2344 ns/op
OverheadActual  16: 512 op, 1056.00 ns, 2.0625 ns/op
OverheadActual  17: 512 op, 1017.00 ns, 1.9863 ns/op
OverheadActual  18: 512 op, 1056.00 ns, 2.0625 ns/op
OverheadActual  19: 512 op, 1037.00 ns, 2.0254 ns/op
OverheadActual  20: 512 op, 1056.00 ns, 2.0625 ns/op

WorkloadWarmup   1: 512 op, 974834653.00 ns, 1.9040 ms/op
WorkloadWarmup   2: 512 op, 979845686.00 ns, 1.9138 ms/op
WorkloadWarmup   3: 512 op, 1006865042.00 ns, 1.9665 ms/op

WorkloadActual   1: 512 op, 1036579710.00 ns, 2.0246 ms/op
WorkloadActual   2: 512 op, 994733354.00 ns, 1.9428 ms/op
WorkloadActual   3: 512 op, 968088091.00 ns, 1.8908 ms/op

WorkloadResult   1: 512 op, 1036578566.00 ns, 2.0246 ms/op
WorkloadResult   2: 512 op, 994732210.00 ns, 1.9428 ms/op
WorkloadResult   3: 512 op, 968086947.00 ns, 1.8908 ms/op
// GC:  38 0 0 319921768 512
// Threading:  0 0 512


Mean = 1.953 ms, StdErr = 0.039 ms (1.99%), N = 3, StdDev = 0.067 ms
Min = 1.891 ms, Q1 = 1.917 ms, Median = 1.943 ms, Q3 = 1.984 ms, Max = 2.025 ms
IQR = 0.067 ms, LowerFence = 1.816 ms, UpperFence = 2.084 ms
ConfidenceInterval = [0.722 ms; 3.183 ms] (CI 99.9%), Margin = 1.230 ms (63.00% of Mean)
Skewness = 0.14, Kurtosis = 0.67, MValue = 2

// ** Remained 4 (57.1 %) benchmark(s) to run. Estimated finish 2026-10-09 19:23 (0h 0m from now) **
// ***** BenchmarkRunner: Finish  *****

// * Export *
  BenchmarkDotNet.Artifacts/results/NextORM.Benchmark.SqliteBenchmarkAny-report.csv
  BenchmarkDotNet.Artifacts/results/NextORM.Benchmark.SqliteBenchmarkAny-report-github.md
  BenchmarkDotNet.Artifacts/results/NextORM.Benchmark.SqliteBenchmarkAny-report.html

// * Detailed results *
SqliteBenchmarkAny.Nextorm_Cached: ShortRun(Toolchain=InProcessEmitToolchain, IterationCount=3, LaunchCount=1, WarmupCount=3)
Runtime = ; GC = 
Mean = 1.953 ms, StdErr = 0.039 ms (1.99%), N = 3, StdDev = 0.067 ms
Min = 1.891 ms, Q1 = 1.917 ms, Median = 1.943 ms, Q3 = 1.984 ms, Max = 2.025 ms
IQR = 0.067 ms, LowerFence = 1.816 ms, UpperFence = 2.084 ms
ConfidenceInterval = [0.722 ms; 3.183 ms] (CI 99.9%), Margin = 1.230 ms (63.00% of Mean)
Skewness = 0.14, Kurtosis = 0.67, MValue = 2
-------------------- Histogram --------------------
[1.855 ms ; 1.978 ms) | @@
[1.978 ms ; 2.086 ms) | @
---------------------------------------------------

// * Summary *

BenchmarkDotNet v0.15.8, Linux Ubuntu 22.04.5 LTS (Jammy Jellyfish)
AMD Ryzen 7 5800HS with Radeon Graphics 3.19GHz, 1 CPU, 8 logical and 4 physical cores
.NET SDK 10.0.401
  [Host] : .NET 10.0.12 (10.0.12, 10.0.1226.42308), X64 RyuJIT x86-64-v3

Job=ShortRun  Toolchain=InProcessEmitToolchain  IterationCount=3  
LaunchCount=1  WarmupCount=3  Categories=acceptance  

| Method         | Mean     | Error    | StdDev    | Gen0    | Allocated |
|--------------- |---------:|---------:|----------:|--------:|----------:|
| Nextorm_Cached | 1.953 ms | 1.230 ms | 0.0674 ms | 74.2188 |  610.2 KB |

// * Legends *
  Mean      : Arithmetic mean of all measurements
  Error     : Half of 99.9% confidence interval
  StdDev    : Standard deviation of all measurements
  Gen0      : GC Generation 0 collects per 1000 operations
  Allocated : Allocated memory per single operation (managed only, inclusive, 1KB = 1024B)
  1 ms      : 1 Millisecond (0.001 sec)

// * Diagnostic Output - MemoryDiagnoser *


// ***** BenchmarkRunner: End *****
Run time: 00:00:09 (9.97 sec), executed benchmarks: 1

// Found 3 benchmarks:
//   SqliteBenchmarkCachedPlan.Prepared_ToList: ShortRun(Toolchain=InProcessEmitToolchain, IterationCount=3, LaunchCount=1, WarmupCount=3)
//   SqliteBenchmarkCachedPlan.Cached_ToList: ShortRun(Toolchain=InProcessEmitToolchain, IterationCount=3, LaunchCount=1, WarmupCount=3)
//   SqliteBenchmarkCachedPlan.Cached_PlanOnly_Param: ShortRun(Toolchain=InProcessEmitToolchain, IterationCount=3, LaunchCount=1, WarmupCount=3)

// **************************
// Benchmark: SqliteBenchmarkCachedPlan.Prepared_ToList: ShortRun(Toolchain=InProcessEmitToolchain, IterationCount=3, LaunchCount=1, WarmupCount=3)
// *** Execute ***
// Launch: 1 / 1
// ! Failed to set up priority High for process System.Diagnostics.Process (nextorm.benchmark). Make sure you have the right permissions. Message: Permission denied

// Benchmark Process Environment Information:
// BenchmarkDotNet v0.15.8
// Runtime=.NET 10.0.12 (10.0.12, 10.0.1226.42308), X64 RyuJIT x86-64-v3
// GC=Concurrent Workstation
// HardwareIntrinsics=AVX2+BMI1+BMI2+F16C+FMA+LZCNT+MOVBE,AVX,SSE3+SSSE3+SSE4.1+SSE4.2+POPCNT,X86Base+SSE+SSE2,AES+PCLMUL VectorSize=256
// Job: Job-ZYJCSJ(Toolchain=InProcessEmitToolchain, IterationCount=3, LaunchCount=1, WarmupCount=3)

OverheadJitting  1: 1 op, 313049.00 ns, 313.0490 us/op
WorkloadJitting  1: 1 op, 1705547.00 ns, 1.7055 ms/op

OverheadJitting  2: 16 op, 372859.00 ns, 23.3037 us/op
WorkloadJitting  2: 16 op, 15249167.00 ns, 953.0729 us/op

WorkloadPilot    1: 16 op, 14815813.00 ns, 925.9883 us/op
WorkloadPilot    2: 32 op, 29252365.00 ns, 914.1364 us/op
WorkloadPilot    3: 64 op, 59133933.00 ns, 923.9677 us/op
WorkloadPilot    4: 128 op, 122726240.00 ns, 958.7988 us/op
WorkloadPilot    5: 256 op, 226500519.00 ns, 884.7677 us/op
WorkloadPilot    6: 512 op, 452873549.00 ns, 884.5187 us/op
WorkloadPilot    7: 1024 op, 906269119.00 ns, 885.0284 us/op

OverheadWarmup   1: 1024 op, 5113.00 ns, 4.9932 ns/op
OverheadWarmup   2: 1024 op, 2824.00 ns, 2.7578 ns/op
OverheadWarmup   3: 1024 op, 2119.00 ns, 2.0693 ns/op
OverheadWarmup   4: 1024 op, 1820.00 ns, 1.7773 ns/op
OverheadWarmup   5: 1024 op, 1859.00 ns, 1.8154 ns/op
OverheadWarmup   6: 1024 op, 1710.00 ns, 1.6699 ns/op
OverheadWarmup   7: 1024 op, 1721.00 ns, 1.6807 ns/op
OverheadWarmup   8: 1024 op, 3262.00 ns, 3.1855 ns/op
OverheadWarmup   9: 1024 op, 2656.00 ns, 2.5938 ns/op

OverheadActual   1: 1024 op, 2028.00 ns, 1.9805 ns/op
OverheadActual   2: 1024 op, 1780.00 ns, 1.7383 ns/op
OverheadActual   3: 1024 op, 1721.00 ns, 1.6807 ns/op
OverheadActual   4: 1024 op, 2327.00 ns, 2.2725 ns/op
OverheadActual   5: 1024 op, 2338.00 ns, 2.2832 ns/op
OverheadActual   6: 1024 op, 2019.00 ns, 1.9717 ns/op
OverheadActual   7: 1024 op, 2557.00 ns, 2.4971 ns/op
OverheadActual   8: 1024 op, 2287.00 ns, 2.2334 ns/op
OverheadActual   9: 1024 op, 2884.00 ns, 2.8164 ns/op
OverheadActual  10: 1024 op, 2159.00 ns, 2.1084 ns/op
OverheadActual  11: 1024 op, 2248.00 ns, 2.1953 ns/op
OverheadActual  12: 1024 op, 1929.00 ns, 1.8838 ns/op
OverheadActual  13: 1024 op, 1741.00 ns, 1.7002 ns/op
OverheadActual  14: 1024 op, 1721.00 ns, 1.6807 ns/op
OverheadActual  15: 1024 op, 2267.00 ns, 2.2139 ns/op
OverheadActual  16: 1024 op, 2039.00 ns, 1.9912 ns/op
OverheadActual  17: 1024 op, 1930.00 ns, 1.8848 ns/op
OverheadActual  18: 1024 op, 1840.00 ns, 1.7969 ns/op
OverheadActual  19: 1024 op, 1840.00 ns, 1.7969 ns/op
OverheadActual  20: 1024 op, 2506.00 ns, 2.4473 ns/op

WorkloadWarmup   1: 1024 op, 925922691.00 ns, 904.2214 us/op
WorkloadWarmup   2: 1024 op, 954062127.00 ns, 931.7013 us/op
WorkloadWarmup   3: 1024 op, 948252800.00 ns, 926.0281 us/op

WorkloadActual   1: 1024 op, 963791779.00 ns, 941.2029 us/op
WorkloadActual   2: 1024 op, 915912941.00 ns, 894.4462 us/op
WorkloadActual   3: 1024 op, 902755301.00 ns, 881.5970 us/op

WorkloadResult   1: 1024 op, 963789745.50 ns, 941.2009 us/op
WorkloadResult   2: 1024 op, 915910907.50 ns, 894.4442 us/op
WorkloadResult   3: 1024 op, 902753267.50 ns, 881.5950 us/op
// GC:  9 0 0 79836368 1024
// Threading:  0 0 1024


Mean = 905.747 us, StdErr = 18.111 us (2.00%), N = 3, StdDev = 31.369 us
Min = 881.595 us, Q1 = 888.020 us, Median = 894.444 us, Q3 = 917.823 us, Max = 941.201 us
IQR = 29.803 us, LowerFence = 843.315 us, UpperFence = 962.527 us
ConfidenceInterval = [333.456 us; 1,478.038 us] (CI 99.9%), Margin = 572.291 us (63.18% of Mean)
Skewness = 0.31, Kurtosis = 0.67, MValue = 2

// ** Remained 3 (42.9 %) benchmark(s) to run. Estimated finish 2026-10-09 19:23 (0h 0m from now) **
// **************************
// Benchmark: SqliteBenchmarkCachedPlan.Cached_ToList: ShortRun(Toolchain=InProcessEmitToolchain, IterationCount=3, LaunchCount=1, WarmupCount=3)
// *** Execute ***
// Launch: 1 / 1
// ! Failed to set up priority High for process System.Diagnostics.Process (nextorm.benchmark). Make sure you have the right permissions. Message: Permission denied

// Benchmark Process Environment Information:
// BenchmarkDotNet v0.15.8
// Runtime=.NET 10.0.12 (10.0.12, 10.0.1226.42308), X64 RyuJIT x86-64-v3
// GC=Concurrent Workstation
// HardwareIntrinsics=AVX2+BMI1+BMI2+F16C+FMA+LZCNT+MOVBE,AVX,SSE3+SSSE3+SSE4.1+SSE4.2+POPCNT,X86Base+SSE+SSE2,AES+PCLMUL VectorSize=256
// Job: Job-ZYJCSJ(Toolchain=InProcessEmitToolchain, IterationCount=3, LaunchCount=1, WarmupCount=3)

OverheadJitting  1: 1 op, 423078.00 ns, 423.0780 us/op
WorkloadJitting  1: 1 op, 2900799.00 ns, 2.9008 ms/op

OverheadJitting  2: 16 op, 470659.00 ns, 29.4162 us/op
WorkloadJitting  2: 16 op, 33007351.00 ns, 2.0630 ms/op

WorkloadPilot    1: 16 op, 36875339.00 ns, 2.3047 ms/op
WorkloadPilot    2: 32 op, 64630115.00 ns, 2.0197 ms/op
WorkloadPilot    3: 64 op, 122658965.00 ns, 1.9165 ms/op
WorkloadPilot    4: 128 op, 227117509.00 ns, 1.7744 ms/op
WorkloadPilot    5: 256 op, 452007577.00 ns, 1.7657 ms/op
WorkloadPilot    6: 512 op, 894983991.00 ns, 1.7480 ms/op

OverheadWarmup   1: 512 op, 5108.00 ns, 9.9766 ns/op
OverheadWarmup   2: 512 op, 1219.00 ns, 2.3809 ns/op
OverheadWarmup   3: 512 op, 1219.00 ns, 2.3809 ns/op
OverheadWarmup   4: 512 op, 1030.00 ns, 2.0117 ns/op
OverheadWarmup   5: 512 op, 1049.00 ns, 2.0488 ns/op
OverheadWarmup   6: 512 op, 1389.00 ns, 2.7129 ns/op
OverheadWarmup   7: 512 op, 1199.00 ns, 2.3418 ns/op

OverheadActual   1: 512 op, 1199.00 ns, 2.3418 ns/op
OverheadActual   2: 512 op, 1560.00 ns, 3.0469 ns/op
OverheadActual   3: 512 op, 1030.00 ns, 2.0117 ns/op
OverheadActual   4: 512 op, 1139.00 ns, 2.2246 ns/op
OverheadActual   5: 512 op, 1600.00 ns, 3.1250 ns/op
OverheadActual   6: 512 op, 1599.00 ns, 3.1230 ns/op
OverheadActual   7: 512 op, 1509.00 ns, 2.9473 ns/op
OverheadActual   8: 512 op, 1140.00 ns, 2.2266 ns/op
OverheadActual   9: 512 op, 1169.00 ns, 2.2832 ns/op
OverheadActual  10: 512 op, 1100.00 ns, 2.1484 ns/op
OverheadActual  11: 512 op, 1050.00 ns, 2.0508 ns/op
OverheadActual  12: 512 op, 1160.00 ns, 2.2656 ns/op
OverheadActual  13: 512 op, 1119.00 ns, 2.1855 ns/op
OverheadActual  14: 512 op, 1089.00 ns, 2.1270 ns/op
OverheadActual  15: 512 op, 1150.00 ns, 2.2461 ns/op
OverheadActual  16: 512 op, 1679.00 ns, 3.2793 ns/op
OverheadActual  17: 512 op, 1440.00 ns, 2.8125 ns/op
OverheadActual  18: 512 op, 1259.00 ns, 2.4590 ns/op
OverheadActual  19: 512 op, 1220.00 ns, 2.3828 ns/op
OverheadActual  20: 512 op, 1249.00 ns, 2.4395 ns/op

WorkloadWarmup   1: 512 op, 992397339.00 ns, 1.9383 ms/op
WorkloadWarmup   2: 512 op, 960573831.00 ns, 1.8761 ms/op
WorkloadWarmup   3: 512 op, 943295260.00 ns, 1.8424 ms/op

WorkloadActual   1: 512 op, 929946441.00 ns, 1.8163 ms/op
WorkloadActual   2: 512 op, 918837636.00 ns, 1.7946 ms/op
WorkloadActual   3: 512 op, 903846754.00 ns, 1.7653 ms/op

WorkloadResult   1: 512 op, 929945257.00 ns, 1.8163 ms/op
WorkloadResult   2: 512 op, 918836452.00 ns, 1.7946 ms/op
WorkloadResult   3: 512 op, 903845570.00 ns, 1.7653 ms/op
// GC:  36 0 0 306167064 512
// Threading:  0 0 512


Mean = 1.792 ms, StdErr = 0.015 ms (0.82%), N = 3, StdDev = 0.026 ms
Min = 1.765 ms, Q1 = 1.780 ms, Median = 1.795 ms, Q3 = 1.805 ms, Max = 1.816 ms
IQR = 0.025 ms, LowerFence = 1.742 ms, UpperFence = 1.844 ms
ConfidenceInterval = [1.325 ms; 2.259 ms] (CI 99.9%), Margin = 0.467 ms (26.04% of Mean)
Skewness = -0.1, Kurtosis = 0.67, MValue = 2

// ** Remained 2 (28.6 %) benchmark(s) to run. Estimated finish 2026-10-09 19:23 (0h 0m from now) **
// **************************
// Benchmark: SqliteBenchmarkCachedPlan.Cached_PlanOnly_Param: ShortRun(Toolchain=InProcessEmitToolchain, IterationCount=3, LaunchCount=1, WarmupCount=3)
// *** Execute ***
// Launch: 1 / 1
// ! Failed to set up priority High for process System.Diagnostics.Process (nextorm.benchmark). Make sure you have the right permissions. Message: Permission denied

// Benchmark Process Environment Information:
// BenchmarkDotNet v0.15.8
// Runtime=.NET 10.0.12 (10.0.12, 10.0.1226.42308), X64 RyuJIT x86-64-v3
// GC=Concurrent Workstation
// HardwareIntrinsics=AVX2+BMI1+BMI2+F16C+FMA+LZCNT+MOVBE,AVX,SSE3+SSSE3+SSE4.1+SSE4.2+POPCNT,X86Base+SSE+SSE2,AES+PCLMUL VectorSize=256
// Job: Job-ZYJCSJ(Toolchain=InProcessEmitToolchain, IterationCount=3, LaunchCount=1, WarmupCount=3)

OverheadJitting  1: 1 op, 419696.00 ns, 419.6960 us/op
WorkloadJitting  1: 1 op, 1265432.00 ns, 1.2654 ms/op

OverheadJitting  2: 16 op, 507260.00 ns, 31.7038 us/op
WorkloadJitting  2: 16 op, 9838773.00 ns, 614.9233 us/op

WorkloadPilot    1: 16 op, 12036885.00 ns, 752.3053 us/op
WorkloadPilot    2: 32 op, 19275745.00 ns, 602.3670 us/op
WorkloadPilot    3: 64 op, 39146158.00 ns, 611.6587 us/op
WorkloadPilot    4: 128 op, 75145693.00 ns, 587.0757 us/op
WorkloadPilot    5: 256 op, 155250721.00 ns, 606.4481 us/op
WorkloadPilot    6: 512 op, 288405463.00 ns, 563.2919 us/op
WorkloadPilot    7: 1024 op, 569530465.00 ns, 556.1821 us/op

OverheadWarmup   1: 1024 op, 6377.00 ns, 6.2275 ns/op
OverheadWarmup   2: 1024 op, 3144.00 ns, 3.0703 ns/op
OverheadWarmup   3: 1024 op, 3724.00 ns, 3.6367 ns/op
OverheadWarmup   4: 1024 op, 3754.00 ns, 3.6660 ns/op
OverheadWarmup   5: 1024 op, 3513.00 ns, 3.4307 ns/op
OverheadWarmup   6: 1024 op, 3394.00 ns, 3.3145 ns/op
OverheadWarmup   7: 1024 op, 3164.00 ns, 3.0898 ns/op
OverheadWarmup   8: 1024 op, 3164.00 ns, 3.0898 ns/op
OverheadWarmup   9: 1024 op, 3154.00 ns, 3.0801 ns/op

OverheadActual   1: 1024 op, 3173.00 ns, 3.0986 ns/op
OverheadActual   2: 1024 op, 3294.00 ns, 3.2168 ns/op
OverheadActual   3: 1024 op, 3244.00 ns, 3.1680 ns/op
OverheadActual   4: 1024 op, 3173.00 ns, 3.0986 ns/op
OverheadActual   5: 1024 op, 3143.00 ns, 3.0693 ns/op
OverheadActual   6: 1024 op, 12243.00 ns, 11.9561 ns/op
OverheadActual   7: 1024 op, 3163.00 ns, 3.0889 ns/op
OverheadActual   8: 1024 op, 3384.00 ns, 3.3047 ns/op
OverheadActual   9: 1024 op, 3163.00 ns, 3.0889 ns/op
OverheadActual  10: 1024 op, 3153.00 ns, 3.0791 ns/op
OverheadActual  11: 1024 op, 3134.00 ns, 3.0605 ns/op
OverheadActual  12: 1024 op, 3824.00 ns, 3.7344 ns/op
OverheadActual  13: 1024 op, 3504.00 ns, 3.4219 ns/op
OverheadActual  14: 1024 op, 3734.00 ns, 3.6465 ns/op
OverheadActual  15: 1024 op, 3444.00 ns, 3.3633 ns/op
OverheadActual  16: 1024 op, 3534.00 ns, 3.4512 ns/op
OverheadActual  17: 1024 op, 3483.00 ns, 3.4014 ns/op
OverheadActual  18: 1024 op, 3163.00 ns, 3.0889 ns/op
OverheadActual  19: 1024 op, 3164.00 ns, 3.0898 ns/op
OverheadActual  20: 1024 op, 3184.00 ns, 3.1094 ns/op

WorkloadWarmup   1: 1024 op, 582851249.00 ns, 569.1907 us/op
WorkloadWarmup   2: 1024 op, 583464174.00 ns, 569.7892 us/op
WorkloadWarmup   3: 1024 op, 591751393.00 ns, 577.8822 us/op

WorkloadActual   1: 1024 op, 558043232.00 ns, 544.9641 us/op
WorkloadActual   2: 1024 op, 544324699.00 ns, 531.5671 us/op
WorkloadActual   3: 1024 op, 548460069.00 ns, 535.6055 us/op

WorkloadResult   1: 1024 op, 558040018.00 ns, 544.9610 us/op
WorkloadResult   2: 1024 op, 544321485.00 ns, 531.5640 us/op
WorkloadResult   3: 1024 op, 548456855.00 ns, 535.6024 us/op
// GC:  63 0 0 532496080 1024
// Threading:  0 0 1024


Mean = 537.376 us, StdErr = 3.968 us (0.74%), N = 3, StdDev = 6.872 us
Min = 531.564 us, Q1 = 533.583 us, Median = 535.602 us, Q3 = 540.282 us, Max = 544.961 us
IQR = 6.699 us, LowerFence = 523.535 us, UpperFence = 550.329 us
ConfidenceInterval = [411.999 us; 662.752 us] (CI 99.9%), Margin = 125.376 us (23.33% of Mean)
Skewness = 0.24, Kurtosis = 0.67, MValue = 2

// ** Remained 1 (14.3 %) benchmark(s) to run. Estimated finish 2026-10-09 19:23 (0h 0m from now) **
// ***** BenchmarkRunner: Finish  *****

// * Export *
  BenchmarkDotNet.Artifacts/results/NextORM.Benchmark.SqliteBenchmarkCachedPlan-report.csv
  BenchmarkDotNet.Artifacts/results/NextORM.Benchmark.SqliteBenchmarkCachedPlan-report-github.md
  BenchmarkDotNet.Artifacts/results/NextORM.Benchmark.SqliteBenchmarkCachedPlan-report.html

// * Detailed results *
SqliteBenchmarkCachedPlan.Cached_PlanOnly_Param: ShortRun(Toolchain=InProcessEmitToolchain, IterationCount=3, LaunchCount=1, WarmupCount=3)
Runtime = ; GC = 
Mean = 537.376 us, StdErr = 3.968 us (0.74%), N = 3, StdDev = 6.872 us
Min = 531.564 us, Q1 = 533.583 us, Median = 535.602 us, Q3 = 540.282 us, Max = 544.961 us
IQR = 6.699 us, LowerFence = 523.535 us, UpperFence = 550.329 us
ConfidenceInterval = [411.999 us; 662.752 us] (CI 99.9%), Margin = 125.376 us (23.33% of Mean)
Skewness = 0.24, Kurtosis = 0.67, MValue = 2
-------------------- Histogram --------------------
[527.329 us ; 539.837 us) | @@
[539.837 us ; 551.215 us) | @
---------------------------------------------------

SqliteBenchmarkCachedPlan.Prepared_ToList: ShortRun(Toolchain=InProcessEmitToolchain, IterationCount=3, LaunchCount=1, WarmupCount=3)
Runtime = ; GC = 
Mean = 905.747 us, StdErr = 18.111 us (2.00%), N = 3, StdDev = 31.369 us
Min = 881.595 us, Q1 = 888.020 us, Median = 894.444 us, Q3 = 917.823 us, Max = 941.201 us
IQR = 29.803 us, LowerFence = 843.315 us, UpperFence = 962.527 us
ConfidenceInterval = [333.456 us; 1,478.038 us] (CI 99.9%), Margin = 572.291 us (63.18% of Mean)
Skewness = 0.31, Kurtosis = 0.67, MValue = 2
-------------------- Histogram --------------------
[859.472 us ; 916.567 us) | @@
[916.567 us ; 969.748 us) | @
---------------------------------------------------

SqliteBenchmarkCachedPlan.Cached_ToList: ShortRun(Toolchain=InProcessEmitToolchain, IterationCount=3, LaunchCount=1, WarmupCount=3)
Runtime = ; GC = 
Mean = 1.792 ms, StdErr = 0.015 ms (0.82%), N = 3, StdDev = 0.026 ms
Min = 1.765 ms, Q1 = 1.780 ms, Median = 1.795 ms, Q3 = 1.805 ms, Max = 1.816 ms
IQR = 0.025 ms, LowerFence = 1.742 ms, UpperFence = 1.844 ms
ConfidenceInterval = [1.325 ms; 2.259 ms] (CI 99.9%), Margin = 0.467 ms (26.04% of Mean)
Skewness = -0.1, Kurtosis = 0.67, MValue = 2
-------------------- Histogram --------------------
[1.742 ms ; 1.782 ms) | @
[1.782 ms ; 1.829 ms) | @@
---------------------------------------------------

// * Summary *

BenchmarkDotNet v0.15.8, Linux Ubuntu 22.04.5 LTS (Jammy Jellyfish)
AMD Ryzen 7 5800HS with Radeon Graphics 3.19GHz, 1 CPU, 8 logical and 4 physical cores
.NET SDK 10.0.401
  [Host] : .NET 10.0.12 (10.0.12, 10.0.1226.42308), X64 RyuJIT x86-64-v3

Job=ShortRun  Runtime=.NET 10.0  Toolchain=InProcessEmitToolchain  
IterationCount=3  LaunchCount=1  WarmupCount=3  
Categories=acceptance  

| Method                | Mean       | Error    | StdDev   | Ratio | Gen0    | Allocated | Alloc Ratio |
|---------------------- |-----------:|---------:|---------:|------:|--------:|----------:|------------:|
| Cached_PlanOnly_Param |   537.4 us | 125.4 us |  6.87 us |  0.59 | 61.5234 | 507.83 KB |        6.67 |
| Prepared_ToList       |   905.7 us | 572.3 us | 31.37 us |  1.00 |  8.7891 |  76.14 KB |        1.00 |
| Cached_ToList         | 1,792.1 us | 466.7 us | 25.58 us |  1.98 | 70.3125 | 583.97 KB |        7.67 |

// * Hints *
HideColumnsAnalyser
  Summary -> Hidden columns: RatioSD

// * Legends *
  Mean        : Arithmetic mean of all measurements
  Error       : Half of 99.9% confidence interval
  StdDev      : Standard deviation of all measurements
  Ratio       : Mean of the ratio distribution ([Current]/[Baseline])
  Gen0        : GC Generation 0 collects per 1000 operations
  Allocated   : Allocated memory per single operation (managed only, inclusive, 1KB = 1024B)
  Alloc Ratio : Allocated memory ratio distribution ([Current]/[Baseline])
  1 us        : 1 Microsecond (0.000001 sec)

// * Diagnostic Output - MemoryDiagnoser *


// ***** BenchmarkRunner: End *****
Run time: 00:00:22 (22.37 sec), executed benchmarks: 3

// Found 1 benchmarks:
//   SqliteBenchmarkWhere.Nextorm_Cached_ToListAsync: ShortRun(Toolchain=InProcessEmitToolchain, IterationCount=3, LaunchCount=1, WarmupCount=3)

// **************************
// Benchmark: SqliteBenchmarkWhere.Nextorm_Cached_ToListAsync: ShortRun(Toolchain=InProcessEmitToolchain, IterationCount=3, LaunchCount=1, WarmupCount=3)
// *** Execute ***
// Launch: 1 / 1
// ! Failed to set up priority High for process System.Diagnostics.Process (nextorm.benchmark). Make sure you have the right permissions. Message: Permission denied

// Benchmark Process Environment Information:
// BenchmarkDotNet v0.15.8
// Runtime=.NET 10.0.12 (10.0.12, 10.0.1226.42308), X64 RyuJIT x86-64-v3
// GC=Concurrent Workstation
// HardwareIntrinsics=AVX2+BMI1+BMI2+F16C+FMA+LZCNT+MOVBE,AVX,SSE3+SSSE3+SSE4.1+SSE4.2+POPCNT,X86Base+SSE+SSE2,AES+PCLMUL VectorSize=256
// Job: Job-ZYJCSJ(Toolchain=InProcessEmitToolchain, IterationCount=3, LaunchCount=1, WarmupCount=3)

OverheadJitting  1: 1 op, 214890.00 ns, 214.8900 us/op
WorkloadJitting  1: 1 op, 12719164.00 ns, 12.7192 ms/op

OverheadJitting  2: 16 op, 202040.00 ns, 12.6275 us/op
WorkloadJitting  2: 16 op, 56752390.00 ns, 3.5470 ms/op

WorkloadPilot    1: 16 op, 44498855.00 ns, 2.7812 ms/op
WorkloadPilot    2: 32 op, 76603209.00 ns, 2.3939 ms/op
WorkloadPilot    3: 64 op, 143185570.00 ns, 2.2373 ms/op
WorkloadPilot    4: 128 op, 236536504.00 ns, 1.8479 ms/op
WorkloadPilot    5: 256 op, 470611073.00 ns, 1.8383 ms/op
WorkloadPilot    6: 512 op, 939017306.00 ns, 1.8340 ms/op

OverheadWarmup   1: 512 op, 4456.00 ns, 8.7031 ns/op
OverheadWarmup   2: 512 op, 1175.00 ns, 2.2949 ns/op
OverheadWarmup   3: 512 op, 1312.00 ns, 2.5625 ns/op
OverheadWarmup   4: 512 op, 1097.00 ns, 2.1426 ns/op
OverheadWarmup   5: 512 op, 1048.00 ns, 2.0469 ns/op
OverheadWarmup   6: 512 op, 1058.00 ns, 2.0664 ns/op
OverheadWarmup   7: 512 op, 1302.00 ns, 2.5430 ns/op
OverheadWarmup   8: 512 op, 1214.00 ns, 2.3711 ns/op

OverheadActual   1: 512 op, 1136.00 ns, 2.2188 ns/op
OverheadActual   2: 512 op, 1097.00 ns, 2.1426 ns/op
OverheadActual   3: 512 op, 1018.00 ns, 1.9883 ns/op
OverheadActual   4: 512 op, 1048.00 ns, 2.0469 ns/op
OverheadActual   5: 512 op, 15032.00 ns, 29.3594 ns/op
OverheadActual   6: 512 op, 1058.00 ns, 2.0664 ns/op
OverheadActual   7: 512 op, 1430.00 ns, 2.7930 ns/op
OverheadActual   8: 512 op, 1057.00 ns, 2.0645 ns/op
OverheadActual   9: 512 op, 1018.00 ns, 1.9883 ns/op
OverheadActual  10: 512 op, 1067.00 ns, 2.0840 ns/op
OverheadActual  11: 512 op, 1195.00 ns, 2.3340 ns/op
OverheadActual  12: 512 op, 1527.00 ns, 2.9824 ns/op
OverheadActual  13: 512 op, 1107.00 ns, 2.1621 ns/op
OverheadActual  14: 512 op, 1097.00 ns, 2.1426 ns/op
OverheadActual  15: 512 op, 1195.00 ns, 2.3340 ns/op
OverheadActual  16: 512 op, 1184.00 ns, 2.3125 ns/op
OverheadActual  17: 512 op, 1420.00 ns, 2.7734 ns/op
OverheadActual  18: 512 op, 1292.00 ns, 2.5234 ns/op
OverheadActual  19: 512 op, 1058.00 ns, 2.0664 ns/op
OverheadActual  20: 512 op, 1058.00 ns, 2.0664 ns/op

WorkloadWarmup   1: 512 op, 959498698.00 ns, 1.8740 ms/op
WorkloadWarmup   2: 512 op, 951492727.00 ns, 1.8584 ms/op
WorkloadWarmup   3: 512 op, 984095690.00 ns, 1.9221 ms/op

WorkloadActual   1: 512 op, 991971610.00 ns, 1.9374 ms/op
WorkloadActual   2: 512 op, 974345000.00 ns, 1.9030 ms/op
WorkloadActual   3: 512 op, 957115748.00 ns, 1.8694 ms/op

WorkloadResult   1: 512 op, 991970508.00 ns, 1.9374 ms/op
WorkloadResult   2: 512 op, 974343898.00 ns, 1.9030 ms/op
WorkloadResult   3: 512 op, 957114646.00 ns, 1.8694 ms/op
// GC:  38 0 0 319008360 512
// Threading:  0 0 512


Mean = 1.903 ms, StdErr = 0.020 ms (1.03%), N = 3, StdDev = 0.034 ms
Min = 1.869 ms, Q1 = 1.886 ms, Median = 1.903 ms, Q3 = 1.920 ms, Max = 1.937 ms
IQR = 0.034 ms, LowerFence = 1.835 ms, UpperFence = 1.971 ms
ConfidenceInterval = [1.282 ms; 2.524 ms] (CI 99.9%), Margin = 0.621 ms (32.63% of Mean)
Skewness = 0.01, Kurtosis = 0.67, MValue = 2

// ** Remained 0 (0.0 %) benchmark(s) to run. Estimated finish 2026-10-09 19:23 (0h 0m from now) **
// ***** BenchmarkRunner: Finish  *****

// * Export *
  BenchmarkDotNet.Artifacts/results/NextORM.Benchmark.SqliteBenchmarkWhere-report.csv
  BenchmarkDotNet.Artifacts/results/NextORM.Benchmark.SqliteBenchmarkWhere-report-github.md
  BenchmarkDotNet.Artifacts/results/NextORM.Benchmark.SqliteBenchmarkWhere-report.html

// * Detailed results *
SqliteBenchmarkWhere.Nextorm_Cached_ToListAsync: ShortRun(Toolchain=InProcessEmitToolchain, IterationCount=3, LaunchCount=1, WarmupCount=3)
Runtime = ; GC = 
Mean = 1.903 ms, StdErr = 0.020 ms (1.03%), N = 3, StdDev = 0.034 ms
Min = 1.869 ms, Q1 = 1.886 ms, Median = 1.903 ms, Q3 = 1.920 ms, Max = 1.937 ms
IQR = 0.034 ms, LowerFence = 1.835 ms, UpperFence = 1.971 ms
ConfidenceInterval = [1.282 ms; 2.524 ms] (CI 99.9%), Margin = 0.621 ms (32.63% of Mean)
Skewness = 0.01, Kurtosis = 0.67, MValue = 2
-------------------- Histogram --------------------
[1.855 ms ; 1.917 ms) | @@
[1.917 ms ; 1.968 ms) | @
---------------------------------------------------

// * Summary *

BenchmarkDotNet v0.15.8, Linux Ubuntu 22.04.5 LTS (Jammy Jellyfish)
AMD Ryzen 7 5800HS with Radeon Graphics 3.19GHz, 1 CPU, 8 logical and 4 physical cores
.NET SDK 10.0.401
  [Host] : .NET 10.0.12 (10.0.12, 10.0.1226.42308), X64 RyuJIT x86-64-v3

Job=ShortRun  Toolchain=InProcessEmitToolchain  IterationCount=3  
LaunchCount=1  WarmupCount=3  Categories=acceptance  
Error=0.6210 ms  StdDev=0.0340 ms  

| Method                     | Mean     | Gen0    | Allocated |
|--------------------------- |---------:|--------:|----------:|
| Nextorm_Cached_ToListAsync | 1.903 ms | 74.2188 | 608.46 KB |

// * Hints *
HideColumnsAnalyser
  Summary -> Hidden columns: Error, StdDev

// * Legends *
  Mean      : Arithmetic mean of all measurements
  Gen0      : GC Generation 0 collects per 1000 operations
  Allocated : Allocated memory per single operation (managed only, inclusive, 1KB = 1024B)
  1 ms      : 1 Millisecond (0.001 sec)

// * Diagnostic Output - MemoryDiagnoser *


// ***** BenchmarkRunner: End *****
Run time: 00:00:08 (8.92 sec), executed benchmarks: 1

Global total time: 00:00:54 (54.9 sec), executed benchmarks: 7
// * Artifacts cleanup *
Artifacts cleanup is finished
exit_code=0  (source: logs/acceptance-benchmark.time.log "Exit status: 0" - GNU time exit status of the timed benchmark command, 7/7 cases)
