	Command being timed: "dotnet run --project benchmarks/nextorm.benchmark -c Release -- --anyCategories=acceptance"
	User time (seconds): 44.64
	System time (seconds): 18.78
	Percent of CPU this job got: 103%
	Elapsed (wall clock) time (h:mm:ss or m:ss): 1:01.20
	Average shared text size (kbytes): 0
	Average unshared data size (kbytes): 0
	Average stack size (kbytes): 0
	Average total size (kbytes): 0
	Maximum resident set size (kbytes): 216812
	Average resident set size (kbytes): 0
	Major (requiring I/O) page faults: 34
	Minor (reclaiming a frame) page faults: 114997
	Voluntary context switches: 21235
	Involuntary context switches: 31654
	Swaps: 0
	File system inputs: 47080
	File system outputs: 11296
	Socket messages sent: 0
	Socket messages received: 0
	Signals delivered: 0
	Page size (bytes): 4096
	Exit status: 0
