Running tests from /home/alex/sources/nextorm/tests/nextorm.core.tests/bin/linux/Debug/net10.0/nextorm.core.tests.dll (net10.0|x64)
failed NextORM.Core.Tests.JsonNativeStreamTests.SupportedMethodCallProjection_ShouldBeNativeWithEquivalentUtf8 (101ms)
  from /home/alex/sources/nextorm/tests/nextorm.core.tests/bin/linux/Debug/net10.0/nextorm.core.tests.dll (net10.0|x64)
  Expected plan.Columns[0].IsDirectPassThrough to be True because a method call whose declaring type is not TableAlias/TableColumn is a direct pass-through, but found False.
    at FluentAssertions.Execution.LateBoundTestFramework.Throw(String message)
    at FluentAssertions.Execution.TestFrameworkProvider.Throw(String message)
    at FluentAssertions.Execution.DefaultAssertionStrategy.HandleFailure(String message)
    at FluentAssertions.Execution.AssertionScope.FailWith(Func`1 failReasonFunc)
    at FluentAssertions.Execution.AssertionScope.FailWith(Func`1 failReasonFunc)
    at FluentAssertions.Execution.AssertionScope.FailWith(String message, Object[] args)
    at FluentAssertions.Primitives.BooleanAssertions`1.BeTrue(String because, Object[] becauseArgs)
    at NextORM.Core.Tests.JsonNativeStreamTests.SupportedMethodCallProjection_ShouldBeNativeWithEquivalentUtf8() in /home/alex/sources/nextorm/tests/nextorm.core.tests/JsonNativeStreamTests.cs:258
    at System.Reflection.MethodBaseInvoker.InterpretedInvoke_Method(Object obj, IntPtr* args)
    at System.Reflection.MethodBaseInvoker.InvokeWithNoArgs(Object obj, BindingFlags invokeAttr)
/home/alex/sources/nextorm/tests/nextorm.core.tests/bin/linux/Debug/net10.0/nextorm.core.tests.dll (net10.0|x64) failed with 1 error(s) (928ms)
Exit code: 2
  Standard output: dbug: Microsoft.Extensions.Hosting.Internal.Host[1]
        Hosting starting
  info: Microsoft.Hosting.Lifetime[0]
        Application started. Press Ctrl+C to shut down.
  info: Microsoft.Hosting.Lifetime[0]
        Hosting environment: Production
  info: Microsoft.Hosting.Lifetime[0]
        Content root path: /home/alex/sources/nextorm/tests/nextorm.core.tests/bin/linux/Debug/net10.0/
  dbug: Microsoft.Extensions.Hosting.Internal.Host[2]
        Hosting started
  dbug: Microsoft.Extensions.Hosting.Internal.Host[3]
        Hosting stopping
  info: Microsoft.Hosting.Lifetime[0]
        Application is shutting down...
  dbug: Microsoft.Extensions.Hosting.Internal.Host[4]
        Hosting stopped

Test run summary: Failed!
  total: 1
  failed: 1
  succeeded: 0
  skipped: 0
  duration: 1s 169ms
Test run completed with non-success exit code: 2 (see: https://aka.ms/testingplatform/exitcodes)
