Running tests from /home/alex/sources/nextorm/tests/nextorm.sqlite.tests/bin/linux/Debug/net10.0/nextorm.sqlite.tests.dll (net10.0|x64)
skipped NextORM.Sqlite.Tests.SqliteRowIdLobProbeTests.Sqlite_RowId_Projection_Streams_Lobs_MemoryBounded
  Set NEXTORM_LOB_SQLITE_PROBE=1 to run the SQLite rowid LOB capability probe.
  from /home/alex/sources/nextorm/tests/nextorm.sqlite.tests/bin/linux/Debug/net10.0/nextorm.sqlite.tests.dll (net10.0|x64)
/home/alex/sources/nextorm/tests/nextorm.sqlite.tests/bin/linux/Debug/net10.0/nextorm.sqlite.tests.dll (net10.0|x64) passed (13s 531ms)

Test run summary: Passed!
  total: 1311
  failed: 0
  succeeded: 1310
  skipped: 1
  duration: 13s 772ms

# ===== CHECK r2 re-run 2026-10-09T13:29Z : dotnet test tests/nextorm.sqlite.tests -c Debug --no-build =====
Running tests from /home/alex/sources/nextorm/tests/nextorm.sqlite.tests/bin/linux/Debug/net10.0/nextorm.sqlite.tests.dll (net10.0|x64)
skipped NextORM.Sqlite.Tests.SqliteRowIdLobProbeTests.Sqlite_RowId_Projection_Streams_Lobs_MemoryBounded
  Set NEXTORM_LOB_SQLITE_PROBE=1 to run the SQLite rowid LOB capability probe.
  from /home/alex/sources/nextorm/tests/nextorm.sqlite.tests/bin/linux/Debug/net10.0/nextorm.sqlite.tests.dll (net10.0|x64)
/home/alex/sources/nextorm/tests/nextorm.sqlite.tests/bin/linux/Debug/net10.0/nextorm.sqlite.tests.dll (net10.0|x64) passed (12s 584ms)

Test run summary: Passed!
  total: 1311
  failed: 0
  succeeded: 1310
  skipped: 1
  duration: 12s 820ms
exit_code=0
