xUnit.net v3 In-Process Runner v4.0.1+8ed8aa354c (64-bit .NET 10.0.12)
  Discovering: nextorm.integration.tests
  Discovered:  nextorm.integration.tests
  Starting:    nextorm.integration.tests
    NextORM.Integration.Tests.LobPerfHarnessTests.Measure_Streaming_Vs_Buffered_Lob_Allocations [SKIP]
      Set NEXTORM_LOB_PERF=1 to run the LOB allocation harness.
[testcontainers.org 00:00:00.48] Connected to Docker:
  Host: unix:///mnt/wsl/podman-sockets/podman-machine-default/podman-user.sock
  Server Version: 5.8.6
  Kernel Version: 6.18.33.2-microsoft-standard-WSL2
  API Version: 1.44
  Operating System: fedora
  Total Memory: 11.68 GB
[testcontainers.org 00:00:00.48] Reuse is an experimental feature. For more information, visit: https://dotnet.testcontainers.org/api/resource_reuse/
[testcontainers.org 00:00:00.48] Reuse is an experimental feature. For more information, visit: https://dotnet.testcontainers.org/api/resource_reuse/
[testcontainers.org 00:00:00.48] Reuse is an experimental feature. For more information, visit: https://dotnet.testcontainers.org/api/resource_reuse/
[testcontainers.org 00:00:00.48] Reuse is an experimental feature. For more information, visit: https://dotnet.testcontainers.org/api/resource_reuse/
[testcontainers.org 00:00:00.48] Reuse is an experimental feature. For more information, visit: https://dotnet.testcontainers.org/api/resource_reuse/
[testcontainers.org 00:00:00.57] Reusable resource found
[testcontainers.org 00:00:00.57] Reusable resource found
[testcontainers.org 00:00:00.57] Reusable resource found
[testcontainers.org 00:00:00.58] Reusable resource found
[testcontainers.org 00:00:00.60] Reusable resource found
[testcontainers.org 00:00:00.68] Start Docker container d703aedb9b21
[testcontainers.org 00:00:00.68] Start Docker container 914f06a0ba5f
[testcontainers.org 00:00:00.68] Start Docker container 4ab2d4542432
[testcontainers.org 00:00:00.68] Start Docker container 525af9d6a314
[testcontainers.org 00:00:00.68] Start Docker container ff3bb6dd042f
    NextORM.Integration.Tests.SqliteIntegrationTests.LobBlob_ZeroColumnProjection_ShouldThrowInvalidOperationException [SKIP]
      This provider cannot return a zero-column result set.
    NextORM.Integration.Tests.SqliteIntegrationTests.CorrelatedOuterApply_ShouldPreserveUnmatchedRows [SKIP]
      This provider has no lateral/APPLY source, so a correlated APPLY cannot be rendered.
    NextORM.Integration.Tests.SqliteIntegrationTests.CorrelatedCrossApply_BuilderSource_ShouldProjectEntityMembers [SKIP]
      This provider has no lateral/APPLY source, so a correlated APPLY cannot be rendered.
    NextORM.Integration.Tests.SqliteIntegrationTests.Truncate_ShouldRemoveEveryRow [SKIP]
      This provider has no TRUNCATE.
    NextORM.Integration.Tests.SqliteIntegrationTests.CorrelatedScalarSingle_ShouldThrowWhenMultipleRowsMatch [SKIP]
      This provider's scalar subqueries do not enforce cardinality (Single/SingleOrDefault are rejected there).
    NextORM.Integration.Tests.SqliteIntegrationTests.Lob_UnsupportedProvider_ToStream_ShouldThrowNotSupported [SKIP]
      This provider implements streaming LOB reads.
    NextORM.Integration.Tests.SqliteIntegrationTests.SubQuerySelectOrderSingle_ShouldReturnData [SKIP]
      This provider's scalar subqueries do not enforce cardinality (Single/SingleOrDefault are rejected there).
    NextORM.Integration.Tests.SqliteIntegrationTests.Iteration14_PreparedDml_ExecutesEveryTime [SKIP]
      Data-modifying CTE bodies are only supported by PostgreSQL.
    NextORM.Integration.Tests.SqliteIntegrationTests.Lob_UnsupportedProvider_ToTextReader_ShouldThrowNotSupported [SKIP]
      This provider implements streaming LOB reads.
    NextORM.Integration.Tests.SqliteIntegrationTests.CorrelatedScalarSingle_ShouldYieldValueWhenExactlyOneRowMatches [SKIP]
      This provider's scalar subqueries do not enforce cardinality (Single/SingleOrDefault are rejected there).
    NextORM.Integration.Tests.SqliteIntegrationTests.Contains_TupleIn_OnProviderWithoutRowConstructor_ShouldReject [SKIP]
      This provider supports tuple IN/Contains.
    NextORM.Integration.Tests.SqliteIntegrationTests.Iteration14_MutationBesideRecursiveRead_ExecutesEveryTime [SKIP]
      Data-modifying CTE bodies are only supported by PostgreSQL.
    NextORM.Integration.Tests.SqliteIntegrationTests.Lob_UnsupportedProvider_NamedColumnAsTextReader_ShouldThrowNotSupported [SKIP]
      This provider implements streaming LOB reads.
    NextORM.Integration.Tests.SqliteIntegrationTests.Lob_UnsupportedProvider_NamedColumnAsStream_ShouldThrowNotSupported [SKIP]
      This provider implements streaming LOB reads.
    NextORM.Integration.Tests.SqliteIntegrationTests.DeleteJoin_FromCte_ShouldRemoveRowsFromCte [SKIP]
      This provider has no native multi-table DELETE.
    NextORM.Integration.Tests.SqliteIntegrationTests.ExceptAll_WhenSupported_ShouldReturnOnlyLeftRows [SKIP]
      This provider does not support EXCEPT ALL.
    NextORM.Integration.Tests.SqliteIntegrationTests.ContainsOrdinal_ShouldBeCaseSensitive [SKIP]
      This provider's LIKE cannot be made byte-wise.
    NextORM.Integration.Tests.SqliteIntegrationTests.DynamicColumns_FullMerge_ShouldInsertThenUpdateKeys [SKIP]
      This provider cannot render a general multi-branch MERGE.
[testcontainers.org 00:00:07.45] Wait for Docker container 4ab2d4542432 to complete readiness checks
[testcontainers.org 00:00:07.45] Wait for Docker container 525af9d6a314 to complete readiness checks
[testcontainers.org 00:00:07.45] Wait for Docker container ff3bb6dd042f to complete readiness checks
[testcontainers.org 00:00:07.47] Wait for Docker container 914f06a0ba5f to complete readiness checks
[testcontainers.org 00:00:07.50] Execute "pg_isready --host localhost --dbname postgres --username postgres" at Docker container ff3bb6dd042f
[testcontainers.org 00:00:07.50] Execute "healthcheck.sh --connect --innodb_initialized" at Docker container 914f06a0ba5f
[testcontainers.org 00:00:07.50] Execute "/bin/sh -c find /opt/mssql-tools*/bin/sqlcmd -type f -print -quit" at Docker container 4ab2d4542432
    NextORM.Integration.Tests.SqliteIntegrationTests.Lob_UnsupportedProvider_NamedColumnGetTextReaderAsync_ShouldThrowNotSupported [SKIP]
      This provider implements streaming LOB reads.
    NextORM.Integration.Tests.SqliteIntegrationTests.Lob_UnsupportedProvider_ToTextReaderAsync_ShouldThrowNotSupported [SKIP]
      This provider implements streaming LOB reads.
[testcontainers.org 00:00:07.93] Execute "/opt/mssql-tools18/bin/sqlcmd -C -b -r 1 -d master -Q SELECT 1;" at Docker container 4ab2d4542432
[testcontainers.org 00:00:08.01] Docker container ff3bb6dd042f ready
[testcontainers.org 00:00:08.12] Execute "mkdir /var/lib/mysql-files" at Docker container d703aedb9b21
[testcontainers.org 00:00:08.13] Add file to tar archive: Content length: 48 byte(s), Target file: "/etc/mysql/my.cnf", UID: 0, GID: 0, Mode: 0600
[testcontainers.org 00:00:08.15] Copy tar archive to container: Content length: 48 byte(s), Docker container: d703aedb9b21
[testcontainers.org 00:00:08.28] Wait for Docker container d703aedb9b21 to complete readiness checks
[testcontainers.org 00:00:08.28] Execute "mysql test --wait --silent --execute=SELECT 1;" at Docker container d703aedb9b21
    NextORM.Integration.Tests.SqliteIntegrationTests.Lob_UnsupportedProvider_NamedColumnGetStreamAsync_ShouldThrowNotSupported [SKIP]
      This provider implements streaming LOB reads.
    NextORM.Integration.Tests.SqliteIntegrationTests.Insert_Returning_ShouldThrow_WhenProviderCannot [SKIP]
      This provider can return inserted rows.
    NextORM.Integration.Tests.SqliteIntegrationTests.RowLock_SkipLocked_ShouldSkipRowsLockedByAnotherTransaction [SKIP]
      This provider does not support row locking.
    NextORM.Integration.Tests.SqliteIntegrationTests.Batch_UnsupportedProvider_ShouldThrow [SKIP]
      This provider supports batches.
    NextORM.Integration.Tests.SqliteIntegrationTests.LobDataReader_UnsupportedProviderAsync_ShouldThrowNotSupported [SKIP]
      This provider implements the multi-column LOB reader terminal.
    NextORM.Integration.Tests.SqliteIntegrationTests.Lob_UnsupportedProvider_ToStreamAsync_ShouldThrowNotSupported [SKIP]
      This provider implements streaming LOB reads.
    NextORM.Integration.Tests.SqliteIntegrationTests.CorrelatedCrossApply_ShouldEvaluatePerOuterRow [SKIP]
      This provider has no lateral/APPLY source, so a correlated APPLY cannot be rendered.
[testcontainers.org 00:00:08.90] Execute "healthcheck.sh --connect --innodb_initialized" at Docker container 914f06a0ba5f
    NextORM.Integration.Tests.SqliteIntegrationTests.CrossApply_OnPlainTable_ShouldCrossJoin [SKIP]
      This provider has no lateral/APPLY source, so a correlated APPLY cannot be rendered.
    NextORM.Integration.Tests.SqliteIntegrationTests.Lob_UnsupportedProvider_NamedColumnGetStream_ShouldThrowNotSupported [SKIP]
      This provider implements streaming LOB reads.
[testcontainers.org 00:00:09.06] Docker container 914f06a0ba5f ready
    NextORM.Integration.Tests.SqliteIntegrationTests.CorrelatedOuterApply_BuilderSource_ShouldPreserveUnmatchedRows [SKIP]
      This provider has no lateral/APPLY source, so a correlated APPLY cannot be rendered.
    NextORM.Integration.Tests.SqliteIntegrationTests.OuterApply_OnPlainTable_ShouldKeepEveryLeftRow [SKIP]
      This provider has no lateral/APPLY source, so a correlated APPLY cannot be rendered.
    NextORM.Integration.Tests.SqliteIntegrationTests.DeleteJoin_ShouldRemoveRowsMatchingAnotherTable [SKIP]
      This provider has no native multi-table DELETE.
    NextORM.Integration.Tests.SqliteIntegrationTests.LobDataReader_UnsupportedProvider_ShouldThrowNotSupported [SKIP]
      This provider implements the multi-column LOB reader terminal.
    NextORM.Integration.Tests.SqliteIntegrationTests.IntersectAll_WhenSupported_ShouldReturnCommonRows [SKIP]
      This provider does not support INTERSECT ALL.
    NextORM.Integration.Tests.SqliteIntegrationTests.TempTableSource_UnsupportedProvider_ShouldThrow [SKIP]
      This provider materialises a query into a temporary table.
    NextORM.Integration.Tests.SqliteIntegrationTests.CorrelatedScalarSingleOrDefaultValue_ShouldYieldDefaultWhenNoRowMatches [SKIP]
      This provider's scalar subqueries do not enforce cardinality (Single/SingleOrDefault are rejected there).
    NextORM.Integration.Tests.SqliteIntegrationTests.CreateTableAs_UnsupportedProvider_ShouldThrow [SKIP]
      This provider materialises a query into a temporary table.
    NextORM.Integration.Tests.SqliteIntegrationTests.Lob_UnsupportedProvider_NamedColumnGetTextReader_ShouldThrowNotSupported [SKIP]
      This provider implements streaming LOB reads.
    NextORM.Integration.Tests.SqliteIntegrationTests.Lob_RowStream_UnsupportedProvider_ShouldThrowNotSupported [SKIP]
      This provider implements streaming LOB reads.
    NextORM.Integration.Tests.SqliteIntegrationTests.CorrelatedScalarSingleOrDefault_ShouldYieldNullWhenNoRowMatches [SKIP]
      This provider's scalar subqueries do not enforce cardinality (Single/SingleOrDefault are rejected there).
[testcontainers.org 00:00:13.64] Docker container d703aedb9b21 ready
    NextORM.Integration.Tests.MySqlIntegrationTests.Iteration14_MutationBesideRecursiveRead_ExecutesEveryTime [SKIP]
      Data-modifying CTE bodies are only supported by PostgreSQL.
    NextORM.Integration.Tests.MySqlIntegrationTests.TempTableSource_UnsupportedProvider_ShouldThrow [SKIP]
      This provider materialises a query into a temporary table.
    NextORM.Integration.Tests.MySqlIntegrationTests.ExecuteProcedureAsync_UnsupportedProvider_ThrowsNotSupported [SKIP]
      This provider supports stored procedures.
    NextORM.Integration.Tests.MySqlIntegrationTests.LobAsync_Interceptor_ShouldRaiseLifecycleOncePerTerminal [SKIP]
      This provider does not implement streaming LOB reads.
[testcontainers.org 00:00:17.08] Docker container 525af9d6a314 ready
    NextORM.Integration.Tests.MySqlIntegrationTests.Update_ReturningWholeEntity_ShouldReturnRow [SKIP]
      This provider cannot return updated rows.
[testcontainers.org 00:00:17.34] Execute "/opt/mssql-tools18/bin/sqlcmd -C -b -r 1 -d master -Q SELECT 1;" at Docker container 4ab2d4542432
    NextORM.Integration.Tests.MySqlIntegrationTests.ExceptAll_WhenSupported_ShouldReturnOnlyLeftRows [SKIP]
      This provider does not support EXCEPT ALL.
    NextORM.Integration.Tests.MySqlIntegrationTests.LobBlob_ZeroColumnProjection_ShouldThrowInvalidOperationException [SKIP]
      This provider does not implement streaming LOB reads.
    NextORM.Integration.Tests.MySqlIntegrationTests.LobDataReader_Dispose_ShouldReleaseReaderAndKeepContextUsable [SKIP]
      This provider does not implement the multi-column LOB reader terminal.
[testcontainers.org 00:00:18.03] Docker container 4ab2d4542432 ready
    NextORM.Integration.Tests.MySqlIntegrationTests.TableFunction_JsonEach_ShouldReturnRows [SKIP]
      The shared table-valued function test uses SQLite's json_each; MySQL exposes JSON rows through JSON_TABLE with a different shape.
    NextORM.Integration.Tests.MySqlIntegrationTests.LobBlob_NonSingleColumnProjection_ShouldThrowInvalidOperationException [SKIP]
      This provider does not implement streaming LOB reads.
    NextORM.Integration.Tests.MySqlIntegrationTests.LobBlob_BufferedAfterStreaming_ShouldStillMaterialize [SKIP]
      This provider does not implement streaming LOB reads.
    NextORM.Integration.Tests.MySqlIntegrationTests.Contains_TupleIn_OnProviderWithoutRowConstructor_ShouldReject [SKIP]
      This provider supports tuple IN/Contains.
    NextORM.Integration.Tests.MySqlIntegrationTests.LobClob_ToTextReaderAsync_ShouldRoundTripAllChars [SKIP]
      This provider does not implement streaming LOB reads.
    NextORM.Integration.Tests.MySqlIntegrationTests.LobBlob_RowStream_NullAndNonNull_ShouldReadIsDBNullThenGetStream [SKIP]
      This provider does not implement streaming LOB reads.
    NextORM.Integration.Tests.MySqlIntegrationTests.LobDataReader_ToDataReader_ShouldReadTwoColumnsAcrossRows [SKIP]
      This provider does not implement the multi-column LOB reader terminal.
    NextORM.Integration.Tests.MySqlIntegrationTests.TableFunction_WhereAndOrderBy_ShouldFilterAndSort [SKIP]
      The shared table-valued function test uses SQLite's json_each; MySQL exposes JSON rows through JSON_TABLE with a different shape.
    NextORM.Integration.Tests.MySqlIntegrationTests.LobClob_ToTextReader_ShouldRoundTripAllChars [SKIP]
      This provider does not implement streaming LOB reads.
    NextORM.Integration.Tests.MySqlIntegrationTests.LobStreamAsync_CancelledMidRead_ShouldReleaseReaderAndKeepContextUsable [SKIP]
      This provider does not implement streaming LOB reads.
    NextORM.Integration.Tests.MySqlIntegrationTests.LobBlob_BufferedToListBeforeAndAfterStream_ShouldMatch [SKIP]
      This provider does not implement streaming LOB reads.
    NextORM.Integration.Tests.MySqlIntegrationTests.LobClob_BufferedToListBeforeAndAfterTextReader_ShouldMatch [SKIP]
      This provider does not implement streaming LOB reads.
    NextORM.Integration.Tests.MySqlIntegrationTests.LobClob_NamedColumnGetTextReader_ShouldRoundTripAllChars [SKIP]
      This provider does not implement streaming LOB reads.
    NextORM.Integration.Tests.MySqlIntegrationTests.LobStream_Interceptor_OnFailure_ShouldRaiseFailedOnce [SKIP]
      This provider does not implement streaming LOB reads.
    NextORM.Integration.Tests.PostgresIntegrationTests.LobDataReader_UnsupportedProvider_ShouldThrowNotSupported [SKIP]
      This provider implements the multi-column LOB reader terminal.
    NextORM.Integration.Tests.MySqlIntegrationTests.ReturningIdentitySelector_ShouldReturnGeneratedKey [SKIP]
      This provider cannot return generated columns on the insert.
    NextORM.Integration.Tests.MySqlIntegrationTests.LobBlob_NamedColumnAsStream_ShouldRoundTripAllBytes [SKIP]
      This provider does not implement streaming LOB reads.
    NextORM.Integration.Tests.MySqlIntegrationTests.LobBlob_ToStream_ShouldRoundTripAllBytes [SKIP]
      This provider does not implement streaming LOB reads.
    NextORM.Integration.Tests.MySqlIntegrationTests.LobBlob_ThreeColumnProjectionAsync_ShouldThrowInvalidOperationException [SKIP]
      This provider does not implement streaming LOB reads.
    NextORM.Integration.Tests.MySqlIntegrationTests.Insert_ReturningProjection_ShouldReturnProjection [SKIP]
      This provider cannot return inserted rows.
    NextORM.Integration.Tests.LobCapabilityProbeTests.MySql_Driver_Reads_Lobs_Buffered [SKIP]
      Set NEXTORM_LOB_PROBE=1 to run the LOB capability probe.
    NextORM.Integration.Tests.LobCapabilityProbeTests.MariaDb_Driver_Reads_Lobs_Buffered [SKIP]
      Set NEXTORM_LOB_PROBE=1 to run the LOB capability probe.
    NextORM.Integration.Tests.MySqlIntegrationTests.LobTextReaderAsync_NonSingleColumnProjection_ShouldThrowInvalidOperationException [SKIP]
      This provider does not implement streaming LOB reads.
    NextORM.Integration.Tests.MySqlIntegrationTests.LobStreamAsync_CancelledBeforeOpen_ShouldThrowAndNotLeak [SKIP]
      This provider does not implement streaming LOB reads.
    NextORM.Integration.Tests.MySqlIntegrationTests.LobStream_Dispose_ShouldReleaseReaderAndKeepContextUsable [SKIP]
      This provider does not implement streaming LOB reads.
    NextORM.Integration.Tests.PostgresIntegrationTests.Lob_UnsupportedProvider_NamedColumnGetStreamAsync_ShouldThrowNotSupported [SKIP]
      This provider implements streaming LOB reads.
    NextORM.Integration.Tests.PostgresIntegrationTests.TempTableSource_UnsupportedProvider_ShouldThrow [SKIP]
      This provider materialises a query into a temporary table.
    NextORM.Integration.Tests.MySqlIntegrationTests.Insert_ReturningBatch_ShouldReturnEveryRow [SKIP]
      This provider cannot return inserted rows.
    NextORM.Integration.Tests.MySqlIntegrationTests.IntersectAll_WhenSupported_ShouldReturnCommonRows [SKIP]
      This provider does not support INTERSECT ALL.
    NextORM.Integration.Tests.MySqlIntegrationTests.BulkInsert_ReturningKey_ShouldReturnGeneratedKeys [SKIP]
      This provider cannot return inserted rows.
    NextORM.Integration.Tests.MySqlIntegrationTests.Batch_UnsupportedProvider_ShouldThrow [SKIP]
      This provider supports batches.
    NextORM.Integration.Tests.PostgresIntegrationTests.ExceptAll_WhenUnsupported_ShouldThrow [SKIP]
      This provider supports EXCEPT ALL.
    NextORM.Integration.Tests.PostgresIntegrationTests.Insert_Returning_ShouldThrow_WhenProviderCannot [SKIP]
      This provider can return inserted rows.
    NextORM.Integration.Tests.MySqlIntegrationTests.LobBlob_NamedColumnGetStream_ShouldRoundTripAllBytes [SKIP]
      This provider does not implement streaming LOB reads.
    NextORM.Integration.Tests.MySqlIntegrationTests.LobDataReader_CancelledBeforeOpenAsync_ShouldThrowAndNotLeak [SKIP]
      This provider does not implement the multi-column LOB reader terminal.
    NextORM.Integration.Tests.MySqlIntegrationTests.LobStream_PartialReadThenDispose_ShouldReleaseReaderAndKeepContextUsable [SKIP]
      This provider does not implement streaming LOB reads.
    NextORM.Integration.Tests.MySqlIntegrationTests.ExecuteProcedure_UnsupportedProvider_ThrowsNotSupported [SKIP]
      This provider supports stored procedures.
    NextORM.Integration.Tests.MySqlIntegrationTests.LobBlob_RowStream_ReadAfterMoveNext_ShouldBeInvalid [SKIP]
      This provider does not implement streaming LOB reads.
    NextORM.Integration.Tests.MySqlIntegrationTests.LobStream_CancelledBeforeOpen_ShouldThrowAndNotLeak [SKIP]
      This provider does not implement streaming LOB reads.
    NextORM.Integration.Tests.MySqlIntegrationTests.LobClob_RowTextReader_ShouldRoundTripAllChars [SKIP]
      This provider does not implement streaming LOB reads.
    NextORM.Integration.Tests.MySqlIntegrationTests.LobStreamAsync_NonSingleColumnProjection_ShouldReleaseReaderAndKeepContextUsable [SKIP]
      This provider does not implement streaming LOB reads.
    NextORM.Integration.Tests.MySqlIntegrationTests.LobDataReader_DisposeAsync_ShouldReleaseReaderAndKeepContextUsable [SKIP]
      This provider does not implement the multi-column LOB reader terminal.
    NextORM.Integration.Tests.MySqlIntegrationTests.LobTextReader_NonSingleColumnProjection_ShouldThrowInvalidOperationException [SKIP]
      This provider does not implement streaming LOB reads.
    NextORM.Integration.Tests.MySqlIntegrationTests.LobDataReader_CancelledBeforeOpen_ShouldThrowAndNotLeak [SKIP]
      This provider does not implement the multi-column LOB reader terminal.
    NextORM.Integration.Tests.MySqlIntegrationTests.LobBlob_RowStream_ShouldRoundTripAllBytes [SKIP]
      This provider does not implement streaming LOB reads.
    NextORM.Integration.Tests.MySqlIntegrationTests.Delete_ReturningAsync_ShouldReturnRemovedRows [SKIP]
      This provider cannot return removed rows.
    NextORM.Integration.Tests.PostgresIntegrationTests.Lob_UnsupportedProvider_ToTextReader_ShouldThrowNotSupported [SKIP]
      This provider implements streaming LOB reads.
    NextORM.Integration.Tests.PostgresIntegrationTests.Lob_RowStream_UnsupportedProvider_ShouldThrowNotSupported [SKIP]
      This provider implements streaming LOB reads.
    NextORM.Integration.Tests.MySqlIntegrationTests.Delete_Returning_ShouldReturnRemovedRows [SKIP]
      This provider cannot return removed rows.
    NextORM.Integration.Tests.MySqlIntegrationTests.Insert_FromQuery_ReturningSingle_OnMultipleRows_ShouldThrow [SKIP]
      This provider cannot return inserted rows.
    NextORM.Integration.Tests.PostgresIntegrationTests.Lob_UnsupportedProvider_NamedColumnAsStream_ShouldThrowNotSupported [SKIP]
      This provider implements streaming LOB reads.
    NextORM.Integration.Tests.PostgresIntegrationTests.IntersectAll_WhenUnsupported_ShouldThrow [SKIP]
      This provider supports INTERSECT ALL.
    NextORM.Integration.Tests.MySqlIntegrationTests.Delete_ReturningWholeEntity_ShouldReturnRow [SKIP]
      This provider cannot return removed rows.
    NextORM.Integration.Tests.MySqlIntegrationTests.JsonColumn_Returning_ShouldMaterialize [SKIP]
      This provider cannot return inserted rows.
    NextORM.Integration.Tests.MySqlIntegrationTests.LobStream_NonSingleColumnProjection_ShouldReleaseReaderAndKeepContextUsable [SKIP]
      This provider does not implement streaming LOB reads.
    NextORM.Integration.Tests.MySqlIntegrationTests.LobBlob_StreamingAfterBuffered_ShouldNotReuseBufferedPlan [SKIP]
      This provider does not implement streaming LOB reads.
    NextORM.Integration.Tests.PostgresIntegrationTests.Lob_UnsupportedProvider_NamedColumnGetStream_ShouldThrowNotSupported [SKIP]
      This provider implements streaming LOB reads.
    NextORM.Integration.Tests.PostgresIntegrationTests.Contains_TupleIn_OnProviderWithoutRowConstructor_ShouldReject [SKIP]
      This provider supports tuple IN/Contains.
    NextORM.Integration.Tests.PostgresIntegrationTests.Lob_UnsupportedProvider_ToTextReaderAsync_ShouldThrowNotSupported [SKIP]
      This provider implements streaming LOB reads.
    NextORM.Integration.Tests.MySqlIntegrationTests.LobSync_Interceptor_ShouldRaiseLifecycleOncePerTerminal [SKIP]
      This provider does not implement streaming LOB reads.
    NextORM.Integration.Tests.MySqlIntegrationTests.BulkInsert_IgnoreDuplicates_WithReturning_ShouldReturnOnlyInsertedRows [SKIP]
      This provider cannot both skip conflicting rows and return written rows.
    NextORM.Integration.Tests.MySqlIntegrationTests.LobStream_ReadAfterDispose_ShouldThrowObjectDisposed [SKIP]
      This provider does not implement streaming LOB reads.
    NextORM.Integration.Tests.MySqlIntegrationTests.Update_ReturningAsync_ShouldReturnUpdatedRows [SKIP]
      This provider cannot return updated rows.
    NextORM.Integration.Tests.MySqlIntegrationTests.Iteration14_PreparedDml_ExecutesEveryTime [SKIP]
      Data-modifying CTE bodies are only supported by PostgreSQL.
    NextORM.Integration.Tests.MySqlIntegrationTests.LobStream_DisposeAsync_ShouldReleaseReaderAndKeepContextUsable [SKIP]
      This provider does not implement streaming LOB reads.
    NextORM.Integration.Tests.MySqlIntegrationTests.ValueConverters_Returning_ShouldMaterializeConvertedValue [SKIP]
      This provider cannot return inserted rows.
    NextORM.Integration.Tests.MySqlIntegrationTests.LobBlob_ToStream_WithParameter_ShouldRoundTripAllBytes [SKIP]
      This provider does not implement streaming LOB reads.
    NextORM.Integration.Tests.MySqlIntegrationTests.FullJoin_ShouldReturnBothSides [SKIP]
      This provider does not support FULL JOIN.
    NextORM.Integration.Tests.MySqlIntegrationTests.LobDataReader_ToDataReaderAsync_ShouldReadTwoColumnsAcrossRows [SKIP]
      This provider does not implement the multi-column LOB reader terminal.
    NextORM.Integration.Tests.MySqlIntegrationTests.ReturningConversionProjection_ShouldMaterialize [SKIP]
      This provider cannot return inserted rows.
    NextORM.Integration.Tests.MySqlIntegrationTests.DynamicColumns_FullMerge_ShouldInsertThenUpdateKeys [SKIP]
      This provider cannot render a general multi-branch MERGE.
    NextORM.Integration.Tests.MySqlIntegrationTests.Update_Returning_ShouldReturnUpdatedRows [SKIP]
      This provider cannot return updated rows.
    NextORM.Integration.Tests.MySqlIntegrationTests.ReturningKey_Batch_ShouldReturnEveryKey [SKIP]
      This provider cannot return generated columns on the insert.
    NextORM.Integration.Tests.MySqlIntegrationTests.LobStream_ContextDisposedBeforeStream_ShouldThrowObjectDisposed [SKIP]
      This provider does not implement streaming LOB reads.
    NextORM.Integration.Tests.MySqlIntegrationTests.LobTextReader_ReadAfterDispose_ShouldThrowObjectDisposed [SKIP]
      This provider does not implement streaming LOB reads.
    NextORM.Integration.Tests.MySqlIntegrationTests.CreateTableAs_UnsupportedProvider_ShouldThrow [SKIP]
      This provider materialises a query into a temporary table.
    NextORM.Integration.Tests.MySqlIntegrationTests.LobBlob_ToStreamAsync_ShouldRoundTripAllBytes [SKIP]
      This provider does not implement streaming LOB reads.
    NextORM.Integration.Tests.MySqlIntegrationTests.LobClob_RowStream_NullAndNonNull_ShouldReadIsDBNullThenGetTextReader [SKIP]
      This provider does not implement streaming LOB reads.
    NextORM.Integration.Tests.MySqlIntegrationTests.Insert_ReturningWholeEntity_OnInterface_ShouldThrow [SKIP]
      This provider cannot return inserted rows.
    NextORM.Integration.Tests.MySqlIntegrationTests.TableFunction_JoinedToTable_ShouldReturnRows [SKIP]
      The shared table-valued function test uses SQLite's json_each; MySQL exposes JSON rows through JSON_TABLE with a different shape.
    NextORM.Integration.Tests.MySqlIntegrationTests.LobBlob_ThreeColumnProjection_ShouldThrowInvalidOperationException [SKIP]
      This provider does not implement streaming LOB reads.
    NextORM.Integration.Tests.PostgresIntegrationTests.Lob_UnsupportedProvider_NamedColumnAsTextReader_ShouldThrowNotSupported [SKIP]
      This provider implements streaming LOB reads.
    NextORM.Integration.Tests.MySqlIntegrationTests.LobTextReaderAsync_PartialReadThenDispose_ShouldReleaseReaderAndKeepContextUsable [SKIP]
      This provider does not implement streaming LOB reads.
    NextORM.Integration.Tests.PostgresIntegrationTests.Lob_UnsupportedProvider_ToStreamAsync_ShouldThrowNotSupported [SKIP]
      This provider implements streaming LOB reads.
    NextORM.Integration.Tests.MySqlIntegrationTests.Insert_Returning_ShouldReturnWrittenRow [SKIP]
      This provider cannot return inserted rows.
    NextORM.Integration.Tests.MySqlIntegrationTests.ReturningKey_NullableKeyType_ShouldMaterialize [SKIP]
      This provider cannot return inserted rows.
    NextORM.Integration.Tests.MySqlIntegrationTests.TableFunction_GroupBy_ShouldAggregate [SKIP]
      The shared table-valued function test uses SQLite's json_each; MySQL exposes JSON rows through JSON_TABLE with a different shape.
    NextORM.Integration.Tests.PostgresIntegrationTests.Lob_UnsupportedProvider_ToStream_ShouldThrowNotSupported [SKIP]
      This provider implements streaming LOB reads.
    NextORM.Integration.Tests.MySqlIntegrationTests.LobBlob_RowStream_EarlyBreak_ShouldReleaseAndNotPinStatement [SKIP]
      This provider does not implement streaming LOB reads.
    NextORM.Integration.Tests.PostgresIntegrationTests.ExecuteProcedureAsync_UnsupportedProvider_ThrowsNotSupported [SKIP]
      This provider supports stored procedures.
    NextORM.Integration.Tests.PostgresIntegrationTests.LobDataReader_UnsupportedProviderAsync_ShouldThrowNotSupported [SKIP]
      This provider implements the multi-column LOB reader terminal.
    NextORM.Integration.Tests.PostgresIntegrationTests.Lob_UnsupportedProvider_NamedColumnGetTextReaderAsync_ShouldThrowNotSupported [SKIP]
      This provider implements streaming LOB reads.
    NextORM.Integration.Tests.SqlServerIntegrationTests.Lob_RowStream_UnsupportedProvider_ShouldThrowNotSupported [SKIP]
      This provider implements streaming LOB reads.
    NextORM.Integration.Tests.PostgresIntegrationTests.ExecuteProcedure_UnsupportedProvider_ThrowsNotSupported [SKIP]
      This provider supports stored procedures.
    NextORM.Integration.Tests.PostgresIntegrationTests.TableFunction_JsonEach_ShouldReturnRows [SKIP]
      The shared table-valued function test uses SQLite's json_each; no portable equivalent is configured for PostgreSQL.
    NextORM.Integration.Tests.PostgresIntegrationTests.Lob_UnsupportedProvider_NamedColumnGetTextReader_ShouldThrowNotSupported [SKIP]
      This provider implements streaming LOB reads.
    NextORM.Integration.Tests.PostgresIntegrationTests.TableFunction_WhereAndOrderBy_ShouldFilterAndSort [SKIP]
      The shared table-valued function test uses SQLite's json_each; no portable equivalent is configured for PostgreSQL.
    NextORM.Integration.Tests.PostgresIntegrationTests.Batch_UnsupportedProvider_ShouldThrow [SKIP]
      This provider supports batches.
    NextORM.Integration.Tests.SqlServerIntegrationTests.LobDataReader_UnsupportedProvider_ShouldThrowNotSupported [SKIP]
      This provider implements the multi-column LOB reader terminal.
    NextORM.Integration.Tests.SqlServerIntegrationTests.Contains_TupleIn_CapturedList_ShouldFilter [SKIP]
      This provider has no row-value constructor.
    NextORM.Integration.Tests.SqlServerIntegrationTests.Batch_UnsupportedProvider_ShouldThrow [SKIP]
      This provider supports batches.
    NextORM.Integration.Tests.SqlServerIntegrationTests.Lob_UnsupportedProvider_NamedColumnGetTextReaderAsync_ShouldThrowNotSupported [SKIP]
      This provider implements streaming LOB reads.
    NextORM.Integration.Tests.PostgresIntegrationTests.TableFunction_GroupBy_ShouldAggregate [SKIP]
      The shared table-valued function test uses SQLite's json_each; no portable equivalent is configured for PostgreSQL.
    NextORM.Integration.Tests.PostgresIntegrationTests.TableFunction_JoinedToTable_ShouldReturnRows [SKIP]
      The shared table-valued function test uses SQLite's json_each; no portable equivalent is configured for PostgreSQL.
    NextORM.Integration.Tests.PostgresIntegrationTests.CreateTableAs_UnsupportedProvider_ShouldThrow [SKIP]
      This provider materialises a query into a temporary table.
    NextORM.Integration.Tests.SqlServerIntegrationTests.TempTableSource_ShouldMaterialiseOnRead [SKIP]
      This provider cannot run a CTAS batch.
    NextORM.Integration.Tests.SqlServerIntegrationTests.Lob_UnsupportedProvider_NamedColumnAsStream_ShouldThrowNotSupported [SKIP]
      This provider implements streaming LOB reads.
    NextORM.Integration.Tests.SqlServerIntegrationTests.Lob_UnsupportedProvider_NamedColumnGetStreamAsync_ShouldThrowNotSupported [SKIP]
      This provider implements streaming LOB reads.
    NextORM.Integration.Tests.SqlServerIntegrationTests.Iteration14_MutationBesideRecursiveRead_ExecutesEveryTime [SKIP]
      Data-modifying CTE bodies are only supported by PostgreSQL.
    NextORM.Integration.Tests.SqlServerIntegrationTests.Iteration14_PreparedDml_ExecutesEveryTime [SKIP]
      Data-modifying CTE bodies are only supported by PostgreSQL.
    NextORM.Integration.Tests.SqlServerIntegrationTests.Batch_CreateTempTableThenQuery_ShouldReadTheTableInTheSameBatch [SKIP]
      This provider cannot run a CTAS batch.
    NextORM.Integration.Tests.SqlServerIntegrationTests.Contains_TupleIn_MismatchedComponents_ShouldReturnEmpty [SKIP]
      This provider has no row-value constructor.
    NextORM.Integration.Tests.SqlServerIntegrationTests.TableFunction_JsonEach_ShouldReturnRows [SKIP]
      The shared table-valued function test uses SQLite's json_each; SQL Server exposes row-returning JSON through CROSS APPLY OPENJSON instead.
    NextORM.Integration.Tests.SqlServerIntegrationTests.TableFunction_WhereAndOrderBy_ShouldFilterAndSort [SKIP]
      The shared table-valued function test uses SQLite's json_each; SQL Server exposes row-returning JSON through CROSS APPLY OPENJSON instead.
    NextORM.Integration.Tests.SqlServerIntegrationTests.Lob_UnsupportedProvider_ToStream_ShouldThrowNotSupported [SKIP]
      This provider implements streaming LOB reads.
    NextORM.Integration.Tests.SqlServerIntegrationTests.Insert_Returning_ShouldThrow_WhenProviderCannot [SKIP]
      This provider can return inserted rows.
    NextORM.Integration.Tests.SqlServerIntegrationTests.ExecuteProcedure_UnsupportedProvider_ThrowsNotSupported [SKIP]
      This provider supports stored procedures.
    NextORM.Integration.Tests.SqlServerIntegrationTests.TempTableSource_ShouldStreamTheRows [SKIP]
      This provider cannot run a CTAS batch.
    NextORM.Integration.Tests.SqlServerIntegrationTests.IntersectAll_WhenSupported_ShouldReturnCommonRows [SKIP]
      This provider does not support INTERSECT ALL.
    NextORM.Integration.Tests.SqlServerIntegrationTests.LobBlob_ZeroColumnProjection_ShouldThrowInvalidOperationException [SKIP]
      This provider cannot return a zero-column result set.
    NextORM.Integration.Tests.SqlServerIntegrationTests.LobDataReader_UnsupportedProviderAsync_ShouldThrowNotSupported [SKIP]
      This provider implements the multi-column LOB reader terminal.
    NextORM.Integration.Tests.SqlServerIntegrationTests.TableFunction_GroupBy_ShouldAggregate [SKIP]
      The shared table-valued function test uses SQLite's json_each; SQL Server exposes row-returning JSON through CROSS APPLY OPENJSON instead.
    NextORM.Integration.Tests.SqlServerIntegrationTests.BulkInsert_IgnoreDuplicates_WithReturning_ShouldReturnOnlyInsertedRows [SKIP]
      This provider cannot both skip conflicting rows and return written rows.
    NextORM.Integration.Tests.SqlServerIntegrationTests.Lob_UnsupportedProvider_ToTextReaderAsync_ShouldThrowNotSupported [SKIP]
      This provider implements streaming LOB reads.
    NextORM.Integration.Tests.SqlServerIntegrationTests.BulkInsert_IgnoreDuplicates_ShouldSkipConflictingKeys [SKIP]
      This provider cannot skip conflicting rows.
    NextORM.Integration.Tests.SqlServerIntegrationTests.Lob_UnsupportedProvider_NamedColumnGetStream_ShouldThrowNotSupported [SKIP]
      This provider implements streaming LOB reads.
    NextORM.Integration.Tests.SqlServerIntegrationTests.ExecuteProcedureAsync_UnsupportedProvider_ThrowsNotSupported [SKIP]
      This provider supports stored procedures.
    NextORM.Integration.Tests.SqlServerIntegrationTests.Contains_TupleIn_Empty_ShouldReturnEmpty [SKIP]
      This provider has no row-value constructor.
    NextORM.Integration.Tests.SqlServerIntegrationTests.Contains_TupleIn_Negation_ShouldExcludeNullComponentMatch [SKIP]
      This provider has no row-value constructor.
    NextORM.Integration.Tests.SqlServerIntegrationTests.Lob_UnsupportedProvider_ToTextReader_ShouldThrowNotSupported [SKIP]
      This provider implements streaming LOB reads.
    NextORM.Integration.Tests.SqlServerIntegrationTests.CreateTableAs_TempTable_ShouldBeReadableOnTheSameContext [SKIP]
      This provider cannot materialise a query into a temporary table.
    NextORM.Integration.Tests.SqlServerIntegrationTests.Batch_CreateTempTableThenQuery_ToAsyncEnumerable_ShouldStreamTheRows [SKIP]
      This provider cannot run a CTAS batch.
    NextORM.Integration.Tests.SqlServerIntegrationTests.AvgAsync_ShouldReturn6 [SKIP]
      This provider evaluates AVG over an integer column as an integer.
    NextORM.Integration.Tests.SqlServerIntegrationTests.TempTableSource_NestedTempTables_ShouldWork [SKIP]
      This provider cannot run a CTAS batch.
    NextORM.Integration.Tests.SqlServerIntegrationTests.ExceptAll_WhenSupported_ShouldReturnOnlyLeftRows [SKIP]
      This provider does not support EXCEPT ALL.
    NextORM.Integration.Tests.SqlServerIntegrationTests.TempTableSource_Any_ShouldSeeTheMaterialisedRows [SKIP]
      This provider cannot run a CTAS batch.
    NextORM.Integration.Tests.SqlServerIntegrationTests.Lob_UnsupportedProvider_NamedColumnGetTextReader_ShouldThrowNotSupported [SKIP]
      This provider implements streaming LOB reads.
    NextORM.Integration.Tests.SqlServerIntegrationTests.Avg_ShouldReturn6 [SKIP]
      This provider evaluates AVG over an integer column as an integer.
    NextORM.Integration.Tests.SqlServerIntegrationTests.Batch_CreateTempTableThenQueryAsync_ShouldReadTheTableInTheSameBatch [SKIP]
      This provider cannot run a CTAS batch.
    NextORM.Integration.Tests.SqlServerIntegrationTests.Lob_UnsupportedProvider_NamedColumnAsTextReader_ShouldThrowNotSupported [SKIP]
      This provider implements streaming LOB reads.
    NextORM.Integration.Tests.SqlServerIntegrationTests.Contains_TupleIn_NullComponent_ShouldMatchNullRow [SKIP]
      This provider has no row-value constructor.
    NextORM.Integration.Tests.SqlServerIntegrationTests.Lob_UnsupportedProvider_ToStreamAsync_ShouldThrowNotSupported [SKIP]
      This provider implements streaming LOB reads.
    NextORM.Integration.Tests.SqlServerIntegrationTests.TempTableSource_ScalarTerminals_ShouldWork [SKIP]
      This provider cannot run a CTAS batch.
    NextORM.Integration.Tests.SqlServerIntegrationTests.CreateTableAs_TempTableIfNotExists_ShouldBeRepeatable [SKIP]
      This provider cannot materialise a query into a temporary table.
    NextORM.Integration.Tests.SqlServerIntegrationTests.TempTableSource_ShouldRematerialiseOnEachExecution [SKIP]
      This provider cannot run a CTAS batch.
    NextORM.Integration.Tests.SqlServerIntegrationTests.TableFunction_JoinedToTable_ShouldReturnRows [SKIP]
      The shared table-valued function test uses SQLite's json_each; SQL Server exposes row-returning JSON through CROSS APPLY OPENJSON instead.
    NextORM.Integration.Tests.SqlServerIntegrationTests.Batch_CapturedParameterWithSameName_ShouldNotCollideAcrossStatements [SKIP]
      This provider cannot run a CTAS batch.
    NextORM.Integration.Tests.SqlServerIntegrationTests.CreateTableAs_WithCteBody_ShouldBeReadableOnTheSameContext [SKIP]
      This provider cannot materialise a query into a temporary table.
[testcontainers.org 00:00:42.83] Stop Docker container ff3bb6dd042f
[testcontainers.org 00:00:43.45] Stop Docker container 4ab2d4542432
[testcontainers.org 00:00:54.17] Stop Docker container d703aedb9b21
[testcontainers.org 00:00:57.73] Stop Docker container 914f06a0ba5f
[testcontainers.org 00:00:58.33] Stop Docker container 525af9d6a314
  Finished:    nextorm.integration.tests (ID = 'b4ece81caced377475cbe4ebc5ceca7103a9595a1230fab7f41a6fb60ce4340a')
=== TEST EXECUTION SUMMARY ===
   nextorm.integration.tests  Total: 3357, Errors: 0, Failed: 0, Skipped: 197, Not Run: 0, Time: 43.117s
