2026-10-09T18:23:05: Arguments
2026-10-09T18:23:05:  -reports:tests/coverage/coverage.cobertura.xml
2026-10-09T18:23:05:  -targetdir:tests/coverage/report
2026-10-09T18:23:05:  -reporttypes:Html;TextSummary;Cobertura
2026-10-09T18:23:05:  -riskhotspotassemblyfilters:+nextorm.*
2026-10-09T18:23:09: Writing report file 'tests/coverage/report/Cobertura.xml'
2026-10-09T18:23:09: Writing report file 'tests/coverage/report/index.html'
2026-10-09T18:23:09: Writing report file 'tests/coverage/report/Summary.txt'
2026-10-09T18:23:10: Report generation took 4.1 seconds
exit_code=0

# ===== CHECK r2 re-run 2026-10-09T13:35Z : dotnet tool run reportgenerator -reports:tests/coverage/coverage.cobertura.xml -targetdir:tests/coverage/report -reporttypes:Html;TextSummary;Cobertura -riskhotspotassemblyfilters:+nextorm.* =====
2026-10-09T18:35:11: Arguments
2026-10-09T18:35:11:  -reports:tests/coverage/coverage.cobertura.xml
2026-10-09T18:35:11:  -targetdir:tests/coverage/report
2026-10-09T18:35:11:  -reporttypes:Html;TextSummary;Cobertura
2026-10-09T18:35:11:  -riskhotspotassemblyfilters:+nextorm.*
2026-10-09T18:35:15: Writing report file 'tests/coverage/report/Cobertura.xml'
2026-10-09T18:35:15: Writing report file 'tests/coverage/report/index.html'
2026-10-09T18:35:16: Writing report file 'tests/coverage/report/Summary.txt'
2026-10-09T18:35:16: Report generation took 4.3 seconds
exit_code=0
