# ===== R190 re-verify (rv=2) acceptance benchmark (timeout 240) =====
# F (tested HEAD) = ee42f183ffa1d769da76a0ccaa024ec53a7885c9
# command: timeout 240 dotnet run --project benchmarks/nextorm.benchmark -c Release -- --anyCategories=acceptance
// Validating benchmarks:
// ***** BenchmarkRunner: Start   *****
// ***** Found 7 benchmark(s) in total *****
// ***** Building 1 exe(s) in Parallel: Start   *****
// ***** Done, took 00:00:00 (0.04 sec)   *****
// Found 1 benchmarks:
//   InMemoryBenchmarkAggregates.Nextorm_Count: ShortRun(Toolchain=InProcessEmitToolchain, IterationCount=3, LaunchCount=1, WarmupCount=3)

// **************************
// Benchmark: InMemoryBenchmarkAggregates.Nextorm_Count: ShortRun(Toolchain=InProcessEmitToolchain, IterationCount=3, LaunchCount=1, WarmupCount=3)
// *** Execute ***
// Launch: 1 / 1
// ! Failed to set up priority High for process System.Diagnostics.Process (nextorm.benchmark). Make sure you have the right permissions. Message: Permission denied

// Benchmark Process Environment Information:
// BenchmarkDotNet v0.15.8
// Runtime=.NET 10.0.12 (10.0.12, 10.0.1226.42308), X64 RyuJIT x86-64-v3
// GC=Concurrent Workstation
// HardwareIntrinsics=AVX2+BMI1+BMI2+F16C+FMA+LZCNT+MOVBE,AVX,SSE3+SSSE3+SSE4.1+SSE4.2+POPCNT,X86Base+SSE+SSE2,AES+PCLMUL VectorSize=256
// Job: Job-ZYJCSJ(Toolchain=InProcessEmitToolchain, IterationCount=3, LaunchCount=1, WarmupCount=3)

OverheadJitting  1: 1 op, 154738.00 ns, 154.7380 us/op
WorkloadJitting  1: 1 op, 87878930.00 ns, 87.8789 ms/op

WorkloadPilot    1: 2 op, 15252535.00 ns, 7.6263 ms/op
WorkloadPilot    2: 3 op, 22649742.00 ns, 7.5499 ms/op
WorkloadPilot    3: 4 op, 28653771.00 ns, 7.1634 ms/op
WorkloadPilot    4: 5 op, 36407087.00 ns, 7.2814 ms/op
WorkloadPilot    5: 6 op, 54635661.00 ns, 9.1059 ms/op
WorkloadPilot    6: 7 op, 56059157.00 ns, 8.0085 ms/op
WorkloadPilot    7: 8 op, 76553255.00 ns, 9.5692 ms/op
WorkloadPilot    8: 9 op, 71236020.00 ns, 7.9151 ms/op
WorkloadPilot    9: 10 op, 77525685.00 ns, 7.7526 ms/op
WorkloadPilot   10: 11 op, 83612027.00 ns, 7.6011 ms/op
WorkloadPilot   11: 12 op, 106467222.00 ns, 8.8723 ms/op
WorkloadPilot   12: 13 op, 97224494.00 ns, 7.4788 ms/op
WorkloadPilot   13: 14 op, 100896823.00 ns, 7.2069 ms/op
WorkloadPilot   14: 15 op, 125170918.00 ns, 8.3447 ms/op
WorkloadPilot   15: 16 op, 51987902.00 ns, 3.2492 ms/op
WorkloadPilot   16: 32 op, 165833639.00 ns, 5.1823 ms/op
WorkloadPilot   17: 64 op, 161316724.00 ns, 2.5206 ms/op
WorkloadPilot   18: 128 op, 291915876.00 ns, 2.2806 ms/op
WorkloadPilot   19: 256 op, 581486467.00 ns, 2.2714 ms/op

WorkloadWarmup   1: 256 op, 565754696.00 ns, 2.2100 ms/op
WorkloadWarmup   2: 256 op, 609618192.00 ns, 2.3813 ms/op
WorkloadWarmup   3: 256 op, 594078246.00 ns, 2.3206 ms/op

WorkloadActual   1: 256 op, 582155182.00 ns, 2.2740 ms/op
WorkloadActual   2: 256 op, 579212322.00 ns, 2.2625 ms/op
WorkloadActual   3: 256 op, 572720428.00 ns, 2.2372 ms/op

WorkloadResult   1: 256 op, 582155182.00 ns, 2.2740 ms/op
WorkloadResult   2: 256 op, 579212322.00 ns, 2.2625 ms/op
WorkloadResult   3: 256 op, 572720428.00 ns, 2.2372 ms/op
// GC:  11 0 0 98304000 256
// Threading:  0 0 256


Mean = 2.258 ms, StdErr = 0.011 ms (0.48%), N = 3, StdDev = 0.019 ms
Min = 2.237 ms, Q1 = 2.250 ms, Median = 2.263 ms, Q3 = 2.268 ms, Max = 2.274 ms
IQR = 0.018 ms, LowerFence = 2.222 ms, UpperFence = 2.296 ms
ConfidenceInterval = [1.914 ms; 2.602 ms] (CI 99.9%), Margin = 0.344 ms (15.24% of Mean)
Skewness = -0.23, Kurtosis = 0.67, MValue = 2

// ** Remained 6 (85.7 %) benchmark(s) to run. Estimated finish 2026-10-09 19:59 (0h 0m from now) **
// ***** BenchmarkRunner: Finish  *****

// * Export *
  BenchmarkDotNet.Artifacts/results/NextORM.Benchmark.InMemoryBenchmarkAggregates-report.csv
  BenchmarkDotNet.Artifacts/results/NextORM.Benchmark.InMemoryBenchmarkAggregates-report-github.md
  BenchmarkDotNet.Artifacts/results/NextORM.Benchmark.InMemoryBenchmarkAggregates-report.html

// * Detailed results *
InMemoryBenchmarkAggregates.Nextorm_Count: ShortRun(Toolchain=InProcessEmitToolchain, IterationCount=3, LaunchCount=1, WarmupCount=3)
Runtime = ; GC = 
Mean = 2.258 ms, StdErr = 0.011 ms (0.48%), N = 3, StdDev = 0.019 ms
Min = 2.237 ms, Q1 = 2.250 ms, Median = 2.263 ms, Q3 = 2.268 ms, Max = 2.274 ms
IQR = 0.018 ms, LowerFence = 2.222 ms, UpperFence = 2.296 ms
ConfidenceInterval = [1.914 ms; 2.602 ms] (CI 99.9%), Margin = 0.344 ms (15.24% of Mean)
Skewness = -0.23, Kurtosis = 0.67, MValue = 2
-------------------- Histogram --------------------
[2.220 ms ; 2.291 ms) | @@@
---------------------------------------------------

// * Summary *

BenchmarkDotNet v0.15.8, Linux Ubuntu 22.04.5 LTS (Jammy Jellyfish)
AMD Ryzen 7 5800HS with Radeon Graphics 3.19GHz, 1 CPU, 8 logical and 4 physical cores
.NET SDK 10.0.401
  [Host] : .NET 10.0.12 (10.0.12, 10.0.1226.42308), X64 RyuJIT x86-64-v3

Job=ShortRun  Toolchain=InProcessEmitToolchain  IterationCount=3  
LaunchCount=1  WarmupCount=3  Categories=acceptance,InMemoryNew  

| Method        | Mean     | Error     | StdDev    | Ratio | Gen0    | Allocated | Alloc Ratio |
|-------------- |---------:|----------:|----------:|------:|--------:|----------:|------------:|
| Nextorm_Count | 2.258 ms | 0.3440 ms | 0.0189 ms |  1.00 | 42.9688 |    375 KB |        1.00 |

// * Legends *
  Mean        : Arithmetic mean of all measurements
  Error       : Half of 99.9% confidence interval
  StdDev      : Standard deviation of all measurements
  Ratio       : Mean of the ratio distribution ([Current]/[Baseline])
  Gen0        : GC Generation 0 collects per 1000 operations
  Allocated   : Allocated memory per single operation (managed only, inclusive, 1KB = 1024B)
  Alloc Ratio : Allocated memory ratio distribution ([Current]/[Baseline])
  1 ms        : 1 Millisecond (0.001 sec)

// * Diagnostic Output - MemoryDiagnoser *


// ***** BenchmarkRunner: End *****
Run time: 00:00:06 (6.59 sec), executed benchmarks: 1

// Found 1 benchmarks:
//   InMemoryBenchmarkGroupBy.Nextorm_GroupByCount: ShortRun(Toolchain=InProcessEmitToolchain, IterationCount=3, LaunchCount=1, WarmupCount=3)

// **************************
// Benchmark: InMemoryBenchmarkGroupBy.Nextorm_GroupByCount: ShortRun(Toolchain=InProcessEmitToolchain, IterationCount=3, LaunchCount=1, WarmupCount=3)
// *** Execute ***
// Launch: 1 / 1
// ! Failed to set up priority High for process System.Diagnostics.Process (nextorm.benchmark). Make sure you have the right permissions. Message: Permission denied

// Benchmark Process Environment Information:
// BenchmarkDotNet v0.15.8
// Runtime=.NET 10.0.12 (10.0.12, 10.0.1226.42308), X64 RyuJIT x86-64-v3
// GC=Concurrent Workstation
// HardwareIntrinsics=AVX2+BMI1+BMI2+F16C+FMA+LZCNT+MOVBE,AVX,SSE3+SSSE3+SSE4.1+SSE4.2+POPCNT,X86Base+SSE+SSE2,AES+PCLMUL VectorSize=256
// Job: Job-ZYJCSJ(Toolchain=InProcessEmitToolchain, IterationCount=3, LaunchCount=1, WarmupCount=3)

OverheadJitting  1: 1 op, 180989.00 ns, 180.9890 us/op
WorkloadJitting  1: 1 op, 125541437.00 ns, 125.5414 ms/op

WorkloadPilot    1: 2 op, 174108722.00 ns, 87.0544 ms/op
WorkloadPilot    2: 3 op, 256487740.00 ns, 85.4959 ms/op
WorkloadPilot    3: 4 op, 327164500.00 ns, 81.7911 ms/op
WorkloadPilot    4: 5 op, 401295541.00 ns, 80.2591 ms/op
WorkloadPilot    5: 6 op, 486908891.00 ns, 81.1515 ms/op
WorkloadPilot    6: 7 op, 420747187.00 ns, 60.1067 ms/op
WorkloadPilot    7: 8 op, 473664818.00 ns, 59.2081 ms/op
WorkloadPilot    8: 9 op, 538327876.00 ns, 59.8142 ms/op

WorkloadWarmup   1: 9 op, 548428282.00 ns, 60.9365 ms/op
WorkloadWarmup   2: 9 op, 537780322.00 ns, 59.7534 ms/op
WorkloadWarmup   3: 9 op, 541249148.00 ns, 60.1388 ms/op

WorkloadActual   1: 9 op, 540092605.00 ns, 60.0103 ms/op
WorkloadActual   2: 9 op, 530008140.00 ns, 58.8898 ms/op
WorkloadActual   3: 9 op, 535182588.00 ns, 59.4647 ms/op

WorkloadResult   1: 9 op, 540092605.00 ns, 60.0103 ms/op
WorkloadResult   2: 9 op, 530008140.00 ns, 58.8898 ms/op
WorkloadResult   3: 9 op, 535182588.00 ns, 59.4647 ms/op
// GC:  56 18 0 472780920 9
// Threading:  0 0 9


Mean = 59.455 ms, StdErr = 0.323 ms (0.54%), N = 3, StdDev = 0.560 ms
Min = 58.890 ms, Q1 = 59.177 ms, Median = 59.465 ms, Q3 = 59.738 ms, Max = 60.010 ms
IQR = 0.560 ms, LowerFence = 58.337 ms, UpperFence = 60.578 ms
ConfidenceInterval = [49.233 ms; 69.677 ms] (CI 99.9%), Margin = 10.222 ms (17.19% of Mean)
Skewness = -0.02, Kurtosis = 0.67, MValue = 2

// ** Remained 5 (71.4 %) benchmark(s) to run. Estimated finish 2026-10-09 19:59 (0h 0m from now) **
// ***** BenchmarkRunner: Finish  *****

// * Export *
  BenchmarkDotNet.Artifacts/results/NextORM.Benchmark.InMemoryBenchmarkGroupBy-report.csv
  BenchmarkDotNet.Artifacts/results/NextORM.Benchmark.InMemoryBenchmarkGroupBy-report-github.md
  BenchmarkDotNet.Artifacts/results/NextORM.Benchmark.InMemoryBenchmarkGroupBy-report.html

// * Detailed results *
InMemoryBenchmarkGroupBy.Nextorm_GroupByCount: ShortRun(Toolchain=InProcessEmitToolchain, IterationCount=3, LaunchCount=1, WarmupCount=3)
Runtime = ; GC = 
Mean = 59.455 ms, StdErr = 0.323 ms (0.54%), N = 3, StdDev = 0.560 ms
Min = 58.890 ms, Q1 = 59.177 ms, Median = 59.465 ms, Q3 = 59.738 ms, Max = 60.010 ms
IQR = 0.560 ms, LowerFence = 58.337 ms, UpperFence = 60.578 ms
ConfidenceInterval = [49.233 ms; 69.677 ms] (CI 99.9%), Margin = 10.222 ms (17.19% of Mean)
Skewness = -0.02, Kurtosis = 0.67, MValue = 2
-------------------- Histogram --------------------
[58.380 ms ; 60.335 ms) | @@@
---------------------------------------------------

// * Summary *

BenchmarkDotNet v0.15.8, Linux Ubuntu 22.04.5 LTS (Jammy Jellyfish)
AMD Ryzen 7 5800HS with Radeon Graphics 3.19GHz, 1 CPU, 8 logical and 4 physical cores
.NET SDK 10.0.401
  [Host] : .NET 10.0.12 (10.0.12, 10.0.1226.42308), X64 RyuJIT x86-64-v3

Job=ShortRun  Toolchain=InProcessEmitToolchain  IterationCount=3  
LaunchCount=1  WarmupCount=3  Categories=acceptance,InMemoryNew  

| Method               | Mean     | Error    | StdDev   | Ratio | Gen0      | Gen1      | Allocated | Alloc Ratio |
|--------------------- |---------:|---------:|---------:|------:|----------:|----------:|----------:|------------:|
| Nextorm_GroupByCount | 59.45 ms | 10.22 ms | 0.560 ms |  1.00 | 6222.2222 | 2000.0000 |   50.1 MB |        1.00 |

// * Legends *
  Mean        : Arithmetic mean of all measurements
  Error       : Half of 99.9% confidence interval
  StdDev      : Standard deviation of all measurements
  Ratio       : Mean of the ratio distribution ([Current]/[Baseline])
  Gen0        : GC Generation 0 collects per 1000 operations
  Gen1        : GC Generation 1 collects per 1000 operations
  Allocated   : Allocated memory per single operation (managed only, inclusive, 1KB = 1024B)
  Alloc Ratio : Allocated memory ratio distribution ([Current]/[Baseline])
  1 ms        : 1 Millisecond (0.001 sec)

// * Diagnostic Output - MemoryDiagnoser *


// ***** BenchmarkRunner: End *****
Run time: 00:00:07 (7.05 sec), executed benchmarks: 1

// Found 1 benchmarks:
//   SqliteBenchmarkAny.Nextorm_Cached: ShortRun(Toolchain=InProcessEmitToolchain, IterationCount=3, LaunchCount=1, WarmupCount=3)

// **************************
// Benchmark: SqliteBenchmarkAny.Nextorm_Cached: ShortRun(Toolchain=InProcessEmitToolchain, IterationCount=3, LaunchCount=1, WarmupCount=3)
// *** Execute ***
// Launch: 1 / 1
// ! Failed to set up priority High for process System.Diagnostics.Process (nextorm.benchmark). Make sure you have the right permissions. Message: Permission denied

// Benchmark Process Environment Information:
// BenchmarkDotNet v0.15.8
// Runtime=.NET 10.0.12 (10.0.12, 10.0.1226.42308), X64 RyuJIT x86-64-v3
// GC=Concurrent Workstation
// HardwareIntrinsics=AVX2+BMI1+BMI2+F16C+FMA+LZCNT+MOVBE,AVX,SSE3+SSSE3+SSE4.1+SSE4.2+POPCNT,X86Base+SSE+SSE2,AES+PCLMUL VectorSize=256
// Job: Job-ZYJCSJ(Toolchain=InProcessEmitToolchain, IterationCount=3, LaunchCount=1, WarmupCount=3)

OverheadJitting  1: 1 op, 215441.00 ns, 215.4410 us/op
WorkloadJitting  1: 1 op, 32286372.00 ns, 32.2864 ms/op

OverheadJitting  2: 16 op, 245132.00 ns, 15.3208 us/op
WorkloadJitting  2: 16 op, 86276642.00 ns, 5.3923 ms/op

WorkloadPilot    1: 16 op, 84637344.00 ns, 5.2898 ms/op
WorkloadPilot    2: 32 op, 166984252.00 ns, 5.2183 ms/op
WorkloadPilot    3: 64 op, 310421861.00 ns, 4.8503 ms/op
WorkloadPilot    4: 128 op, 606051121.00 ns, 4.7348 ms/op

OverheadWarmup   1: 128 op, 2073.00 ns, 16.1953 ns/op
OverheadWarmup   2: 128 op, 590.00 ns, 4.6094 ns/op
OverheadWarmup   3: 128 op, 560.00 ns, 4.3750 ns/op
OverheadWarmup   4: 128 op, 560.00 ns, 4.3750 ns/op
OverheadWarmup   5: 128 op, 550.00 ns, 4.2969 ns/op
OverheadWarmup   6: 128 op, 551.00 ns, 4.3047 ns/op
OverheadWarmup   7: 128 op, 629.00 ns, 4.9141 ns/op
OverheadWarmup   8: 128 op, 629.00 ns, 4.9141 ns/op

OverheadActual   1: 128 op, 963.00 ns, 7.5234 ns/op
OverheadActual   2: 128 op, 1484.00 ns, 11.5938 ns/op
OverheadActual   3: 128 op, 815.00 ns, 6.3672 ns/op
OverheadActual   4: 128 op, 540.00 ns, 4.2188 ns/op
OverheadActual   5: 128 op, 1248.00 ns, 9.7500 ns/op
OverheadActual   6: 128 op, 983.00 ns, 7.6797 ns/op
OverheadActual   7: 128 op, 805.00 ns, 6.2891 ns/op
OverheadActual   8: 128 op, 491.00 ns, 3.8359 ns/op
OverheadActual   9: 128 op, 511.00 ns, 3.9922 ns/op
OverheadActual  10: 128 op, 521.00 ns, 4.0703 ns/op
OverheadActual  11: 128 op, 1975.00 ns, 15.4297 ns/op
OverheadActual  12: 128 op, 698.00 ns, 5.4531 ns/op
OverheadActual  13: 128 op, 688.00 ns, 5.3750 ns/op
OverheadActual  14: 128 op, 540.00 ns, 4.2188 ns/op
OverheadActual  15: 128 op, 551.00 ns, 4.3047 ns/op
OverheadActual  16: 128 op, 560.00 ns, 4.3750 ns/op
OverheadActual  17: 128 op, 1100.00 ns, 8.5938 ns/op
OverheadActual  18: 128 op, 1542.00 ns, 12.0469 ns/op
OverheadActual  19: 128 op, 864.00 ns, 6.7500 ns/op
OverheadActual  20: 128 op, 540.00 ns, 4.2188 ns/op

WorkloadWarmup   1: 128 op, 320648235.00 ns, 2.5051 ms/op
WorkloadWarmup   2: 128 op, 244222079.00 ns, 1.9080 ms/op
WorkloadWarmup   3: 128 op, 244205125.00 ns, 1.9079 ms/op

WorkloadActual   1: 128 op, 247517636.00 ns, 1.9337 ms/op
WorkloadActual   2: 128 op, 247859722.00 ns, 1.9364 ms/op
WorkloadActual   3: 128 op, 241910428.00 ns, 1.8899 ms/op

WorkloadResult   1: 128 op, 247516884.50 ns, 1.9337 ms/op
WorkloadResult   2: 128 op, 247858970.50 ns, 1.9364 ms/op
WorkloadResult   3: 128 op, 241909676.50 ns, 1.8899 ms/op
// GC:  9 0 0 79984480 128
// Threading:  0 0 128


Mean = 1.920 ms, StdErr = 0.015 ms (0.78%), N = 3, StdDev = 0.026 ms
Min = 1.890 ms, Q1 = 1.912 ms, Median = 1.934 ms, Q3 = 1.935 ms, Max = 1.936 ms
IQR = 0.023 ms, LowerFence = 1.877 ms, UpperFence = 1.970 ms
ConfidenceInterval = [1.444 ms; 2.396 ms] (CI 99.9%), Margin = 0.476 ms (24.80% of Mean)
Skewness = -0.38, Kurtosis = 0.67, MValue = 2

// ** Remained 4 (57.1 %) benchmark(s) to run. Estimated finish 2026-10-09 19:59 (0h 0m from now) **
// ***** BenchmarkRunner: Finish  *****

// * Export *
  BenchmarkDotNet.Artifacts/results/NextORM.Benchmark.SqliteBenchmarkAny-report.csv
  BenchmarkDotNet.Artifacts/results/NextORM.Benchmark.SqliteBenchmarkAny-report-github.md
  BenchmarkDotNet.Artifacts/results/NextORM.Benchmark.SqliteBenchmarkAny-report.html

// * Detailed results *
SqliteBenchmarkAny.Nextorm_Cached: ShortRun(Toolchain=InProcessEmitToolchain, IterationCount=3, LaunchCount=1, WarmupCount=3)
Runtime = ; GC = 
Mean = 1.920 ms, StdErr = 0.015 ms (0.78%), N = 3, StdDev = 0.026 ms
Min = 1.890 ms, Q1 = 1.912 ms, Median = 1.934 ms, Q3 = 1.935 ms, Max = 1.936 ms
IQR = 0.023 ms, LowerFence = 1.877 ms, UpperFence = 1.970 ms
ConfidenceInterval = [1.444 ms; 2.396 ms] (CI 99.9%), Margin = 0.476 ms (24.80% of Mean)
Skewness = -0.38, Kurtosis = 0.67, MValue = 2
-------------------- Histogram --------------------
[1.889 ms ; 1.937 ms) | @@@
---------------------------------------------------

// * Summary *

BenchmarkDotNet v0.15.8, Linux Ubuntu 22.04.5 LTS (Jammy Jellyfish)
AMD Ryzen 7 5800HS with Radeon Graphics 3.19GHz, 1 CPU, 8 logical and 4 physical cores
.NET SDK 10.0.401
  [Host] : .NET 10.0.12 (10.0.12, 10.0.1226.42308), X64 RyuJIT x86-64-v3

Job=ShortRun  Toolchain=InProcessEmitToolchain  IterationCount=3  
LaunchCount=1  WarmupCount=3  Categories=acceptance  

| Method         | Mean     | Error     | StdDev    | Gen0    | Allocated |
|--------------- |---------:|----------:|----------:|--------:|----------:|
| Nextorm_Cached | 1.920 ms | 0.4761 ms | 0.0261 ms | 70.3125 | 610.23 KB |

// * Legends *
  Mean      : Arithmetic mean of all measurements
  Error     : Half of 99.9% confidence interval
  StdDev    : Standard deviation of all measurements
  Gen0      : GC Generation 0 collects per 1000 operations
  Allocated : Allocated memory per single operation (managed only, inclusive, 1KB = 1024B)
  1 ms      : 1 Millisecond (0.001 sec)

// * Diagnostic Output - MemoryDiagnoser *


// ***** BenchmarkRunner: End *****
Run time: 00:00:03 (3.53 sec), executed benchmarks: 1

// Found 3 benchmarks:
//   SqliteBenchmarkCachedPlan.Prepared_ToList: ShortRun(Toolchain=InProcessEmitToolchain, IterationCount=3, LaunchCount=1, WarmupCount=3)
//   SqliteBenchmarkCachedPlan.Cached_ToList: ShortRun(Toolchain=InProcessEmitToolchain, IterationCount=3, LaunchCount=1, WarmupCount=3)
//   SqliteBenchmarkCachedPlan.Cached_PlanOnly_Param: ShortRun(Toolchain=InProcessEmitToolchain, IterationCount=3, LaunchCount=1, WarmupCount=3)

// **************************
// Benchmark: SqliteBenchmarkCachedPlan.Prepared_ToList: ShortRun(Toolchain=InProcessEmitToolchain, IterationCount=3, LaunchCount=1, WarmupCount=3)
// *** Execute ***
// Launch: 1 / 1
// ! Failed to set up priority High for process System.Diagnostics.Process (nextorm.benchmark). Make sure you have the right permissions. Message: Permission denied

// Benchmark Process Environment Information:
// BenchmarkDotNet v0.15.8
// Runtime=.NET 10.0.12 (10.0.12, 10.0.1226.42308), X64 RyuJIT x86-64-v3
// GC=Concurrent Workstation
// HardwareIntrinsics=AVX2+BMI1+BMI2+F16C+FMA+LZCNT+MOVBE,AVX,SSE3+SSSE3+SSE4.1+SSE4.2+POPCNT,X86Base+SSE+SSE2,AES+PCLMUL VectorSize=256
// Job: Job-ZYJCSJ(Toolchain=InProcessEmitToolchain, IterationCount=3, LaunchCount=1, WarmupCount=3)

OverheadJitting  1: 1 op, 304672.00 ns, 304.6720 us/op
WorkloadJitting  1: 1 op, 1652423.00 ns, 1.6524 ms/op

OverheadJitting  2: 16 op, 788605.00 ns, 49.2878 us/op
WorkloadJitting  2: 16 op, 15692830.00 ns, 980.8019 us/op

WorkloadPilot    1: 16 op, 15174628.00 ns, 948.4143 us/op
WorkloadPilot    2: 32 op, 30220401.00 ns, 944.3875 us/op
WorkloadPilot    3: 64 op, 59141728.00 ns, 924.0895 us/op
WorkloadPilot    4: 128 op, 123270496.00 ns, 963.0508 us/op
WorkloadPilot    5: 256 op, 233279621.00 ns, 911.2485 us/op
WorkloadPilot    6: 512 op, 471618685.00 ns, 921.1302 us/op
WorkloadPilot    7: 1024 op, 914090886.00 ns, 892.6669 us/op

OverheadWarmup   1: 1024 op, 4650.00 ns, 4.5410 ns/op
OverheadWarmup   2: 1024 op, 1748.00 ns, 1.7070 ns/op
OverheadWarmup   3: 1024 op, 1828.00 ns, 1.7852 ns/op
OverheadWarmup   4: 1024 op, 2205.00 ns, 2.1533 ns/op
OverheadWarmup   5: 1024 op, 2116.00 ns, 2.0664 ns/op
OverheadWarmup   6: 1024 op, 1918.00 ns, 1.8730 ns/op
OverheadWarmup   7: 1024 op, 1728.00 ns, 1.6875 ns/op
OverheadWarmup   8: 1024 op, 1709.00 ns, 1.6689 ns/op
OverheadWarmup   9: 1024 op, 2364.00 ns, 2.3086 ns/op
OverheadWarmup  10: 1024 op, 2196.00 ns, 2.1445 ns/op

OverheadActual   1: 1024 op, 2086.00 ns, 2.0371 ns/op
OverheadActual   2: 1024 op, 2007.00 ns, 1.9600 ns/op
OverheadActual   3: 1024 op, 1739.00 ns, 1.6982 ns/op
OverheadActual   4: 1024 op, 1778.00 ns, 1.7363 ns/op
OverheadActual   5: 1024 op, 2276.00 ns, 2.2227 ns/op
OverheadActual   6: 1024 op, 2176.00 ns, 2.1250 ns/op
OverheadActual   7: 1024 op, 2405.00 ns, 2.3486 ns/op
OverheadActual   8: 1024 op, 1729.00 ns, 1.6885 ns/op
OverheadActual   9: 1024 op, 1769.00 ns, 1.7275 ns/op
OverheadActual  10: 1024 op, 2335.00 ns, 2.2803 ns/op
OverheadActual  11: 1024 op, 2176.00 ns, 2.1250 ns/op
OverheadActual  12: 1024 op, 1938.00 ns, 1.8926 ns/op
OverheadActual  13: 1024 op, 1738.00 ns, 1.6973 ns/op
OverheadActual  14: 1024 op, 1739.00 ns, 1.6982 ns/op
OverheadActual  15: 1024 op, 2126.00 ns, 2.0762 ns/op
OverheadActual  16: 1024 op, 1809.00 ns, 1.7666 ns/op
OverheadActual  17: 1024 op, 1848.00 ns, 1.8047 ns/op
OverheadActual  18: 1024 op, 1828.00 ns, 1.7852 ns/op
OverheadActual  19: 1024 op, 2414.00 ns, 2.3574 ns/op
OverheadActual  20: 1024 op, 1798.00 ns, 1.7559 ns/op

WorkloadWarmup   1: 1024 op, 933518234.00 ns, 911.6389 us/op
WorkloadWarmup   2: 1024 op, 951266887.00 ns, 928.9716 us/op
WorkloadWarmup   3: 1024 op, 1020360374.00 ns, 996.4457 us/op

WorkloadActual   1: 1024 op, 977381566.00 ns, 954.4742 us/op
WorkloadActual   2: 1024 op, 923966993.00 ns, 902.3115 us/op
WorkloadActual   3: 1024 op, 916831249.00 ns, 895.3430 us/op

WorkloadResult   1: 1024 op, 977379673.00 ns, 954.4723 us/op
WorkloadResult   2: 1024 op, 923965100.00 ns, 902.3097 us/op
WorkloadResult   3: 1024 op, 916829356.00 ns, 895.3412 us/op
// GC:  9 0 0 79836368 1024
// Threading:  0 0 1024


Mean = 917.374 us, StdErr = 18.658 us (2.03%), N = 3, StdDev = 32.316 us
Min = 895.341 us, Q1 = 898.825 us, Median = 902.310 us, Q3 = 928.391 us, Max = 954.472 us
IQR = 29.566 us, LowerFence = 854.477 us, UpperFence = 972.739 us
ConfidenceInterval = [327.808 us; 1,506.941 us] (CI 99.9%), Margin = 589.567 us (64.27% of Mean)
Skewness = 0.36, Kurtosis = 0.67, MValue = 2

// ** Remained 3 (42.9 %) benchmark(s) to run. Estimated finish 2026-10-09 19:59 (0h 0m from now) **
// **************************
// Benchmark: SqliteBenchmarkCachedPlan.Cached_ToList: ShortRun(Toolchain=InProcessEmitToolchain, IterationCount=3, LaunchCount=1, WarmupCount=3)
// *** Execute ***
// Launch: 1 / 1
// ! Failed to set up priority High for process System.Diagnostics.Process (nextorm.benchmark). Make sure you have the right permissions. Message: Permission denied

// Benchmark Process Environment Information:
// BenchmarkDotNet v0.15.8
// Runtime=.NET 10.0.12 (10.0.12, 10.0.1226.42308), X64 RyuJIT x86-64-v3
// GC=Concurrent Workstation
// HardwareIntrinsics=AVX2+BMI1+BMI2+F16C+FMA+LZCNT+MOVBE,AVX,SSE3+SSSE3+SSE4.1+SSE4.2+POPCNT,X86Base+SSE+SSE2,AES+PCLMUL VectorSize=256
// Job: Job-ZYJCSJ(Toolchain=InProcessEmitToolchain, IterationCount=3, LaunchCount=1, WarmupCount=3)

OverheadJitting  1: 1 op, 398580.00 ns, 398.5800 us/op
WorkloadJitting  1: 1 op, 2762555.00 ns, 2.7626 ms/op

OverheadJitting  2: 16 op, 327658.00 ns, 20.4786 us/op
WorkloadJitting  2: 16 op, 36874948.00 ns, 2.3047 ms/op

WorkloadPilot    1: 16 op, 38977904.00 ns, 2.4361 ms/op
WorkloadPilot    2: 32 op, 70080657.00 ns, 2.1900 ms/op
WorkloadPilot    3: 64 op, 129690482.00 ns, 2.0264 ms/op
WorkloadPilot    4: 128 op, 238770430.00 ns, 1.8654 ms/op
WorkloadPilot    5: 256 op, 481597124.00 ns, 1.8812 ms/op
WorkloadPilot    6: 512 op, 985478307.00 ns, 1.9248 ms/op

OverheadWarmup   1: 512 op, 5587.00 ns, 10.9121 ns/op
OverheadWarmup   2: 512 op, 1570.00 ns, 3.0664 ns/op
OverheadWarmup   3: 512 op, 1117.00 ns, 2.1816 ns/op
OverheadWarmup   4: 512 op, 1289.00 ns, 2.5176 ns/op
OverheadWarmup   5: 512 op, 1832.00 ns, 3.5781 ns/op
OverheadWarmup   6: 512 op, 1702.00 ns, 3.3242 ns/op
OverheadWarmup   7: 512 op, 2205.00 ns, 4.3066 ns/op
OverheadWarmup   8: 512 op, 1651.00 ns, 3.2246 ns/op

OverheadActual   1: 512 op, 1671.00 ns, 3.2637 ns/op
OverheadActual   2: 512 op, 1671.00 ns, 3.2637 ns/op
OverheadActual   3: 512 op, 1429.00 ns, 2.7910 ns/op
OverheadActual   4: 512 op, 1631.00 ns, 3.1855 ns/op
OverheadActual   5: 512 op, 1520.00 ns, 2.9688 ns/op
OverheadActual   6: 512 op, 1691.00 ns, 3.3027 ns/op
OverheadActual   7: 512 op, 2778.00 ns, 5.4258 ns/op
OverheadActual   8: 512 op, 2064.00 ns, 4.0313 ns/op
OverheadActual   9: 512 op, 1933.00 ns, 3.7754 ns/op
OverheadActual  10: 512 op, 1570.00 ns, 3.0664 ns/op
OverheadActual  11: 512 op, 1882.00 ns, 3.6758 ns/op
OverheadActual  12: 512 op, 3030.00 ns, 5.9180 ns/op
OverheadActual  13: 512 op, 1813.00 ns, 3.5410 ns/op
OverheadActual  14: 512 op, 1802.00 ns, 3.5195 ns/op
OverheadActual  15: 512 op, 1722.00 ns, 3.3633 ns/op
OverheadActual  16: 512 op, 1832.00 ns, 3.5781 ns/op
OverheadActual  17: 512 op, 1611.00 ns, 3.1465 ns/op
OverheadActual  18: 512 op, 1450.00 ns, 2.8320 ns/op
OverheadActual  19: 512 op, 1510.00 ns, 2.9492 ns/op
OverheadActual  20: 512 op, 1339.00 ns, 2.6152 ns/op

WorkloadWarmup   1: 512 op, 988892634.00 ns, 1.9314 ms/op
WorkloadWarmup   2: 512 op, 956467081.00 ns, 1.8681 ms/op
WorkloadWarmup   3: 512 op, 1180600413.00 ns, 2.3059 ms/op

WorkloadActual   1: 512 op, 946627459.00 ns, 1.8489 ms/op
WorkloadActual   2: 512 op, 955840330.00 ns, 1.8669 ms/op
WorkloadActual   3: 512 op, 933071543.00 ns, 1.8224 ms/op

WorkloadResult   1: 512 op, 946625778.00 ns, 1.8489 ms/op
WorkloadResult   2: 512 op, 955838649.00 ns, 1.8669 ms/op
WorkloadResult   3: 512 op, 933069862.00 ns, 1.8224 ms/op
// GC:  36 0 0 306167064 512
// Threading:  0 0 512


Mean = 1.846 ms, StdErr = 0.013 ms (0.70%), N = 3, StdDev = 0.022 ms
Min = 1.822 ms, Q1 = 1.836 ms, Median = 1.849 ms, Q3 = 1.858 ms, Max = 1.867 ms
IQR = 0.022 ms, LowerFence = 1.802 ms, UpperFence = 1.891 ms
ConfidenceInterval = [1.438 ms; 2.254 ms] (CI 99.9%), Margin = 0.408 ms (22.11% of Mean)
Skewness = -0.12, Kurtosis = 0.67, MValue = 2

// ** Remained 2 (28.6 %) benchmark(s) to run. Estimated finish 2026-10-09 19:59 (0h 0m from now) **
// **************************
// Benchmark: SqliteBenchmarkCachedPlan.Cached_PlanOnly_Param: ShortRun(Toolchain=InProcessEmitToolchain, IterationCount=3, LaunchCount=1, WarmupCount=3)
// *** Execute ***
// Launch: 1 / 1
// ! Failed to set up priority High for process System.Diagnostics.Process (nextorm.benchmark). Make sure you have the right permissions. Message: Permission denied

// Benchmark Process Environment Information:
// BenchmarkDotNet v0.15.8
// Runtime=.NET 10.0.12 (10.0.12, 10.0.1226.42308), X64 RyuJIT x86-64-v3
// GC=Concurrent Workstation
// HardwareIntrinsics=AVX2+BMI1+BMI2+F16C+FMA+LZCNT+MOVBE,AVX,SSE3+SSSE3+SSE4.1+SSE4.2+POPCNT,X86Base+SSE+SSE2,AES+PCLMUL VectorSize=256
// Job: Job-ZYJCSJ(Toolchain=InProcessEmitToolchain, IterationCount=3, LaunchCount=1, WarmupCount=3)

OverheadJitting  1: 1 op, 585635.00 ns, 585.6350 us/op
WorkloadJitting  1: 1 op, 1504762.00 ns, 1.5048 ms/op

OverheadJitting  2: 16 op, 591798.00 ns, 36.9874 us/op
WorkloadJitting  2: 16 op, 10404523.00 ns, 650.2827 us/op

WorkloadPilot    1: 16 op, 12318973.00 ns, 769.9358 us/op
WorkloadPilot    2: 32 op, 22748383.00 ns, 710.8870 us/op
WorkloadPilot    3: 64 op, 47938634.00 ns, 749.0412 us/op
WorkloadPilot    4: 128 op, 79592730.00 ns, 621.8182 us/op
WorkloadPilot    5: 256 op, 148146020.00 ns, 578.6954 us/op
WorkloadPilot    6: 512 op, 284039030.00 ns, 554.7637 us/op
WorkloadPilot    7: 1024 op, 590487742.00 ns, 576.6482 us/op

OverheadWarmup   1: 1024 op, 7354.00 ns, 7.1816 ns/op
OverheadWarmup   2: 1024 op, 3616.00 ns, 3.5313 ns/op
OverheadWarmup   3: 1024 op, 3204.00 ns, 3.1289 ns/op
OverheadWarmup   4: 1024 op, 3345.00 ns, 3.2666 ns/op
OverheadWarmup   5: 1024 op, 4332.00 ns, 4.2305 ns/op
OverheadWarmup   6: 1024 op, 3213.00 ns, 3.1377 ns/op
OverheadWarmup   7: 1024 op, 4090.00 ns, 3.9941 ns/op
OverheadWarmup   8: 1024 op, 3445.00 ns, 3.3643 ns/op

OverheadActual   1: 1024 op, 4171.00 ns, 4.0732 ns/op
OverheadActual   2: 1024 op, 3808.00 ns, 3.7188 ns/op
OverheadActual   3: 1024 op, 3294.00 ns, 3.2168 ns/op
OverheadActual   4: 1024 op, 3203.00 ns, 3.1279 ns/op
OverheadActual   5: 1024 op, 3969.00 ns, 3.8760 ns/op
OverheadActual   6: 1024 op, 3899.00 ns, 3.8076 ns/op
OverheadActual   7: 1024 op, 3929.00 ns, 3.8369 ns/op
OverheadActual   8: 1024 op, 4181.00 ns, 4.0830 ns/op
OverheadActual   9: 1024 op, 4221.00 ns, 4.1221 ns/op
OverheadActual  10: 1024 op, 3637.00 ns, 3.5518 ns/op
OverheadActual  11: 1024 op, 5309.00 ns, 5.1846 ns/op
OverheadActual  12: 1024 op, 4393.00 ns, 4.2900 ns/op
OverheadActual  13: 1024 op, 3173.00 ns, 3.0986 ns/op
OverheadActual  14: 1024 op, 3647.00 ns, 3.5615 ns/op
OverheadActual  15: 1024 op, 4111.00 ns, 4.0146 ns/op
OverheadActual  16: 1024 op, 4725.00 ns, 4.6143 ns/op
OverheadActual  17: 1024 op, 3980.00 ns, 3.8867 ns/op
OverheadActual  18: 1024 op, 3667.00 ns, 3.5811 ns/op
OverheadActual  19: 1024 op, 3607.00 ns, 3.5225 ns/op
OverheadActual  20: 1024 op, 5027.00 ns, 4.9092 ns/op

WorkloadWarmup   1: 1024 op, 634338940.00 ns, 619.4716 us/op
WorkloadWarmup   2: 1024 op, 615960691.00 ns, 601.5241 us/op
WorkloadWarmup   3: 1024 op, 646223190.00 ns, 631.0773 us/op

WorkloadActual   1: 1024 op, 619097313.00 ns, 604.5872 us/op
WorkloadActual   2: 1024 op, 657203348.00 ns, 641.8001 us/op
WorkloadActual   3: 1024 op, 618752591.00 ns, 604.2506 us/op

WorkloadResult   1: 1024 op, 619093364.00 ns, 604.5834 us/op
WorkloadResult   2: 1024 op, 657199399.00 ns, 641.7963 us/op
WorkloadResult   3: 1024 op, 618748642.00 ns, 604.2467 us/op
// GC:  63 0 0 532496080 1024
// Threading:  0 0 1024


Mean = 616.875 us, StdErr = 12.461 us (2.02%), N = 3, StdDev = 21.583 us
Min = 604.247 us, Q1 = 604.415 us, Median = 604.583 us, Q3 = 623.190 us, Max = 641.796 us
IQR = 18.775 us, LowerFence = 576.253 us, UpperFence = 651.352 us
ConfidenceInterval = [223.126 us; 1,010.625 us] (CI 99.9%), Margin = 393.749 us (63.83% of Mean)
Skewness = 0.38, Kurtosis = 0.67, MValue = 2

// ** Remained 1 (14.3 %) benchmark(s) to run. Estimated finish 2026-10-09 19:59 (0h 0m from now) **
// ***** BenchmarkRunner: Finish  *****

// * Export *
  BenchmarkDotNet.Artifacts/results/NextORM.Benchmark.SqliteBenchmarkCachedPlan-report.csv
  BenchmarkDotNet.Artifacts/results/NextORM.Benchmark.SqliteBenchmarkCachedPlan-report-github.md
  BenchmarkDotNet.Artifacts/results/NextORM.Benchmark.SqliteBenchmarkCachedPlan-report.html

// * Detailed results *
SqliteBenchmarkCachedPlan.Cached_PlanOnly_Param: ShortRun(Toolchain=InProcessEmitToolchain, IterationCount=3, LaunchCount=1, WarmupCount=3)
Runtime = ; GC = 
Mean = 616.875 us, StdErr = 12.461 us (2.02%), N = 3, StdDev = 21.583 us
Min = 604.247 us, Q1 = 604.415 us, Median = 604.583 us, Q3 = 623.190 us, Max = 641.796 us
IQR = 18.775 us, LowerFence = 576.253 us, UpperFence = 651.352 us
ConfidenceInterval = [223.126 us; 1,010.625 us] (CI 99.9%), Margin = 393.749 us (63.83% of Mean)
Skewness = 0.38, Kurtosis = 0.67, MValue = 2
-------------------- Histogram --------------------
[603.380 us ; 642.663 us) | @@@
---------------------------------------------------

SqliteBenchmarkCachedPlan.Prepared_ToList: ShortRun(Toolchain=InProcessEmitToolchain, IterationCount=3, LaunchCount=1, WarmupCount=3)
Runtime = ; GC = 
Mean = 917.374 us, StdErr = 18.658 us (2.03%), N = 3, StdDev = 32.316 us
Min = 895.341 us, Q1 = 898.825 us, Median = 902.310 us, Q3 = 928.391 us, Max = 954.472 us
IQR = 29.566 us, LowerFence = 854.477 us, UpperFence = 972.739 us
ConfidenceInterval = [327.808 us; 1,506.941 us] (CI 99.9%), Margin = 589.567 us (64.27% of Mean)
Skewness = 0.36, Kurtosis = 0.67, MValue = 2
-------------------- Histogram --------------------
[865.932 us ; 928.234 us) | @@
[928.234 us ; 983.881 us) | @
---------------------------------------------------

SqliteBenchmarkCachedPlan.Cached_ToList: ShortRun(Toolchain=InProcessEmitToolchain, IterationCount=3, LaunchCount=1, WarmupCount=3)
Runtime = ; GC = 
Mean = 1.846 ms, StdErr = 0.013 ms (0.70%), N = 3, StdDev = 0.022 ms
Min = 1.822 ms, Q1 = 1.836 ms, Median = 1.849 ms, Q3 = 1.858 ms, Max = 1.867 ms
IQR = 0.022 ms, LowerFence = 1.802 ms, UpperFence = 1.891 ms
ConfidenceInterval = [1.438 ms; 2.254 ms] (CI 99.9%), Margin = 0.408 ms (22.11% of Mean)
Skewness = -0.12, Kurtosis = 0.67, MValue = 2
-------------------- Histogram --------------------
[1.802 ms ; 1.878 ms) | @@@
---------------------------------------------------

// * Summary *

BenchmarkDotNet v0.15.8, Linux Ubuntu 22.04.5 LTS (Jammy Jellyfish)
AMD Ryzen 7 5800HS with Radeon Graphics 3.19GHz, 1 CPU, 8 logical and 4 physical cores
.NET SDK 10.0.401
  [Host] : .NET 10.0.12 (10.0.12, 10.0.1226.42308), X64 RyuJIT x86-64-v3

Job=ShortRun  Runtime=.NET 10.0  Toolchain=InProcessEmitToolchain  
IterationCount=3  LaunchCount=1  WarmupCount=3  
Categories=acceptance  

| Method                | Mean       | Error    | StdDev   | Ratio | Gen0    | Allocated | Alloc Ratio |
|---------------------- |-----------:|---------:|---------:|------:|--------:|----------:|------------:|
| Cached_PlanOnly_Param |   616.9 us | 393.7 us | 21.58 us |  0.67 | 61.5234 | 507.83 KB |        6.67 |
| Prepared_ToList       |   917.4 us | 589.6 us | 32.32 us |  1.00 |  8.7891 |  76.14 KB |        1.00 |
| Cached_ToList         | 1,846.1 us | 408.1 us | 22.37 us |  2.01 | 70.3125 | 583.97 KB |        7.67 |

// * Hints *
HideColumnsAnalyser
  Summary -> Hidden columns: RatioSD

// * Legends *
  Mean        : Arithmetic mean of all measurements
  Error       : Half of 99.9% confidence interval
  StdDev      : Standard deviation of all measurements
  Ratio       : Mean of the ratio distribution ([Current]/[Baseline])
  Gen0        : GC Generation 0 collects per 1000 operations
  Allocated   : Allocated memory per single operation (managed only, inclusive, 1KB = 1024B)
  Alloc Ratio : Allocated memory ratio distribution ([Current]/[Baseline])
  1 us        : 1 Microsecond (0.000001 sec)

// * Diagnostic Output - MemoryDiagnoser *


// ***** BenchmarkRunner: End *****
Run time: 00:00:23 (23.55 sec), executed benchmarks: 3

// Found 1 benchmarks:
//   SqliteBenchmarkWhere.Nextorm_Cached_ToListAsync: ShortRun(Toolchain=InProcessEmitToolchain, IterationCount=3, LaunchCount=1, WarmupCount=3)

// **************************
// Benchmark: SqliteBenchmarkWhere.Nextorm_Cached_ToListAsync: ShortRun(Toolchain=InProcessEmitToolchain, IterationCount=3, LaunchCount=1, WarmupCount=3)
// *** Execute ***
// Launch: 1 / 1
// ! Failed to set up priority High for process System.Diagnostics.Process (nextorm.benchmark). Make sure you have the right permissions. Message: Permission denied

// Benchmark Process Environment Information:
// BenchmarkDotNet v0.15.8
// Runtime=.NET 10.0.12 (10.0.12, 10.0.1226.42308), X64 RyuJIT x86-64-v3
// GC=Concurrent Workstation
// HardwareIntrinsics=AVX2+BMI1+BMI2+F16C+FMA+LZCNT+MOVBE,AVX,SSE3+SSSE3+SSE4.1+SSE4.2+POPCNT,X86Base+SSE+SSE2,AES+PCLMUL VectorSize=256
// Job: Job-ZYJCSJ(Toolchain=InProcessEmitToolchain, IterationCount=3, LaunchCount=1, WarmupCount=3)

OverheadJitting  1: 1 op, 226631.00 ns, 226.6310 us/op
WorkloadJitting  1: 1 op, 13217364.00 ns, 13.2174 ms/op

OverheadJitting  2: 16 op, 353642.00 ns, 22.1026 us/op
WorkloadJitting  2: 16 op, 41601984.00 ns, 2.6001 ms/op

WorkloadPilot    1: 16 op, 45532124.00 ns, 2.8458 ms/op
WorkloadPilot    2: 32 op, 79233442.00 ns, 2.4760 ms/op
WorkloadPilot    3: 64 op, 161700693.00 ns, 2.5266 ms/op
WorkloadPilot    4: 128 op, 271931117.00 ns, 2.1245 ms/op
WorkloadPilot    5: 256 op, 495798330.00 ns, 1.9367 ms/op
WorkloadPilot    6: 512 op, 1006472906.00 ns, 1.9658 ms/op

OverheadWarmup   1: 512 op, 4973.00 ns, 9.7129 ns/op
OverheadWarmup   2: 512 op, 1745.00 ns, 3.4082 ns/op
OverheadWarmup   3: 512 op, 1079.00 ns, 2.1074 ns/op
OverheadWarmup   4: 512 op, 1130.00 ns, 2.2070 ns/op
OverheadWarmup   5: 512 op, 1129.00 ns, 2.2051 ns/op
OverheadWarmup   6: 512 op, 1473.00 ns, 2.8770 ns/op
OverheadWarmup   7: 512 op, 1281.00 ns, 2.5020 ns/op

OverheadActual   1: 512 op, 1120.00 ns, 2.1875 ns/op
OverheadActual   2: 512 op, 1139.00 ns, 2.2246 ns/op
OverheadActual   3: 512 op, 2038.00 ns, 3.9805 ns/op
OverheadActual   4: 512 op, 1422.00 ns, 2.7773 ns/op
OverheadActual   5: 512 op, 1109.00 ns, 2.1660 ns/op
OverheadActual   6: 512 op, 1079.00 ns, 2.1074 ns/op
OverheadActual   7: 512 op, 1099.00 ns, 2.1465 ns/op
OverheadActual   8: 512 op, 1271.00 ns, 2.4824 ns/op
OverheadActual   9: 512 op, 1109.00 ns, 2.1660 ns/op
OverheadActual  10: 512 op, 1473.00 ns, 2.8770 ns/op
OverheadActual  11: 512 op, 1655.00 ns, 3.2324 ns/op
OverheadActual  12: 512 op, 1412.00 ns, 2.7578 ns/op
OverheadActual  13: 512 op, 1211.00 ns, 2.3652 ns/op
OverheadActual  14: 512 op, 1493.00 ns, 2.9160 ns/op
OverheadActual  15: 512 op, 1130.00 ns, 2.2070 ns/op
OverheadActual  16: 512 op, 2108.00 ns, 4.1172 ns/op
OverheadActual  17: 512 op, 1755.00 ns, 3.4277 ns/op
OverheadActual  18: 512 op, 1563.00 ns, 3.0527 ns/op
OverheadActual  19: 512 op, 1896.00 ns, 3.7031 ns/op
OverheadActual  20: 512 op, 1462.00 ns, 2.8555 ns/op

WorkloadWarmup   1: 512 op, 1005305729.00 ns, 1.9635 ms/op
WorkloadWarmup   2: 512 op, 1009765465.00 ns, 1.9722 ms/op
WorkloadWarmup   3: 512 op, 996300560.00 ns, 1.9459 ms/op

WorkloadActual   1: 512 op, 981909266.00 ns, 1.9178 ms/op
WorkloadActual   2: 512 op, 958849178.00 ns, 1.8728 ms/op
WorkloadActual   3: 512 op, 957403071.00 ns, 1.8699 ms/op

WorkloadResult   1: 512 op, 981907849.00 ns, 1.9178 ms/op
WorkloadResult   2: 512 op, 958847761.00 ns, 1.8727 ms/op
WorkloadResult   3: 512 op, 957401654.00 ns, 1.8699 ms/op
// GC:  38 0 0 319008360 512
// Threading:  0 0 512


Mean = 1.887 ms, StdErr = 0.016 ms (0.82%), N = 3, StdDev = 0.027 ms
Min = 1.870 ms, Q1 = 1.871 ms, Median = 1.873 ms, Q3 = 1.895 ms, Max = 1.918 ms
IQR = 0.024 ms, LowerFence = 1.835 ms, UpperFence = 1.931 ms
ConfidenceInterval = [1.397 ms; 2.377 ms] (CI 99.9%), Margin = 0.490 ms (25.97% of Mean)
Skewness = 0.38, Kurtosis = 0.67, MValue = 2

// ** Remained 0 (0.0 %) benchmark(s) to run. Estimated finish 2026-10-09 19:59 (0h 0m from now) **
// ***** BenchmarkRunner: Finish  *****

// * Export *
  BenchmarkDotNet.Artifacts/results/NextORM.Benchmark.SqliteBenchmarkWhere-report.csv
  BenchmarkDotNet.Artifacts/results/NextORM.Benchmark.SqliteBenchmarkWhere-report-github.md
  BenchmarkDotNet.Artifacts/results/NextORM.Benchmark.SqliteBenchmarkWhere-report.html

// * Detailed results *
SqliteBenchmarkWhere.Nextorm_Cached_ToListAsync: ShortRun(Toolchain=InProcessEmitToolchain, IterationCount=3, LaunchCount=1, WarmupCount=3)
Runtime = ; GC = 
Mean = 1.887 ms, StdErr = 0.016 ms (0.82%), N = 3, StdDev = 0.027 ms
Min = 1.870 ms, Q1 = 1.871 ms, Median = 1.873 ms, Q3 = 1.895 ms, Max = 1.918 ms
IQR = 0.024 ms, LowerFence = 1.835 ms, UpperFence = 1.931 ms
ConfidenceInterval = [1.397 ms; 2.377 ms] (CI 99.9%), Margin = 0.490 ms (25.97% of Mean)
Skewness = 0.38, Kurtosis = 0.67, MValue = 2
-------------------- Histogram --------------------
[1.869 ms ; 1.918 ms) | @@@
---------------------------------------------------

// * Summary *

BenchmarkDotNet v0.15.8, Linux Ubuntu 22.04.5 LTS (Jammy Jellyfish)
AMD Ryzen 7 5800HS with Radeon Graphics 3.19GHz, 1 CPU, 8 logical and 4 physical cores
.NET SDK 10.0.401
  [Host] : .NET 10.0.12 (10.0.12, 10.0.1226.42308), X64 RyuJIT x86-64-v3

Job=ShortRun  Toolchain=InProcessEmitToolchain  IterationCount=3  
LaunchCount=1  WarmupCount=3  Categories=acceptance  
Error=0.4900 ms  StdDev=0.0269 ms  

| Method                     | Mean     | Gen0    | Allocated |
|--------------------------- |---------:|--------:|----------:|
| Nextorm_Cached_ToListAsync | 1.887 ms | 74.2188 | 608.46 KB |

// * Hints *
HideColumnsAnalyser
  Summary -> Hidden columns: Error, StdDev

// * Legends *
  Mean      : Arithmetic mean of all measurements
  Gen0      : GC Generation 0 collects per 1000 operations
  Allocated : Allocated memory per single operation (managed only, inclusive, 1KB = 1024B)
  1 ms      : 1 Millisecond (0.001 sec)

// * Diagnostic Output - MemoryDiagnoser *


// ***** BenchmarkRunner: End *****
Run time: 00:00:09 (9.17 sec), executed benchmarks: 1

Global total time: 00:00:50 (50.27 sec), executed benchmarks: 7
// * Artifacts cleanup *
Artifacts cleanup is finished
exit_code=0
