=== BUILD 2026-10-10T09:59:52Z ===
CMD: dotnet build tests/nextorm.alias.tests -c Debug --no-restore
  nextorm.core.sourcegenerator -> /home/alex/sources/nextorm/src/nextorm.core.sourcegenerator/bin/linux/Debug/netstandard2.0/nextorm.core.sourcegenerator.dll
  nextorm.core -> /home/alex/sources/nextorm/src/nextorm.core/bin/linux/Debug/net10.0/nextorm.core.dll
  nextorm.sqlite -> /home/alex/sources/nextorm/src/nextorm.sqlite/bin/linux/Debug/net10.0/nextorm.sqlite.dll
  nextorm.alias.tests -> /home/alex/sources/nextorm/tests/nextorm.alias.tests/bin/linux/Debug/net10.0/nextorm.alias.tests.dll

Build succeeded.
    0 Warning(s)
    0 Error(s)

Time Elapsed 00:00:04.39
BUILD_EXIT=0

=== INNER TEST 2026-10-10T10:00:00Z ===
CMD: dotnet test tests/nextorm.alias.tests -c Debug --filter FullyQualifiedName~JoinAliasGeneratorDiagnosticTests
Running tests from /home/alex/sources/nextorm/tests/nextorm.alias.tests/bin/linux/Debug/net10.0/nextorm.alias.tests.dll (net10.0|x64)
failed NextORM.AliasTests.JoinAliasGeneratorDiagnosticTests.R07_generation_is_order_independent_and_repeatable (83ms)
  from /home/alex/sources/nextorm/tests/nextorm.alias.tests/bin/linux/Debug/net10.0/nextorm.alias.tests.dll (net10.0|x64)
  Expected forwardText "// <auto-generated />
  #nullable disable
  #pragma warning disable CS1591
  namespace NextORM.Generated.AliasHarness
  {
      public static class Alias
      {
          public sealed class BuyerMarker { }
          public sealed class SellerMarker { }
          public static BuyerMarker Buyer { get; } = new BuyerMarker();
          public static SellerMarker Seller { get; } = new SellerMarker();
      }
      public class AliasProjection_P1_A2_Buyer<T1, T2> : global::NextORM.Core.Projection<T1, T2>
      {
          [global::NextORM.Core.JoinSlot(2)]
          public T2 Buyer => throw new global::System.NotSupportedException();
      }
  
      public class AliasJoin_P1_A2_Buyer<T1, T2> : global::NextORM.Core.EntityBuilder<NextORM.Generated.AliasHarness.AliasProjection_P1_A2_Buyer<T1, T2>>
      {
          public AliasJoin_P1_A2_Buyer(global::NextORM.Core.IDataContext dataProvider) : base(dataProvider) { }
      }
  
      public class AliasProjection_P1_A2_Seller<T1, T2> : global::NextORM.Core.Projection<T1, T2>
      {
          [global::NextORM.Core.JoinSlot(2)]
          public T2 Seller => throw new global::System.NotSupportedException();
      }
  
      public class AliasJoin_P1_A2_Seller<T1, T2> : global::NextORM.Core.EntityBuilder<NextORM.Generated.AliasHarness.AliasProjection_P1_A2_Seller<T1, T2>>
      {
          public AliasJoin_P1_A2_Seller(global::NextORM.Core.IDataContext dataProvider) : base(dataProvider) { }
      }
  
      public static class JoinAliasExtensions
      {
          public static NextORM.Generated.AliasHarness.AliasJoin_P1_A2_Buyer<global::Harness.Order, TJoin> Join<TJoin>(
              this global::NextORM.Core.EntityBuilder<global::Harness.Order> self,
              global::NextORM.Core.EntityBuilder<TJoin> _,
              global::System.Linq.Expressions.Expression<global::System.Func<global::Harness.Order, TJoin, bool>> condition,
              NextORM.Generated.AliasHarness.Alias.BuyerMarker marker)
              => self.JoinAlias<NextORM.Generated.AliasHarness.AliasJoin_P1_A2_Buyer<global::Harness.Order, TJoin>, NextORM.Generated.AliasHarness.AliasProjection_P1_A2_Buyer<global::Harness.Order, TJoin>, TJoin>(
                  static dc => new NextORM.Generated.AliasHarness.AliasJoin_P1_A2_Buyer<global::Harness.Order, TJoin>(dc),
                  _,
                  condition,
                  global::NextORM.Core.JoinType.Inner);
          public static NextORM.Generated.AliasHarness.AliasJoin_P1_A2_Seller<global::Harness.Person, TJoin> Join<TJoin>(
              this global::NextORM.Core.EntityBuilder<global::Harness.Person> self,
              global::NextORM.Core.EntityBuilder<TJoin> _,
              global::System.Linq.Expressions.Expression<global::System.Func<global::Harness.Person, TJoin, bool>> condition,
              NextORM.Generated.AliasHarness.Alias.SellerMarker marker)
              => self.JoinAlias<NextORM.Generated.AliasHarness.AliasJoin_P1_A2_Seller<global::Harness.Person, TJoin>, NextORM.Generated.AliasHarness.AliasProjection_P1_A2_Seller<global::Harness.Person, TJoin>, TJoin>(
                  static dc => new NextORM.Generated.AliasHarness.AliasJoin_P1_A2_Seller<global::Harness.Person, TJoin>(dc),
                  _,
                  condition,
                  global::NextORM.Core.JoinType.Inner);
      }
  }
  " to contain "public class AliasJoin_P1_A2_Buyer<global::Harness.Order, global::Harness.Person>".
    at FluentAssertions.Execution.LateBoundTestFramework.Throw(String message)
    at FluentAssertions.Execution.TestFrameworkProvider.Throw(String message)
    at FluentAssertions.Execution.DefaultAssertionStrategy.HandleFailure(String message)
    at FluentAssertions.Execution.AssertionScope.FailWith(Func`1 failReasonFunc)
    at FluentAssertions.Execution.AssertionScope.FailWith(Func`1 failReasonFunc)
    at FluentAssertions.Execution.AssertionScope.FailWith(String message, Object[] args)
    at FluentAssertions.Primitives.StringAssertions`1.Contain(String expected, String because, Object[] becauseArgs)
    at NextORM.AliasTests.JoinAliasGeneratorDiagnosticTests.R07_generation_is_order_independent_and_repeatable() in /home/alex/sources/nextorm/tests/nextorm.alias.tests/JoinAliasGeneratorDiagnosticTests.cs:467
    at System.Reflection.MethodBaseInvoker.InterpretedInvoke_Method(Object obj, IntPtr* args)
    at System.Reflection.MethodBaseInvoker.InvokeWithNoArgs(Object obj, BindingFlags invokeAttr)
failed NextORM.AliasTests.JoinAliasGeneratorDiagnosticTests.R03_control_distinct_aliases_process_both_call_sites (15ms)
  from /home/alex/sources/nextorm/tests/nextorm.alias.tests/bin/linux/Debug/net10.0/nextorm.alias.tests.dll (net10.0|x64)
  Expected generated "// <auto-generated />
  #nullable disable
  #pragma warning disable CS1591
  namespace NextORM.Generated.AliasHarness
  {
      public static class Alias
      {
          public sealed class XMarker { }
          public sealed class YMarker { }
          public static XMarker X { get; } = new XMarker();
          public static YMarker Y { get; } = new YMarker();
      }
      public class AliasProjection_P1_A2_X<T1, T2> : global::NextORM.Core.Projection<T1, T2>
      {
          [global::NextORM.Core.JoinSlot(2)]
          public T2 X => throw new global::System.NotSupportedException();
      }
  
      public class AliasJoin_P1_A2_X<T1, T2> : global::NextORM.Core.EntityBuilder<NextORM.Generated.AliasHarness.AliasProjection_P1_A2_X<T1, T2>>
      {
          public AliasJoin_P1_A2_X(global::NextORM.Core.IDataContext dataProvider) : base(dataProvider) { }
      }
  
      public class AliasProjection_P1_A2_Y<T1, T2> : global::NextORM.Core.Projection<T1, T2>
      {
          [global::NextORM.Core.JoinSlot(2)]
          public T2 Y => throw new global::System.NotSupportedException();
      }
  
      public class AliasJoin_P1_A2_Y<T1, T2> : global::NextORM.Core.EntityBuilder<NextORM.Generated.AliasHarness.AliasProjection_P1_A2_Y<T1, T2>>
      {
          public AliasJoin_P1_A2_Y(global::NextORM.Core.IDataContext dataProvider) : base(dataProvider) { }
      }
  
      public static class JoinAliasExtensions
      {
          public static NextORM.Generated.AliasHarness.AliasJoin_P1_A2_X<global::Harness.Order, TJoin> Join<TJoin>(
              this global::NextORM.Core.EntityBuilder<global::Harness.Order> self,
              global::NextORM.Core.EntityBuilder<TJoin> _,
              global::System.Linq.Expressions.Expression<global::System.Func<global::Harness.Order, TJoin, bool>> condition,
              NextORM.Generated.AliasHarness.Alias.XMarker marker)
              => self.JoinAlias<NextORM.Generated.AliasHarness.AliasJoin_P1_A2_X<global::Harness.Order, TJoin>, NextORM.Generated.AliasHarness.AliasProjection_P1_A2_X<global::Harness.Order, TJoin>, TJoin>(
                  static dc => new NextORM.Generated.AliasHarness.AliasJoin_P1_A2_X<global::Harness.Order, TJoin>(dc),
                  _,
                  condition,
                  global::NextORM.Core.JoinType.Inner);
          public static NextORM.Generated.AliasHarness.AliasJoin_P1_A2_Y<global::Harness.Order, TJoin> Join<TJoin>(
              this global::NextORM.Core.EntityBuilder<global::Harness.Order> self,
              global::NextORM.Core.EntityBuilder<TJoin> _,
              global::System.Linq.Expressions.Expression<global::System.Func<global::Harness.Order, TJoin, bool>> condition,
              NextORM.Generated.AliasHarness.Alias.YMarker marker)
              => self.JoinAlias<NextORM.Generated.AliasHarness.AliasJoin_P1_A2_Y<global::Harness.Order, TJoin>, NextORM.Generated.AliasHarness.AliasProjection_P1_A2_Y<global::Harness.Order, TJoin>, TJoin>(
                  static dc => new NextORM.Generated.AliasHarness.AliasJoin_P1_A2_Y<global::Harness.Order, TJoin>(dc),
                  _,
                  condition,
                  global::NextORM.Core.JoinType.Inner);
      }
  }
  " to contain "public class AliasJoin_P1_A2_X<global::Harness.Order, global::Harness.Person>".
    at FluentAssertions.Execution.LateBoundTestFramework.Throw(String message)
    at FluentAssertions.Execution.TestFrameworkProvider.Throw(String message)
    at FluentAssertions.Execution.DefaultAssertionStrategy.HandleFailure(String message)
    at FluentAssertions.Execution.AssertionScope.FailWith(Func`1 failReasonFunc)
    at FluentAssertions.Execution.AssertionScope.FailWith(Func`1 failReasonFunc)
    at FluentAssertions.Execution.AssertionScope.FailWith(String message, Object[] args)
    at FluentAssertions.Primitives.StringAssertions`1.Contain(String expected, String because, Object[] becauseArgs)
    at NextORM.AliasTests.JoinAliasGeneratorDiagnosticTests.R03_control_distinct_aliases_process_both_call_sites() in /home/alex/sources/nextorm/tests/nextorm.alias.tests/JoinAliasGeneratorDiagnosticTests.cs:418
    at System.Reflection.MethodBaseInvoker.InterpretedInvoke_Method(Object obj, IntPtr* args)
    at System.Reflection.MethodBaseInvoker.InvokeWithNoArgs(Object obj, BindingFlags invokeAttr)
/home/alex/sources/nextorm/tests/nextorm.alias.tests/bin/linux/Debug/net10.0/nextorm.alias.tests.dll (net10.0|x64) failed with 2 error(s) (2s 236ms)
Exit code: 2

  In process file artifacts produced:
    - For test 'NextORM.AliasTests.JoinAliasGeneratorDiagnosticTests.R03_byte_identical_distinct_chains_collapse_to_one_method': /home/alex/sources/nextorm/tests/TestResults/nextorm.alias.tests/eefb18f047e2d03f09d08a810eec16342e2920635374f0b9ca4a220e4932e97e/R03-compiler.txt
    - For test 'NextORM.AliasTests.JoinAliasGeneratorDiagnosticTests.R03_byte_identical_distinct_chains_collapse_to_one_method': /home/alex/sources/nextorm/tests/TestResults/nextorm.alias.tests/eefb18f047e2d03f09d08a810eec16342e2920635374f0b9ca4a220e4932e97e/R03-diagnostics.txt
    - For test 'NextORM.AliasTests.JoinAliasGeneratorDiagnosticTests.R03_byte_identical_distinct_chains_collapse_to_one_method': /home/alex/sources/nextorm/tests/TestResults/nextorm.alias.tests/eefb18f047e2d03f09d08a810eec16342e2920635374f0b9ca4a220e4932e97e/R03-generated.cs.txt
    - For test 'NextORM.AliasTests.JoinAliasGeneratorDiagnosticTests.R07_generation_is_order_independent_and_repeatable': /home/alex/sources/nextorm/tests/TestResults/nextorm.alias.tests/cc9c1bbe2190f9788ed578c18b6763029116b360740b9ccd81e58aa041ae3552/R07-reversed-generated.cs.txt
    - For test 'NextORM.AliasTests.JoinAliasGeneratorDiagnosticTests.R07_generation_is_order_independent_and_repeatable': /home/alex/sources/nextorm/tests/TestResults/nextorm.alias.tests/cc9c1bbe2190f9788ed578c18b6763029116b360740b9ccd81e58aa041ae3552/R07-forward-generated.cs.txt
    - For test 'NextORM.AliasTests.JoinAliasGeneratorDiagnosticTests.R03_control_distinct_aliases_process_both_call_sites': /home/alex/sources/nextorm/tests/TestResults/nextorm.alias.tests/17cebb4a35a82ef7bb87368f250c131e801b8a10575a03a8c6778b7f5f52b674/R03-control-compiler.txt
    - For test 'NextORM.AliasTests.JoinAliasGeneratorDiagnosticTests.R03_control_distinct_aliases_process_both_call_sites': /home/alex/sources/nextorm/tests/TestResults/nextorm.alias.tests/17cebb4a35a82ef7bb87368f250c131e801b8a10575a03a8c6778b7f5f52b674/R03-control-generated.cs.txt
    - For test 'NextORM.AliasTests.JoinAliasGeneratorDiagnosticTests.R03_intermediate_cte_alias_join_is_supported_without_false_NORMGEN007': /home/alex/sources/nextorm/tests/TestResults/nextorm.alias.tests/bc9459c921aef494a254553e32b000f6360e37577f64af553c4ae5002eb23fef/R03-cte-diagnostics.txt
    - For test 'NextORM.AliasTests.JoinAliasGeneratorDiagnosticTests.R03_intermediate_cte_alias_join_is_supported_without_false_NORMGEN007': /home/alex/sources/nextorm/tests/TestResults/nextorm.alias.tests/bc9459c921aef494a254553e32b000f6360e37577f64af553c4ae5002eb23fef/R03-cte-generated.cs.txt

Test run summary: Failed!
  total: 22
  failed: 2
  succeeded: 20
  skipped: 0
  duration: 2s 484ms
Test run completed with non-success exit code: 2 (see: https://aka.ms/testingplatform/exitcodes)
INNER_EXIT=2

=== REBUILD 2026-10-10T10:00:20Z ===
CMD: dotnet build tests/nextorm.alias.tests -c Debug --no-restore
  nextorm.core.sourcegenerator -> /home/alex/sources/nextorm/src/nextorm.core.sourcegenerator/bin/linux/Debug/netstandard2.0/nextorm.core.sourcegenerator.dll
  nextorm.core -> /home/alex/sources/nextorm/src/nextorm.core/bin/linux/Debug/net10.0/nextorm.core.dll
  nextorm.sqlite -> /home/alex/sources/nextorm/src/nextorm.sqlite/bin/linux/Debug/net10.0/nextorm.sqlite.dll
  nextorm.alias.tests -> /home/alex/sources/nextorm/tests/nextorm.alias.tests/bin/linux/Debug/net10.0/nextorm.alias.tests.dll

Build succeeded.
    0 Warning(s)
    0 Error(s)

Time Elapsed 00:00:02.98
REBUILD_EXIT=0

=== INNER TEST RERUN 2026-10-10T10:00:23Z ===
CMD: dotnet test tests/nextorm.alias.tests -c Debug --filter FullyQualifiedName~JoinAliasGeneratorDiagnosticTests
Running tests from /home/alex/sources/nextorm/tests/nextorm.alias.tests/bin/linux/Debug/net10.0/nextorm.alias.tests.dll (net10.0|x64)
/home/alex/sources/nextorm/tests/nextorm.alias.tests/bin/linux/Debug/net10.0/nextorm.alias.tests.dll (net10.0|x64) passed (2s 065ms)

  In process file artifacts produced:
    - For test 'NextORM.AliasTests.JoinAliasGeneratorDiagnosticTests.R03_byte_identical_distinct_chains_collapse_to_one_method': /home/alex/sources/nextorm/tests/TestResults/nextorm.alias.tests/eefb18f047e2d03f09d08a810eec16342e2920635374f0b9ca4a220e4932e97e/R03-compiler.txt
    - For test 'NextORM.AliasTests.JoinAliasGeneratorDiagnosticTests.R03_byte_identical_distinct_chains_collapse_to_one_method': /home/alex/sources/nextorm/tests/TestResults/nextorm.alias.tests/eefb18f047e2d03f09d08a810eec16342e2920635374f0b9ca4a220e4932e97e/R03-diagnostics.txt
    - For test 'NextORM.AliasTests.JoinAliasGeneratorDiagnosticTests.R03_byte_identical_distinct_chains_collapse_to_one_method': /home/alex/sources/nextorm/tests/TestResults/nextorm.alias.tests/eefb18f047e2d03f09d08a810eec16342e2920635374f0b9ca4a220e4932e97e/R03-generated.cs.txt
    - For test 'NextORM.AliasTests.JoinAliasGeneratorDiagnosticTests.R07_generation_is_order_independent_and_repeatable': /home/alex/sources/nextorm/tests/TestResults/nextorm.alias.tests/cc9c1bbe2190f9788ed578c18b6763029116b360740b9ccd81e58aa041ae3552/R07-reversed-generated.cs.txt
    - For test 'NextORM.AliasTests.JoinAliasGeneratorDiagnosticTests.R07_generation_is_order_independent_and_repeatable': /home/alex/sources/nextorm/tests/TestResults/nextorm.alias.tests/cc9c1bbe2190f9788ed578c18b6763029116b360740b9ccd81e58aa041ae3552/R07-forward-generated.cs.txt
    - For test 'NextORM.AliasTests.JoinAliasGeneratorDiagnosticTests.R03_control_distinct_aliases_process_both_call_sites': /home/alex/sources/nextorm/tests/TestResults/nextorm.alias.tests/17cebb4a35a82ef7bb87368f250c131e801b8a10575a03a8c6778b7f5f52b674/R03-control-compiler.txt
    - For test 'NextORM.AliasTests.JoinAliasGeneratorDiagnosticTests.R03_control_distinct_aliases_process_both_call_sites': /home/alex/sources/nextorm/tests/TestResults/nextorm.alias.tests/17cebb4a35a82ef7bb87368f250c131e801b8a10575a03a8c6778b7f5f52b674/R03-control-generated.cs.txt
    - For test 'NextORM.AliasTests.JoinAliasGeneratorDiagnosticTests.R03_intermediate_cte_alias_join_is_supported_without_false_NORMGEN007': /home/alex/sources/nextorm/tests/TestResults/nextorm.alias.tests/bc9459c921aef494a254553e32b000f6360e37577f64af553c4ae5002eb23fef/R03-cte-diagnostics.txt
    - For test 'NextORM.AliasTests.JoinAliasGeneratorDiagnosticTests.R03_intermediate_cte_alias_join_is_supported_without_false_NORMGEN007': /home/alex/sources/nextorm/tests/TestResults/nextorm.alias.tests/bc9459c921aef494a254553e32b000f6360e37577f64af553c4ae5002eb23fef/R03-cte-generated.cs.txt

Test run summary: Passed!
  total: 22
  failed: 0
  succeeded: 22
  skipped: 0
  duration: 2s 295ms
INNER_EXIT=0

=== NEGATIVE DEMO (temporarily renamed required decl to ABSENT) 2026-10-10T10:00:33Z ===
CMD: dotnet build tests/nextorm.alias.tests -c Debug --no-restore
  nextorm.core.sourcegenerator -> /home/alex/sources/nextorm/src/nextorm.core.sourcegenerator/bin/linux/Debug/netstandard2.0/nextorm.core.sourcegenerator.dll
  nextorm.core -> /home/alex/sources/nextorm/src/nextorm.core/bin/linux/Debug/net10.0/nextorm.core.dll
  nextorm.sqlite -> /home/alex/sources/nextorm/src/nextorm.sqlite/bin/linux/Debug/net10.0/nextorm.sqlite.dll
  nextorm.alias.tests -> /home/alex/sources/nextorm/tests/nextorm.alias.tests/bin/linux/Debug/net10.0/nextorm.alias.tests.dll

Build succeeded.
    0 Warning(s)
    0 Error(s)

Time Elapsed 00:00:02.49
NEG_BUILD_EXIT=0
CMD: dotnet test tests/nextorm.alias.tests -c Debug --filter FullyQualifiedName~R07_generation_is_order_independent_and_repeatable
Running tests from /home/alex/sources/nextorm/tests/nextorm.alias.tests/bin/linux/Debug/net10.0/nextorm.alias.tests.dll (net10.0|x64)
failed NextORM.AliasTests.JoinAliasGeneratorDiagnosticTests.R07_generation_is_order_independent_and_repeatable (1s 081ms)
  from /home/alex/sources/nextorm/tests/nextorm.alias.tests/bin/linux/Debug/net10.0/nextorm.alias.tests.dll (net10.0|x64)
  Expected forwardText "// <auto-generated />
  #nullable disable
  #pragma warning disable CS1591
  namespace NextORM.Generated.AliasHarness
  {
      public static class Alias
      {
          public sealed class BuyerMarker { }
          public sealed class SellerMarker { }
          public static BuyerMarker Buyer { get; } = new BuyerMarker();
          public static SellerMarker Seller { get; } = new SellerMarker();
      }
      public class AliasProjection_P1_A2_Buyer<T1, T2> : global::NextORM.Core.Projection<T1, T2>
      {
          [global::NextORM.Core.JoinSlot(2)]
          public T2 Buyer => throw new global::System.NotSupportedException();
      }
  
      public class AliasJoin_P1_A2_Buyer<T1, T2> : global::NextORM.Core.EntityBuilder<NextORM.Generated.AliasHarness.AliasProjection_P1_A2_Buyer<T1, T2>>
      {
          public AliasJoin_P1_A2_Buyer(global::NextORM.Core.IDataContext dataProvider) : base(dataProvider) { }
      }
  
      public class AliasProjection_P1_A2_Seller<T1, T2> : global::NextORM.Core.Projection<T1, T2>
      {
          [global::NextORM.Core.JoinSlot(2)]
          public T2 Seller => throw new global::System.NotSupportedException();
      }
  
      public class AliasJoin_P1_A2_Seller<T1, T2> : global::NextORM.Core.EntityBuilder<NextORM.Generated.AliasHarness.AliasProjection_P1_A2_Seller<T1, T2>>
      {
          public AliasJoin_P1_A2_Seller(global::NextORM.Core.IDataContext dataProvider) : base(dataProvider) { }
      }
  
      public static class JoinAliasExtensions
      {
          public static NextORM.Generated.AliasHarness.AliasJoin_P1_A2_Buyer<global::Harness.Order, TJoin> Join<TJoin>(
              this global::NextORM.Core.EntityBuilder<global::Harness.Order> self,
              global::NextORM.Core.EntityBuilder<TJoin> _,
              global::System.Linq.Expressions.Expression<global::System.Func<global::Harness.Order, TJoin, bool>> condition,
              NextORM.Generated.AliasHarness.Alias.BuyerMarker marker)
              => self.JoinAlias<NextORM.Generated.AliasHarness.AliasJoin_P1_A2_Buyer<global::Harness.Order, TJoin>, NextORM.Generated.AliasHarness.AliasProjection_P1_A2_Buyer<global::Harness.Order, TJoin>, TJoin>(
                  static dc => new NextORM.Generated.AliasHarness.AliasJoin_P1_A2_Buyer<global::Harness.Order, TJoin>(dc),
                  _,
                  condition,
                  global::NextORM.Core.JoinType.Inner);
          public static NextORM.Generated.AliasHarness.AliasJoin_P1_A2_Seller<global::Harness.Person, TJoin> Join<TJoin>(
              this global::NextORM.Core.EntityBuilder<global::Harness.Person> self,
              global::NextORM.Core.EntityBuilder<TJoin> _,
              global::System.Linq.Expressions.Expression<global::System.Func<global::Harness.Person, TJoin, bool>> condition,
              NextORM.Generated.AliasHarness.Alias.SellerMarker marker)
              => self.JoinAlias<NextORM.Generated.AliasHarness.AliasJoin_P1_A2_Seller<global::Harness.Person, TJoin>, NextORM.Generated.AliasHarness.AliasProjection_P1_A2_Seller<global::Harness.Person, TJoin>, TJoin>(
                  static dc => new NextORM.Generated.AliasHarness.AliasJoin_P1_A2_Seller<global::Harness.Person, TJoin>(dc),
                  _,
                  condition,
                  global::NextORM.Core.JoinType.Inner);
      }
  }
  " to contain "public class AliasJoin_P1_A2_ABSENT<T1, T2>".
    at FluentAssertions.Execution.LateBoundTestFramework.Throw(String message)
    at FluentAssertions.Execution.TestFrameworkProvider.Throw(String message)
    at FluentAssertions.Execution.DefaultAssertionStrategy.HandleFailure(String message)
    at FluentAssertions.Execution.AssertionScope.FailWith(Func`1 failReasonFunc)
    at FluentAssertions.Execution.AssertionScope.FailWith(Func`1 failReasonFunc)
    at FluentAssertions.Execution.AssertionScope.FailWith(String message, Object[] args)
    at FluentAssertions.Primitives.StringAssertions`1.Contain(String expected, String because, Object[] becauseArgs)
    at NextORM.AliasTests.JoinAliasGeneratorDiagnosticTests.R07_generation_is_order_independent_and_repeatable() in /home/alex/sources/nextorm/tests/nextorm.alias.tests/JoinAliasGeneratorDiagnosticTests.cs:467
    at System.Reflection.MethodBaseInvoker.InterpretedInvoke_Method(Object obj, IntPtr* args)
    at System.Reflection.MethodBaseInvoker.InvokeWithNoArgs(Object obj, BindingFlags invokeAttr)
/home/alex/sources/nextorm/tests/nextorm.alias.tests/bin/linux/Debug/net10.0/nextorm.alias.tests.dll (net10.0|x64) failed with 1 error(s) (1s 601ms)
Exit code: 2

  In process file artifacts produced:
    - For test 'NextORM.AliasTests.JoinAliasGeneratorDiagnosticTests.R07_generation_is_order_independent_and_repeatable': /home/alex/sources/nextorm/tests/TestResults/nextorm.alias.tests/cc9c1bbe2190f9788ed578c18b6763029116b360740b9ccd81e58aa041ae3552/R07-reversed-generated.cs.txt
    - For test 'NextORM.AliasTests.JoinAliasGeneratorDiagnosticTests.R07_generation_is_order_independent_and_repeatable': /home/alex/sources/nextorm/tests/TestResults/nextorm.alias.tests/cc9c1bbe2190f9788ed578c18b6763029116b360740b9ccd81e58aa041ae3552/R07-forward-generated.cs.txt

Test run summary: Failed!
  total: 1
  failed: 1
  succeeded: 0
  skipped: 0
  duration: 1s 820ms
Test run completed with non-success exit code: 2 (see: https://aka.ms/testingplatform/exitcodes)
NEG_TEST_EXIT=2

=== RESTORE + R07 GREEN 2026-10-10T10:00:43Z ===
CMD: dotnet build tests/nextorm.alias.tests -c Debug --no-restore
  nextorm.core.sourcegenerator -> /home/alex/sources/nextorm/src/nextorm.core.sourcegenerator/bin/linux/Debug/netstandard2.0/nextorm.core.sourcegenerator.dll
  nextorm.core -> /home/alex/sources/nextorm/src/nextorm.core/bin/linux/Debug/net10.0/nextorm.core.dll
  nextorm.sqlite -> /home/alex/sources/nextorm/src/nextorm.sqlite/bin/linux/Debug/net10.0/nextorm.sqlite.dll
  nextorm.alias.tests -> /home/alex/sources/nextorm/tests/nextorm.alias.tests/bin/linux/Debug/net10.0/nextorm.alias.tests.dll

Build succeeded.
    0 Warning(s)
    0 Error(s)

Time Elapsed 00:00:01.84
RESTORE_BUILD_EXIT=0
CMD: dotnet test tests/nextorm.alias.tests -c Debug --filter FullyQualifiedName~R07_generation_is_order_independent_and_repeatable
Running tests from /home/alex/sources/nextorm/tests/nextorm.alias.tests/bin/linux/Debug/net10.0/nextorm.alias.tests.dll (net10.0|x64)
/home/alex/sources/nextorm/tests/nextorm.alias.tests/bin/linux/Debug/net10.0/nextorm.alias.tests.dll (net10.0|x64) passed (1s 614ms)

  In process file artifacts produced:
    - For test 'NextORM.AliasTests.JoinAliasGeneratorDiagnosticTests.R07_generation_is_order_independent_and_repeatable': /home/alex/sources/nextorm/tests/TestResults/nextorm.alias.tests/cc9c1bbe2190f9788ed578c18b6763029116b360740b9ccd81e58aa041ae3552/R07-reversed-generated.cs.txt
    - For test 'NextORM.AliasTests.JoinAliasGeneratorDiagnosticTests.R07_generation_is_order_independent_and_repeatable': /home/alex/sources/nextorm/tests/TestResults/nextorm.alias.tests/cc9c1bbe2190f9788ed578c18b6763029116b360740b9ccd81e58aa041ae3552/R07-forward-generated.cs.txt

Test run summary: Passed!
  total: 1
  failed: 0
  succeeded: 1
  skipped: 0
  duration: 1s 845ms
RESTORE_TEST_EXIT=0

=== BOUNDARY FULL ALIAS SUITE 2026-10-10T10:00:52Z ===
CMD: dotnet test tests/nextorm.alias.tests -c Debug
Running tests from /home/alex/sources/nextorm/tests/nextorm.alias.tests/bin/linux/Debug/net10.0/nextorm.alias.tests.dll (net10.0|x64)
/home/alex/sources/nextorm/tests/nextorm.alias.tests/bin/linux/Debug/net10.0/nextorm.alias.tests.dll (net10.0|x64) passed (4s 281ms)

  In process file artifacts produced:
    - For test 'NextORM.AliasTests.JoinAliasGeneratorDiagnosticTests.R03_byte_identical_distinct_chains_collapse_to_one_method': /home/alex/sources/nextorm/tests/TestResults/nextorm.alias.tests/eefb18f047e2d03f09d08a810eec16342e2920635374f0b9ca4a220e4932e97e/R03-compiler.txt
    - For test 'NextORM.AliasTests.JoinAliasGeneratorDiagnosticTests.R03_byte_identical_distinct_chains_collapse_to_one_method': /home/alex/sources/nextorm/tests/TestResults/nextorm.alias.tests/eefb18f047e2d03f09d08a810eec16342e2920635374f0b9ca4a220e4932e97e/R03-diagnostics.txt
    - For test 'NextORM.AliasTests.JoinAliasGeneratorDiagnosticTests.R03_byte_identical_distinct_chains_collapse_to_one_method': /home/alex/sources/nextorm/tests/TestResults/nextorm.alias.tests/eefb18f047e2d03f09d08a810eec16342e2920635374f0b9ca4a220e4932e97e/R03-generated.cs.txt
    - For test 'NextORM.AliasTests.JoinAliasGeneratorDiagnosticTests.R07_generation_is_order_independent_and_repeatable': /home/alex/sources/nextorm/tests/TestResults/nextorm.alias.tests/cc9c1bbe2190f9788ed578c18b6763029116b360740b9ccd81e58aa041ae3552/R07-reversed-generated.cs.txt
    - For test 'NextORM.AliasTests.JoinAliasGeneratorDiagnosticTests.R07_generation_is_order_independent_and_repeatable': /home/alex/sources/nextorm/tests/TestResults/nextorm.alias.tests/cc9c1bbe2190f9788ed578c18b6763029116b360740b9ccd81e58aa041ae3552/R07-forward-generated.cs.txt
    - For test 'NextORM.AliasTests.JoinAliasGeneratorDiagnosticTests.R03_control_distinct_aliases_process_both_call_sites': /home/alex/sources/nextorm/tests/TestResults/nextorm.alias.tests/17cebb4a35a82ef7bb87368f250c131e801b8a10575a03a8c6778b7f5f52b674/R03-control-compiler.txt
    - For test 'NextORM.AliasTests.JoinAliasGeneratorDiagnosticTests.R03_control_distinct_aliases_process_both_call_sites': /home/alex/sources/nextorm/tests/TestResults/nextorm.alias.tests/17cebb4a35a82ef7bb87368f250c131e801b8a10575a03a8c6778b7f5f52b674/R03-control-generated.cs.txt
    - For test 'NextORM.AliasTests.JoinAliasGeneratorDiagnosticTests.R03_intermediate_cte_alias_join_is_supported_without_false_NORMGEN007': /home/alex/sources/nextorm/tests/TestResults/nextorm.alias.tests/bc9459c921aef494a254553e32b000f6360e37577f64af553c4ae5002eb23fef/R03-cte-diagnostics.txt
    - For test 'NextORM.AliasTests.JoinAliasGeneratorDiagnosticTests.R03_intermediate_cte_alias_join_is_supported_without_false_NORMGEN007': /home/alex/sources/nextorm/tests/TestResults/nextorm.alias.tests/bc9459c921aef494a254553e32b000f6360e37577f64af553c4ae5002eb23fef/R03-cte-generated.cs.txt

Test run summary: Passed!
  total: 104
  failed: 0
  succeeded: 104
  skipped: 0
  duration: 4s 498ms
BOUNDARY_EXIT=0
