=== git diff --check ===
DIFFCHECK_EXIT=0
=== git status --porcelain ===
 M .opencode/skills/nextorm-pdca/SKILL.md
 M docs/specs/status/rc2-206-sourcegen-cs0111-alias-join-1.md
 M opencode.json
 M tests/nextorm.alias.tests/JoinAliasGeneratorDiagnosticTests.cs
?? BenchmarkDotNet.Artifacts/results/NextORM.Benchmark.SqliteBenchmarkAggregates-report-github.md
?? BenchmarkDotNet.Artifacts/results/NextORM.Benchmark.SqliteBenchmarkAggregates-report.csv
?? BenchmarkDotNet.Artifacts/results/NextORM.Benchmark.SqliteBenchmarkAggregates-report.html
?? BenchmarkDotNet.Artifacts/results/NextORM.Benchmark.SqliteBenchmarkCsv-report-github.md
?? BenchmarkDotNet.Artifacts/results/NextORM.Benchmark.SqliteBenchmarkCsv-report.csv
?? BenchmarkDotNet.Artifacts/results/NextORM.Benchmark.SqliteBenchmarkCsv-report.html
?? BenchmarkDotNet.Artifacts/results/NextORM.Benchmark.SqliteBenchmarkPaging-report-github.md
?? BenchmarkDotNet.Artifacts/results/NextORM.Benchmark.SqliteBenchmarkPaging-report.csv
?? BenchmarkDotNet.Artifacts/results/NextORM.Benchmark.SqliteBenchmarkPaging-report.html
?? BenchmarkDotNet.Artifacts/results/NextORM.Benchmark.SqliteBenchmarkProjection-report-github.md
?? BenchmarkDotNet.Artifacts/results/NextORM.Benchmark.SqliteBenchmarkProjection-report.csv
?? BenchmarkDotNet.Artifacts/results/NextORM.Benchmark.SqliteBenchmarkProjection-report.html
?? BenchmarkDotNet.Artifacts/results/NextORM.Benchmark.SqliteBenchmarkStreaming-report-github.md
?? BenchmarkDotNet.Artifacts/results/NextORM.Benchmark.SqliteBenchmarkStreaming-report.csv
?? BenchmarkDotNet.Artifacts/results/NextORM.Benchmark.SqliteBenchmarkStreaming-report.html
?? BenchmarkDotNet.Artifacts/results/NextORM.Benchmark.SqliteBenchmarkWriteJson-report-github.md
?? BenchmarkDotNet.Artifacts/results/NextORM.Benchmark.SqliteBenchmarkWriteJson-report.csv
?? BenchmarkDotNet.Artifacts/results/NextORM.Benchmark.SqliteBenchmarkWriteJson-report.html
?? benchmarks/BenchmarkDotNet.Artifacts/results/NextORM.Benchmark.InMemoryBenchmarkAggregates-report-github.md
?? benchmarks/BenchmarkDotNet.Artifacts/results/NextORM.Benchmark.InMemoryBenchmarkAggregates-report.csv
?? benchmarks/BenchmarkDotNet.Artifacts/results/NextORM.Benchmark.InMemoryBenchmarkAggregates-report.html
?? benchmarks/BenchmarkDotNet.Artifacts/results/NextORM.Benchmark.InMemoryBenchmarkGroupBy-report-github.md
?? benchmarks/BenchmarkDotNet.Artifacts/results/NextORM.Benchmark.InMemoryBenchmarkGroupBy-report.csv
?? benchmarks/BenchmarkDotNet.Artifacts/results/NextORM.Benchmark.InMemoryBenchmarkGroupBy-report.html
?? benchmarks/BenchmarkDotNet.Artifacts/results/NextORM.Benchmark.T208ChangedPathBenchmark-report-github.md
?? benchmarks/BenchmarkDotNet.Artifacts/results/NextORM.Benchmark.T208ChangedPathBenchmark-report.csv
?? benchmarks/BenchmarkDotNet.Artifacts/results/NextORM.Benchmark.T208ChangedPathBenchmark-report.html
