// Validating benchmarks:
// ***** BenchmarkRunner: Start   *****
// ***** Found 7 benchmark(s) in total *****
// ***** Building 1 exe(s) in Parallel: Start   *****
// ***** Done, took 00:00:00 (0.05 sec)   *****
// Found 1 benchmarks:
//   InMemoryBenchmarkAggregates.Nextorm_Count: ShortRun(Toolchain=InProcessEmitToolchain, IterationCount=3, LaunchCount=1, WarmupCount=3)

// **************************
// Benchmark: InMemoryBenchmarkAggregates.Nextorm_Count: ShortRun(Toolchain=InProcessEmitToolchain, IterationCount=3, LaunchCount=1, WarmupCount=3)
// *** Execute ***
// Launch: 1 / 1
// ! Failed to set up priority High for process System.Diagnostics.Process (nextorm.benchmark). Make sure you have the right permissions. Message: Permission denied

// Benchmark Process Environment Information:
// BenchmarkDotNet v0.15.8
// Runtime=.NET 10.0.12 (10.0.12, 10.0.1226.42308), X64 RyuJIT x86-64-v3
// GC=Concurrent Workstation
// HardwareIntrinsics=AVX2+BMI1+BMI2+F16C+FMA+LZCNT+MOVBE,AVX,SSE3+SSSE3+SSE4.1+SSE4.2+POPCNT,X86Base+SSE+SSE2,AES+PCLMUL VectorSize=256
// Job: Job-ZYJCSJ(Toolchain=InProcessEmitToolchain, IterationCount=3, LaunchCount=1, WarmupCount=3)

OverheadJitting  1: 1 op, 153919.00 ns, 153.9190 us/op
WorkloadJitting  1: 1 op, 80040850.00 ns, 80.0409 ms/op

WorkloadPilot    1: 2 op, 14616060.00 ns, 7.3080 ms/op
WorkloadPilot    2: 3 op, 21075128.00 ns, 7.0250 ms/op
WorkloadPilot    3: 4 op, 27491929.00 ns, 6.8730 ms/op
WorkloadPilot    4: 5 op, 35442767.00 ns, 7.0886 ms/op
WorkloadPilot    5: 6 op, 40933053.00 ns, 6.8222 ms/op
WorkloadPilot    6: 7 op, 60616013.00 ns, 8.6594 ms/op
WorkloadPilot    7: 8 op, 58595414.00 ns, 7.3244 ms/op
WorkloadPilot    8: 9 op, 66672516.00 ns, 7.4081 ms/op
WorkloadPilot    9: 10 op, 73226678.00 ns, 7.3227 ms/op
WorkloadPilot   10: 11 op, 80564719.00 ns, 7.3241 ms/op
WorkloadPilot   11: 12 op, 87287679.00 ns, 7.2740 ms/op
WorkloadPilot   12: 13 op, 100625345.00 ns, 7.7404 ms/op
WorkloadPilot   13: 14 op, 103274215.00 ns, 7.3767 ms/op
WorkloadPilot   14: 15 op, 107746269.00 ns, 7.1831 ms/op
WorkloadPilot   15: 16 op, 78630463.00 ns, 4.9144 ms/op
WorkloadPilot   16: 32 op, 118173308.00 ns, 3.6929 ms/op
WorkloadPilot   17: 64 op, 160108665.00 ns, 2.5017 ms/op
WorkloadPilot   18: 128 op, 278921643.00 ns, 2.1791 ms/op
WorkloadPilot   19: 256 op, 552506176.00 ns, 2.1582 ms/op

WorkloadWarmup   1: 256 op, 550826469.00 ns, 2.1517 ms/op
WorkloadWarmup   2: 256 op, 546940353.00 ns, 2.1365 ms/op
WorkloadWarmup   3: 256 op, 546741844.00 ns, 2.1357 ms/op

WorkloadActual   1: 256 op, 548277287.00 ns, 2.1417 ms/op
WorkloadActual   2: 256 op, 565806006.00 ns, 2.2102 ms/op
WorkloadActual   3: 256 op, 549102847.00 ns, 2.1449 ms/op

WorkloadResult   1: 256 op, 548277287.00 ns, 2.1417 ms/op
WorkloadResult   2: 256 op, 565806006.00 ns, 2.2102 ms/op
WorkloadResult   3: 256 op, 549102847.00 ns, 2.1449 ms/op
// GC:  11 0 0 98099200 256
// Threading:  0 0 256


Mean = 2.166 ms, StdErr = 0.022 ms (1.03%), N = 3, StdDev = 0.039 ms
Min = 2.142 ms, Q1 = 2.143 ms, Median = 2.145 ms, Q3 = 2.178 ms, Max = 2.210 ms
IQR = 0.034 ms, LowerFence = 2.092 ms, UpperFence = 2.229 ms
ConfidenceInterval = [1.461 ms; 2.870 ms] (CI 99.9%), Margin = 0.705 ms (32.55% of Mean)
Skewness = 0.38, Kurtosis = 0.67, MValue = 2

// ** Remained 6 (85.7 %) benchmark(s) to run. Estimated finish 2026-10-08 1:15 (0h 0m from now) **
// ***** BenchmarkRunner: Finish  *****

// * Export *
  BenchmarkDotNet.Artifacts/results/NextORM.Benchmark.InMemoryBenchmarkAggregates-report.csv
  BenchmarkDotNet.Artifacts/results/NextORM.Benchmark.InMemoryBenchmarkAggregates-report-github.md
  BenchmarkDotNet.Artifacts/results/NextORM.Benchmark.InMemoryBenchmarkAggregates-report.html

// * Detailed results *
InMemoryBenchmarkAggregates.Nextorm_Count: ShortRun(Toolchain=InProcessEmitToolchain, IterationCount=3, LaunchCount=1, WarmupCount=3)
Runtime = ; GC = 
Mean = 2.166 ms, StdErr = 0.022 ms (1.03%), N = 3, StdDev = 0.039 ms
Min = 2.142 ms, Q1 = 2.143 ms, Median = 2.145 ms, Q3 = 2.178 ms, Max = 2.210 ms
IQR = 0.034 ms, LowerFence = 2.092 ms, UpperFence = 2.229 ms
ConfidenceInterval = [1.461 ms; 2.870 ms] (CI 99.9%), Margin = 0.705 ms (32.55% of Mean)
Skewness = 0.38, Kurtosis = 0.67, MValue = 2
-------------------- Histogram --------------------
[2.141 ms ; 2.211 ms) | @@@
---------------------------------------------------

// * Summary *

BenchmarkDotNet v0.15.8, Linux Ubuntu 22.04.5 LTS (Jammy Jellyfish)
AMD Ryzen 7 5800HS with Radeon Graphics 3.19GHz, 1 CPU, 8 logical and 4 physical cores
.NET SDK 10.0.401
  [Host] : .NET 10.0.12 (10.0.12, 10.0.1226.42308), X64 RyuJIT x86-64-v3

Job=ShortRun  Toolchain=InProcessEmitToolchain  IterationCount=3  
LaunchCount=1  WarmupCount=3  Categories=acceptance,InMemoryNew  

| Method        | Mean     | Error     | StdDev    | Ratio | RatioSD | Gen0    | Allocated | Alloc Ratio |
|-------------- |---------:|----------:|----------:|------:|--------:|--------:|----------:|------------:|
| Nextorm_Count | 2.166 ms | 0.7048 ms | 0.0386 ms |  1.00 |    0.02 | 42.9688 | 374.22 KB |        1.00 |

// * Legends *
  Mean        : Arithmetic mean of all measurements
  Error       : Half of 99.9% confidence interval
  StdDev      : Standard deviation of all measurements
  Ratio       : Mean of the ratio distribution ([Current]/[Baseline])
  RatioSD     : Standard deviation of the ratio distribution ([Current]/[Baseline])
  Gen0        : GC Generation 0 collects per 1000 operations
  Allocated   : Allocated memory per single operation (managed only, inclusive, 1KB = 1024B)
  Alloc Ratio : Allocated memory ratio distribution ([Current]/[Baseline])
  1 ms        : 1 Millisecond (0.001 sec)

// * Diagnostic Output - MemoryDiagnoser *


// ***** BenchmarkRunner: End *****
Run time: 00:00:06 (6.21 sec), executed benchmarks: 1

// Found 1 benchmarks:
//   InMemoryBenchmarkGroupBy.Nextorm_GroupByCount: ShortRun(Toolchain=InProcessEmitToolchain, IterationCount=3, LaunchCount=1, WarmupCount=3)

// **************************
// Benchmark: InMemoryBenchmarkGroupBy.Nextorm_GroupByCount: ShortRun(Toolchain=InProcessEmitToolchain, IterationCount=3, LaunchCount=1, WarmupCount=3)
// *** Execute ***
// Launch: 1 / 1
// ! Failed to set up priority High for process System.Diagnostics.Process (nextorm.benchmark). Make sure you have the right permissions. Message: Permission denied

// Benchmark Process Environment Information:
// BenchmarkDotNet v0.15.8
// Runtime=.NET 10.0.12 (10.0.12, 10.0.1226.42308), X64 RyuJIT x86-64-v3
// GC=Concurrent Workstation
// HardwareIntrinsics=AVX2+BMI1+BMI2+F16C+FMA+LZCNT+MOVBE,AVX,SSE3+SSSE3+SSE4.1+SSE4.2+POPCNT,X86Base+SSE+SSE2,AES+PCLMUL VectorSize=256
// Job: Job-ZYJCSJ(Toolchain=InProcessEmitToolchain, IterationCount=3, LaunchCount=1, WarmupCount=3)

OverheadJitting  1: 1 op, 193232.00 ns, 193.2320 us/op
WorkloadJitting  1: 1 op, 118598376.00 ns, 118.5984 ms/op

WorkloadPilot    1: 2 op, 171634131.00 ns, 85.8171 ms/op
WorkloadPilot    2: 3 op, 245064302.00 ns, 81.6881 ms/op
WorkloadPilot    3: 4 op, 320568257.00 ns, 80.1421 ms/op
WorkloadPilot    4: 5 op, 392492822.00 ns, 78.4986 ms/op
WorkloadPilot    5: 6 op, 439743980.00 ns, 73.2907 ms/op
WorkloadPilot    6: 7 op, 424424066.00 ns, 60.6320 ms/op
WorkloadPilot    7: 8 op, 466794887.00 ns, 58.3494 ms/op
WorkloadPilot    8: 9 op, 522241901.00 ns, 58.0269 ms/op

WorkloadWarmup   1: 9 op, 529943803.00 ns, 58.8826 ms/op
WorkloadWarmup   2: 9 op, 522671327.00 ns, 58.0746 ms/op
WorkloadWarmup   3: 9 op, 523276895.00 ns, 58.1419 ms/op

WorkloadActual   1: 9 op, 539207719.00 ns, 59.9120 ms/op
WorkloadActual   2: 9 op, 524315436.00 ns, 58.2573 ms/op
WorkloadActual   3: 9 op, 521346228.00 ns, 57.9274 ms/op

WorkloadResult   1: 9 op, 539207719.00 ns, 59.9120 ms/op
WorkloadResult   2: 9 op, 524315436.00 ns, 58.2573 ms/op
WorkloadResult   3: 9 op, 521346228.00 ns, 57.9274 ms/op
// GC:  56 18 0 472773720 9
// Threading:  0 0 9


Mean = 58.699 ms, StdErr = 0.614 ms (1.05%), N = 3, StdDev = 1.063 ms
Min = 57.927 ms, Q1 = 58.092 ms, Median = 58.257 ms, Q3 = 59.085 ms, Max = 59.912 ms
IQR = 0.992 ms, LowerFence = 56.604 ms, UpperFence = 60.573 ms
ConfidenceInterval = [39.298 ms; 78.100 ms] (CI 99.9%), Margin = 19.401 ms (33.05% of Mean)
Skewness = 0.34, Kurtosis = 0.67, MValue = 2

// ** Remained 5 (71.4 %) benchmark(s) to run. Estimated finish 2026-10-08 1:15 (0h 0m from now) **
// ***** BenchmarkRunner: Finish  *****

// * Export *
  BenchmarkDotNet.Artifacts/results/NextORM.Benchmark.InMemoryBenchmarkGroupBy-report.csv
  BenchmarkDotNet.Artifacts/results/NextORM.Benchmark.InMemoryBenchmarkGroupBy-report-github.md
  BenchmarkDotNet.Artifacts/results/NextORM.Benchmark.InMemoryBenchmarkGroupBy-report.html

// * Detailed results *
InMemoryBenchmarkGroupBy.Nextorm_GroupByCount: ShortRun(Toolchain=InProcessEmitToolchain, IterationCount=3, LaunchCount=1, WarmupCount=3)
Runtime = ; GC = 
Mean = 58.699 ms, StdErr = 0.614 ms (1.05%), N = 3, StdDev = 1.063 ms
Min = 57.927 ms, Q1 = 58.092 ms, Median = 58.257 ms, Q3 = 59.085 ms, Max = 59.912 ms
IQR = 0.992 ms, LowerFence = 56.604 ms, UpperFence = 60.573 ms
ConfidenceInterval = [39.298 ms; 78.100 ms] (CI 99.9%), Margin = 19.401 ms (33.05% of Mean)
Skewness = 0.34, Kurtosis = 0.67, MValue = 2
-------------------- Histogram --------------------
[56.960 ms ; 59.060 ms) | @@
[59.060 ms ; 60.880 ms) | @
---------------------------------------------------

// * Summary *

BenchmarkDotNet v0.15.8, Linux Ubuntu 22.04.5 LTS (Jammy Jellyfish)
AMD Ryzen 7 5800HS with Radeon Graphics 3.19GHz, 1 CPU, 8 logical and 4 physical cores
.NET SDK 10.0.401
  [Host] : .NET 10.0.12 (10.0.12, 10.0.1226.42308), X64 RyuJIT x86-64-v3

Job=ShortRun  Toolchain=InProcessEmitToolchain  IterationCount=3  
LaunchCount=1  WarmupCount=3  Categories=acceptance,InMemoryNew  

| Method               | Mean     | Error    | StdDev   | Ratio | RatioSD | Gen0      | Gen1      | Allocated | Alloc Ratio |
|--------------------- |---------:|---------:|---------:|------:|--------:|----------:|----------:|----------:|------------:|
| Nextorm_GroupByCount | 58.70 ms | 19.40 ms | 1.063 ms |  1.00 |    0.02 | 6222.2222 | 2000.0000 |   50.1 MB |        1.00 |

// * Legends *
  Mean        : Arithmetic mean of all measurements
  Error       : Half of 99.9% confidence interval
  StdDev      : Standard deviation of all measurements
  Ratio       : Mean of the ratio distribution ([Current]/[Baseline])
  RatioSD     : Standard deviation of the ratio distribution ([Current]/[Baseline])
  Gen0        : GC Generation 0 collects per 1000 operations
  Gen1        : GC Generation 1 collects per 1000 operations
  Allocated   : Allocated memory per single operation (managed only, inclusive, 1KB = 1024B)
  Alloc Ratio : Allocated memory ratio distribution ([Current]/[Baseline])
  1 ms        : 1 Millisecond (0.001 sec)

// * Diagnostic Output - MemoryDiagnoser *


// ***** BenchmarkRunner: End *****
Run time: 00:00:06 (6.85 sec), executed benchmarks: 1

// Found 1 benchmarks:
//   SqliteBenchmarkAny.Nextorm_Cached: ShortRun(Toolchain=InProcessEmitToolchain, IterationCount=3, LaunchCount=1, WarmupCount=3)

// **************************
// Benchmark: SqliteBenchmarkAny.Nextorm_Cached: ShortRun(Toolchain=InProcessEmitToolchain, IterationCount=3, LaunchCount=1, WarmupCount=3)
// *** Execute ***
// Launch: 1 / 1
// ! Failed to set up priority High for process System.Diagnostics.Process (nextorm.benchmark). Make sure you have the right permissions. Message: Permission denied

// Benchmark Process Environment Information:
// BenchmarkDotNet v0.15.8
// Runtime=.NET 10.0.12 (10.0.12, 10.0.1226.42308), X64 RyuJIT x86-64-v3
// GC=Concurrent Workstation
// HardwareIntrinsics=AVX2+BMI1+BMI2+F16C+FMA+LZCNT+MOVBE,AVX,SSE3+SSSE3+SSE4.1+SSE4.2+POPCNT,X86Base+SSE+SSE2,AES+PCLMUL VectorSize=256
// Job: Job-ZYJCSJ(Toolchain=InProcessEmitToolchain, IterationCount=3, LaunchCount=1, WarmupCount=3)

OverheadJitting  1: 1 op, 209834.00 ns, 209.8340 us/op
WorkloadJitting  1: 1 op, 28832116.00 ns, 28.8321 ms/op

OverheadJitting  2: 16 op, 188719.00 ns, 11.7949 us/op
WorkloadJitting  2: 16 op, 89054620.00 ns, 5.5659 ms/op

WorkloadPilot    1: 16 op, 88384846.00 ns, 5.5241 ms/op
WorkloadPilot    2: 32 op, 171697015.00 ns, 5.3655 ms/op
WorkloadPilot    3: 64 op, 315534043.00 ns, 4.9302 ms/op
WorkloadPilot    4: 128 op, 729796360.00 ns, 5.7015 ms/op

OverheadWarmup   1: 128 op, 2501.00 ns, 19.5391 ns/op
OverheadWarmup   2: 128 op, 717.00 ns, 5.6016 ns/op
OverheadWarmup   3: 128 op, 687.00 ns, 5.3672 ns/op
OverheadWarmup   4: 128 op, 697.00 ns, 5.4453 ns/op
OverheadWarmup   5: 128 op, 645.00 ns, 5.0391 ns/op
OverheadWarmup   6: 128 op, 697.00 ns, 5.4453 ns/op
OverheadWarmup   7: 128 op, 564.00 ns, 4.4063 ns/op

OverheadActual   1: 128 op, 564.00 ns, 4.4063 ns/op
OverheadActual   2: 128 op, 563.00 ns, 4.3984 ns/op
OverheadActual   3: 128 op, 604.00 ns, 4.7188 ns/op
OverheadActual   4: 128 op, 564.00 ns, 4.4063 ns/op
OverheadActual   5: 128 op, 625.00 ns, 4.8828 ns/op
OverheadActual   6: 128 op, 943.00 ns, 7.3672 ns/op
OverheadActual   7: 128 op, 1189.00 ns, 9.2891 ns/op
OverheadActual   8: 128 op, 677.00 ns, 5.2891 ns/op
OverheadActual   9: 128 op, 574.00 ns, 4.4844 ns/op
OverheadActual  10: 128 op, 523.00 ns, 4.0859 ns/op
OverheadActual  11: 128 op, 676.00 ns, 5.2813 ns/op
OverheadActual  12: 128 op, 830.00 ns, 6.4844 ns/op
OverheadActual  13: 128 op, 697.00 ns, 5.4453 ns/op
OverheadActual  14: 128 op, 646.00 ns, 5.0469 ns/op
OverheadActual  15: 128 op, 574.00 ns, 4.4844 ns/op
OverheadActual  16: 128 op, 564.00 ns, 4.4063 ns/op
OverheadActual  17: 128 op, 759.00 ns, 5.9297 ns/op
OverheadActual  18: 128 op, 769.00 ns, 6.0078 ns/op
OverheadActual  19: 128 op, 758.00 ns, 5.9219 ns/op
OverheadActual  20: 128 op, 841.00 ns, 6.5703 ns/op

WorkloadWarmup   1: 128 op, 295760603.00 ns, 2.3106 ms/op
WorkloadWarmup   2: 128 op, 261781751.00 ns, 2.0452 ms/op
WorkloadWarmup   3: 128 op, 249805315.00 ns, 1.9516 ms/op

WorkloadActual   1: 128 op, 254000031.00 ns, 1.9844 ms/op
WorkloadActual   2: 128 op, 252550564.00 ns, 1.9731 ms/op
WorkloadActual   3: 128 op, 255080836.00 ns, 1.9928 ms/op

WorkloadResult   1: 128 op, 253999370.00 ns, 1.9844 ms/op
WorkloadResult   2: 128 op, 252549903.00 ns, 1.9730 ms/op
WorkloadResult   3: 128 op, 255080175.00 ns, 1.9928 ms/op
// GC:  9 0 0 79882080 128
// Threading:  0 0 128


Mean = 1.983 ms, StdErr = 0.006 ms (0.29%), N = 3, StdDev = 0.010 ms
Min = 1.973 ms, Q1 = 1.979 ms, Median = 1.984 ms, Q3 = 1.989 ms, Max = 1.993 ms
IQR = 0.010 ms, LowerFence = 1.964 ms, UpperFence = 2.003 ms
ConfidenceInterval = [1.802 ms; 2.164 ms] (CI 99.9%), Margin = 0.181 ms (9.12% of Mean)
Skewness = -0.1, Kurtosis = 0.67, MValue = 2

// ** Remained 4 (57.1 %) benchmark(s) to run. Estimated finish 2026-10-08 1:15 (0h 0m from now) **
// ***** BenchmarkRunner: Finish  *****

// * Export *
  BenchmarkDotNet.Artifacts/results/NextORM.Benchmark.SqliteBenchmarkAny-report.csv
  BenchmarkDotNet.Artifacts/results/NextORM.Benchmark.SqliteBenchmarkAny-report-github.md
  BenchmarkDotNet.Artifacts/results/NextORM.Benchmark.SqliteBenchmarkAny-report.html

// * Detailed results *
SqliteBenchmarkAny.Nextorm_Cached: ShortRun(Toolchain=InProcessEmitToolchain, IterationCount=3, LaunchCount=1, WarmupCount=3)
Runtime = ; GC = 
Mean = 1.983 ms, StdErr = 0.006 ms (0.29%), N = 3, StdDev = 0.010 ms
Min = 1.973 ms, Q1 = 1.979 ms, Median = 1.984 ms, Q3 = 1.989 ms, Max = 1.993 ms
IQR = 0.010 ms, LowerFence = 1.964 ms, UpperFence = 2.003 ms
ConfidenceInterval = [1.802 ms; 2.164 ms] (CI 99.9%), Margin = 0.181 ms (9.12% of Mean)
Skewness = -0.1, Kurtosis = 0.67, MValue = 2
-------------------- Histogram --------------------
[1.964 ms ; 2.002 ms) | @@@
---------------------------------------------------

// * Summary *

BenchmarkDotNet v0.15.8, Linux Ubuntu 22.04.5 LTS (Jammy Jellyfish)
AMD Ryzen 7 5800HS with Radeon Graphics 3.19GHz, 1 CPU, 8 logical and 4 physical cores
.NET SDK 10.0.401
  [Host] : .NET 10.0.12 (10.0.12, 10.0.1226.42308), X64 RyuJIT x86-64-v3

Job=ShortRun  Toolchain=InProcessEmitToolchain  IterationCount=3  
LaunchCount=1  WarmupCount=3  Categories=acceptance  

| Method         | Mean     | Error     | StdDev    | Gen0    | Allocated |
|--------------- |---------:|----------:|----------:|--------:|----------:|
| Nextorm_Cached | 1.983 ms | 0.1810 ms | 0.0099 ms | 70.3125 | 609.45 KB |

// * Legends *
  Mean      : Arithmetic mean of all measurements
  Error     : Half of 99.9% confidence interval
  StdDev    : Standard deviation of all measurements
  Gen0      : GC Generation 0 collects per 1000 operations
  Allocated : Allocated memory per single operation (managed only, inclusive, 1KB = 1024B)
  1 ms      : 1 Millisecond (0.001 sec)

// * Diagnostic Output - MemoryDiagnoser *


// ***** BenchmarkRunner: End *****
Run time: 00:00:03 (3.69 sec), executed benchmarks: 1

// Found 3 benchmarks:
//   SqliteBenchmarkCachedPlan.Prepared_ToList: ShortRun(Toolchain=InProcessEmitToolchain, IterationCount=3, LaunchCount=1, WarmupCount=3)
//   SqliteBenchmarkCachedPlan.Cached_ToList: ShortRun(Toolchain=InProcessEmitToolchain, IterationCount=3, LaunchCount=1, WarmupCount=3)
//   SqliteBenchmarkCachedPlan.Cached_PlanOnly_Param: ShortRun(Toolchain=InProcessEmitToolchain, IterationCount=3, LaunchCount=1, WarmupCount=3)

// **************************
// Benchmark: SqliteBenchmarkCachedPlan.Prepared_ToList: ShortRun(Toolchain=InProcessEmitToolchain, IterationCount=3, LaunchCount=1, WarmupCount=3)
// *** Execute ***
// Launch: 1 / 1
// ! Failed to set up priority High for process System.Diagnostics.Process (nextorm.benchmark). Make sure you have the right permissions. Message: Permission denied

// Benchmark Process Environment Information:
// BenchmarkDotNet v0.15.8
// Runtime=.NET 10.0.12 (10.0.12, 10.0.1226.42308), X64 RyuJIT x86-64-v3
// GC=Concurrent Workstation
// HardwareIntrinsics=AVX2+BMI1+BMI2+F16C+FMA+LZCNT+MOVBE,AVX,SSE3+SSSE3+SSE4.1+SSE4.2+POPCNT,X86Base+SSE+SSE2,AES+PCLMUL VectorSize=256
// Job: Job-ZYJCSJ(Toolchain=InProcessEmitToolchain, IterationCount=3, LaunchCount=1, WarmupCount=3)

OverheadJitting  1: 1 op, 241488.00 ns, 241.4880 us/op
WorkloadJitting  1: 1 op, 1586328.00 ns, 1.5863 ms/op

OverheadJitting  2: 16 op, 393889.00 ns, 24.6181 us/op
WorkloadJitting  2: 16 op, 15458100.00 ns, 966.1313 us/op

WorkloadPilot    1: 16 op, 15923147.00 ns, 995.1967 us/op
WorkloadPilot    2: 32 op, 31236255.00 ns, 976.1330 us/op
WorkloadPilot    3: 64 op, 61163710.00 ns, 955.6830 us/op
WorkloadPilot    4: 128 op, 126168541.00 ns, 985.6917 us/op
WorkloadPilot    5: 256 op, 232459898.00 ns, 908.0465 us/op
WorkloadPilot    6: 512 op, 462244231.00 ns, 902.8208 us/op
WorkloadPilot    7: 1024 op, 922036516.00 ns, 900.4263 us/op

OverheadWarmup   1: 1024 op, 6580.00 ns, 6.4258 ns/op
OverheadWarmup   2: 1024 op, 1917.00 ns, 1.8721 ns/op
OverheadWarmup   3: 1024 op, 1743.00 ns, 1.7021 ns/op
OverheadWarmup   4: 1024 op, 2152.00 ns, 2.1016 ns/op
OverheadWarmup   5: 1024 op, 2635.00 ns, 2.5732 ns/op
OverheadWarmup   6: 1024 op, 2736.00 ns, 2.6719 ns/op
OverheadWarmup   7: 1024 op, 1793.00 ns, 1.7510 ns/op
OverheadWarmup   8: 1024 op, 1732.00 ns, 1.6914 ns/op
OverheadWarmup   9: 1024 op, 1733.00 ns, 1.6924 ns/op
OverheadWarmup  10: 1024 op, 1773.00 ns, 1.7314 ns/op

OverheadActual   1: 1024 op, 2152.00 ns, 2.1016 ns/op
OverheadActual   2: 1024 op, 1988.00 ns, 1.9414 ns/op
OverheadActual   3: 1024 op, 2152.00 ns, 2.1016 ns/op
OverheadActual   4: 1024 op, 1732.00 ns, 1.6914 ns/op
OverheadActual   5: 1024 op, 1722.00 ns, 1.6816 ns/op
OverheadActual   6: 1024 op, 1763.00 ns, 1.7217 ns/op
OverheadActual   7: 1024 op, 1733.00 ns, 1.6924 ns/op
OverheadActual   8: 1024 op, 1752.00 ns, 1.7109 ns/op
OverheadActual   9: 1024 op, 1937.00 ns, 1.8916 ns/op
OverheadActual  10: 1024 op, 1753.00 ns, 1.7119 ns/op
OverheadActual  11: 1024 op, 1773.00 ns, 1.7314 ns/op
OverheadActual  12: 1024 op, 1742.00 ns, 1.7012 ns/op
OverheadActual  13: 1024 op, 1732.00 ns, 1.6914 ns/op
OverheadActual  14: 1024 op, 1732.00 ns, 1.6914 ns/op
OverheadActual  15: 1024 op, 1732.00 ns, 1.6914 ns/op
OverheadActual  16: 1024 op, 1835.00 ns, 1.7920 ns/op
OverheadActual  17: 1024 op, 1978.00 ns, 1.9316 ns/op
OverheadActual  18: 1024 op, 2143.00 ns, 2.0928 ns/op
OverheadActual  19: 1024 op, 2449.00 ns, 2.3916 ns/op
OverheadActual  20: 1024 op, 2388.00 ns, 2.3320 ns/op

WorkloadWarmup   1: 1024 op, 940878501.00 ns, 918.8267 us/op
WorkloadWarmup   2: 1024 op, 927261313.00 ns, 905.5286 us/op
WorkloadWarmup   3: 1024 op, 921466330.00 ns, 899.8695 us/op

WorkloadActual   1: 1024 op, 920478071.00 ns, 898.9044 us/op
WorkloadActual   2: 1024 op, 923985570.00 ns, 902.3297 us/op
WorkloadActual   3: 1024 op, 926420836.00 ns, 904.7078 us/op

WorkloadResult   1: 1024 op, 920476303.00 ns, 898.9026 us/op
WorkloadResult   2: 1024 op, 923983802.00 ns, 902.3279 us/op
WorkloadResult   3: 1024 op, 926419068.00 ns, 904.7061 us/op
// GC:  9 0 0 79836368 1024
// Threading:  0 0 1024


Mean = 901.979 us, StdErr = 1.684 us (0.19%), N = 3, StdDev = 2.917 us
Min = 898.903 us, Q1 = 900.615 us, Median = 902.328 us, Q3 = 903.517 us, Max = 904.706 us
IQR = 2.902 us, LowerFence = 896.263 us, UpperFence = 907.870 us
ConfidenceInterval = [848.754 us; 955.204 us] (CI 99.9%), Margin = 53.225 us (5.90% of Mean)
Skewness = -0.12, Kurtosis = 0.67, MValue = 2

// ** Remained 3 (42.9 %) benchmark(s) to run. Estimated finish 2026-10-08 1:15 (0h 0m from now) **
// **************************
// Benchmark: SqliteBenchmarkCachedPlan.Cached_ToList: ShortRun(Toolchain=InProcessEmitToolchain, IterationCount=3, LaunchCount=1, WarmupCount=3)
// *** Execute ***
// Launch: 1 / 1
// ! Failed to set up priority High for process System.Diagnostics.Process (nextorm.benchmark). Make sure you have the right permissions. Message: Permission denied

// Benchmark Process Environment Information:
// BenchmarkDotNet v0.15.8
// Runtime=.NET 10.0.12 (10.0.12, 10.0.1226.42308), X64 RyuJIT x86-64-v3
// GC=Concurrent Workstation
// HardwareIntrinsics=AVX2+BMI1+BMI2+F16C+FMA+LZCNT+MOVBE,AVX,SSE3+SSSE3+SSE4.1+SSE4.2+POPCNT,X86Base+SSE+SSE2,AES+PCLMUL VectorSize=256
// Job: Job-ZYJCSJ(Toolchain=InProcessEmitToolchain, IterationCount=3, LaunchCount=1, WarmupCount=3)

OverheadJitting  1: 1 op, 272483.00 ns, 272.4830 us/op
WorkloadJitting  1: 1 op, 2735420.00 ns, 2.7354 ms/op

OverheadJitting  2: 16 op, 407060.00 ns, 25.4413 us/op
WorkloadJitting  2: 16 op, 34345637.00 ns, 2.1466 ms/op

WorkloadPilot    1: 16 op, 39097357.00 ns, 2.4436 ms/op
WorkloadPilot    2: 32 op, 68277266.00 ns, 2.1337 ms/op
WorkloadPilot    3: 64 op, 133719863.00 ns, 2.0894 ms/op
WorkloadPilot    4: 128 op, 239677777.00 ns, 1.8725 ms/op
WorkloadPilot    5: 256 op, 465633903.00 ns, 1.8189 ms/op
WorkloadPilot    6: 512 op, 939367459.00 ns, 1.8347 ms/op

OverheadWarmup   1: 512 op, 4364.00 ns, 8.5234 ns/op
OverheadWarmup   2: 512 op, 1096.00 ns, 2.1406 ns/op
OverheadWarmup   3: 512 op, 1106.00 ns, 2.1602 ns/op
OverheadWarmup   4: 512 op, 1085.00 ns, 2.1191 ns/op
OverheadWarmup   5: 512 op, 1106.00 ns, 2.1602 ns/op
OverheadWarmup   6: 512 op, 1097.00 ns, 2.1426 ns/op

OverheadActual   1: 512 op, 1086.00 ns, 2.1211 ns/op
OverheadActual   2: 512 op, 1096.00 ns, 2.1406 ns/op
OverheadActual   3: 512 op, 1506.00 ns, 2.9414 ns/op
OverheadActual   4: 512 op, 1096.00 ns, 2.1406 ns/op
OverheadActual   5: 512 op, 1096.00 ns, 2.1406 ns/op
OverheadActual   6: 512 op, 1107.00 ns, 2.1621 ns/op
OverheadActual   7: 512 op, 1107.00 ns, 2.1621 ns/op
OverheadActual   8: 512 op, 1209.00 ns, 2.3613 ns/op
OverheadActual   9: 512 op, 1107.00 ns, 2.1621 ns/op
OverheadActual  10: 512 op, 1106.00 ns, 2.1602 ns/op
OverheadActual  11: 512 op, 1476.00 ns, 2.8828 ns/op
OverheadActual  12: 512 op, 1322.00 ns, 2.5820 ns/op
OverheadActual  13: 512 op, 1107.00 ns, 2.1621 ns/op
OverheadActual  14: 512 op, 1353.00 ns, 2.6426 ns/op
OverheadActual  15: 512 op, 1107.00 ns, 2.1621 ns/op
OverheadActual  16: 512 op, 1188.00 ns, 2.3203 ns/op
OverheadActual  17: 512 op, 1239.00 ns, 2.4199 ns/op
OverheadActual  18: 512 op, 1096.00 ns, 2.1406 ns/op
OverheadActual  19: 512 op, 1107.00 ns, 2.1621 ns/op
OverheadActual  20: 512 op, 1107.00 ns, 2.1621 ns/op

WorkloadWarmup   1: 512 op, 949827144.00 ns, 1.8551 ms/op
WorkloadWarmup   2: 512 op, 960646366.00 ns, 1.8763 ms/op
WorkloadWarmup   3: 512 op, 936705534.00 ns, 1.8295 ms/op

WorkloadActual   1: 512 op, 937344178.00 ns, 1.8308 ms/op
WorkloadActual   2: 512 op, 942810724.00 ns, 1.8414 ms/op
WorkloadActual   3: 512 op, 946318791.00 ns, 1.8483 ms/op

WorkloadResult   1: 512 op, 937343071.00 ns, 1.8307 ms/op
WorkloadResult   2: 512 op, 942809617.00 ns, 1.8414 ms/op
WorkloadResult   3: 512 op, 946317684.00 ns, 1.8483 ms/op
// GC:  36 0 0 305757464 512
// Threading:  0 0 512


Mean = 1.840 ms, StdErr = 0.005 ms (0.28%), N = 3, StdDev = 0.009 ms
Min = 1.831 ms, Q1 = 1.836 ms, Median = 1.841 ms, Q3 = 1.845 ms, Max = 1.848 ms
IQR = 0.009 ms, LowerFence = 1.823 ms, UpperFence = 1.858 ms
ConfidenceInterval = [1.679 ms; 2.001 ms] (CI 99.9%), Margin = 0.161 ms (8.76% of Mean)
Skewness = -0.14, Kurtosis = 0.67, MValue = 2

// ** Remained 2 (28.6 %) benchmark(s) to run. Estimated finish 2026-10-08 1:15 (0h 0m from now) **
// **************************
// Benchmark: SqliteBenchmarkCachedPlan.Cached_PlanOnly_Param: ShortRun(Toolchain=InProcessEmitToolchain, IterationCount=3, LaunchCount=1, WarmupCount=3)
// *** Execute ***
// Launch: 1 / 1
// ! Failed to set up priority High for process System.Diagnostics.Process (nextorm.benchmark). Make sure you have the right permissions. Message: Permission denied

// Benchmark Process Environment Information:
// BenchmarkDotNet v0.15.8
// Runtime=.NET 10.0.12 (10.0.12, 10.0.1226.42308), X64 RyuJIT x86-64-v3
// GC=Concurrent Workstation
// HardwareIntrinsics=AVX2+BMI1+BMI2+F16C+FMA+LZCNT+MOVBE,AVX,SSE3+SSSE3+SSE4.1+SSE4.2+POPCNT,X86Base+SSE+SSE2,AES+PCLMUL VectorSize=256
// Job: Job-ZYJCSJ(Toolchain=InProcessEmitToolchain, IterationCount=3, LaunchCount=1, WarmupCount=3)

OverheadJitting  1: 1 op, 270159.00 ns, 270.1590 us/op
WorkloadJitting  1: 1 op, 1245020.00 ns, 1.2450 ms/op

OverheadJitting  2: 16 op, 570183.00 ns, 35.6364 us/op
WorkloadJitting  2: 16 op, 9997711.00 ns, 624.8569 us/op

WorkloadPilot    1: 16 op, 12382493.00 ns, 773.9058 us/op
WorkloadPilot    2: 32 op, 19027393.00 ns, 594.6060 us/op
WorkloadPilot    3: 64 op, 38789386.00 ns, 606.0842 us/op
WorkloadPilot    4: 128 op, 76210952.00 ns, 595.3981 us/op
WorkloadPilot    5: 256 op, 146690763.00 ns, 573.0108 us/op
WorkloadPilot    6: 512 op, 280755624.00 ns, 548.3508 us/op
WorkloadPilot    7: 1024 op, 562476216.00 ns, 549.2932 us/op

OverheadWarmup   1: 1024 op, 6424.00 ns, 6.2734 ns/op
OverheadWarmup   2: 1024 op, 3227.00 ns, 3.1514 ns/op
OverheadWarmup   3: 1024 op, 4866.00 ns, 4.7520 ns/op
OverheadWarmup   4: 1024 op, 3247.00 ns, 3.1709 ns/op
OverheadWarmup   5: 1024 op, 3258.00 ns, 3.1816 ns/op
OverheadWarmup   6: 1024 op, 3268.00 ns, 3.1914 ns/op
OverheadWarmup   7: 1024 op, 3237.00 ns, 3.1611 ns/op

OverheadActual   1: 1024 op, 3739.00 ns, 3.6514 ns/op
OverheadActual   2: 1024 op, 3248.00 ns, 3.1719 ns/op
OverheadActual   3: 1024 op, 3238.00 ns, 3.1621 ns/op
OverheadActual   4: 1024 op, 3278.00 ns, 3.2012 ns/op
OverheadActual   5: 1024 op, 3299.00 ns, 3.2217 ns/op
OverheadActual   6: 1024 op, 4518.00 ns, 4.4121 ns/op
OverheadActual   7: 1024 op, 3524.00 ns, 3.4414 ns/op
OverheadActual   8: 1024 op, 3248.00 ns, 3.1719 ns/op
OverheadActual   9: 1024 op, 3248.00 ns, 3.1719 ns/op
OverheadActual  10: 1024 op, 3658.00 ns, 3.5723 ns/op
OverheadActual  11: 1024 op, 3238.00 ns, 3.1621 ns/op
OverheadActual  12: 1024 op, 3227.00 ns, 3.1514 ns/op
OverheadActual  13: 1024 op, 3258.00 ns, 3.1816 ns/op
OverheadActual  14: 1024 op, 3268.00 ns, 3.1914 ns/op
OverheadActual  15: 1024 op, 3228.00 ns, 3.1523 ns/op

WorkloadWarmup   1: 1024 op, 553272658.00 ns, 540.3053 us/op
WorkloadWarmup   2: 1024 op, 538699746.00 ns, 526.0740 us/op
WorkloadWarmup   3: 1024 op, 569416292.00 ns, 556.0706 us/op

WorkloadActual   1: 1024 op, 571558661.00 ns, 558.1628 us/op
WorkloadActual   2: 1024 op, 556987233.00 ns, 543.9328 us/op
WorkloadActual   3: 1024 op, 561578335.00 ns, 548.4163 us/op

WorkloadResult   1: 1024 op, 571555403.00 ns, 558.1596 us/op
WorkloadResult   2: 1024 op, 556983975.00 ns, 543.9297 us/op
WorkloadResult   3: 1024 op, 561575077.00 ns, 548.4132 us/op
// GC:  63 0 0 531676880 1024
// Threading:  0 0 1024


Mean = 550.167 us, StdErr = 4.200 us (0.76%), N = 3, StdDev = 7.275 us
Min = 543.930 us, Q1 = 546.171 us, Median = 548.413 us, Q3 = 553.286 us, Max = 558.160 us
IQR = 7.115 us, LowerFence = 535.499 us, UpperFence = 563.959 us
ConfidenceInterval = [417.438 us; 682.897 us] (CI 99.9%), Margin = 132.730 us (24.13% of Mean)
Skewness = 0.23, Kurtosis = 0.67, MValue = 2

// ** Remained 1 (14.3 %) benchmark(s) to run. Estimated finish 2026-10-08 1:15 (0h 0m from now) **
// ***** BenchmarkRunner: Finish  *****

// * Export *
  BenchmarkDotNet.Artifacts/results/NextORM.Benchmark.SqliteBenchmarkCachedPlan-report.csv
  BenchmarkDotNet.Artifacts/results/NextORM.Benchmark.SqliteBenchmarkCachedPlan-report-github.md
  BenchmarkDotNet.Artifacts/results/NextORM.Benchmark.SqliteBenchmarkCachedPlan-report.html

// * Detailed results *
SqliteBenchmarkCachedPlan.Cached_PlanOnly_Param: ShortRun(Toolchain=InProcessEmitToolchain, IterationCount=3, LaunchCount=1, WarmupCount=3)
Runtime = ; GC = 
Mean = 550.167 us, StdErr = 4.200 us (0.76%), N = 3, StdDev = 7.275 us
Min = 543.930 us, Q1 = 546.171 us, Median = 548.413 us, Q3 = 553.286 us, Max = 558.160 us
IQR = 7.115 us, LowerFence = 535.499 us, UpperFence = 563.959 us
ConfidenceInterval = [417.438 us; 682.897 us] (CI 99.9%), Margin = 132.730 us (24.13% of Mean)
Skewness = 0.23, Kurtosis = 0.67, MValue = 2
-------------------- Histogram --------------------
[539.551 us ; 552.792 us) | @@
[552.792 us ; 564.780 us) | @
---------------------------------------------------

SqliteBenchmarkCachedPlan.Prepared_ToList: ShortRun(Toolchain=InProcessEmitToolchain, IterationCount=3, LaunchCount=1, WarmupCount=3)
Runtime = ; GC = 
Mean = 901.979 us, StdErr = 1.684 us (0.19%), N = 3, StdDev = 2.917 us
Min = 898.903 us, Q1 = 900.615 us, Median = 902.328 us, Q3 = 903.517 us, Max = 904.706 us
IQR = 2.902 us, LowerFence = 896.263 us, UpperFence = 907.870 us
ConfidenceInterval = [848.754 us; 955.204 us] (CI 99.9%), Margin = 53.225 us (5.90% of Mean)
Skewness = -0.12, Kurtosis = 0.67, MValue = 2
-------------------- Histogram --------------------
[896.248 us ; 907.361 us) | @@@
---------------------------------------------------

SqliteBenchmarkCachedPlan.Cached_ToList: ShortRun(Toolchain=InProcessEmitToolchain, IterationCount=3, LaunchCount=1, WarmupCount=3)
Runtime = ; GC = 
Mean = 1.840 ms, StdErr = 0.005 ms (0.28%), N = 3, StdDev = 0.009 ms
Min = 1.831 ms, Q1 = 1.836 ms, Median = 1.841 ms, Q3 = 1.845 ms, Max = 1.848 ms
IQR = 0.009 ms, LowerFence = 1.823 ms, UpperFence = 1.858 ms
ConfidenceInterval = [1.679 ms; 2.001 ms] (CI 99.9%), Margin = 0.161 ms (8.76% of Mean)
Skewness = -0.14, Kurtosis = 0.67, MValue = 2
-------------------- Histogram --------------------
[1.823 ms ; 1.856 ms) | @@@
---------------------------------------------------

// * Summary *

BenchmarkDotNet v0.15.8, Linux Ubuntu 22.04.5 LTS (Jammy Jellyfish)
AMD Ryzen 7 5800HS with Radeon Graphics 3.19GHz, 1 CPU, 8 logical and 4 physical cores
.NET SDK 10.0.401
  [Host] : .NET 10.0.12 (10.0.12, 10.0.1226.42308), X64 RyuJIT x86-64-v3

Job=ShortRun  Runtime=.NET 10.0  Toolchain=InProcessEmitToolchain  
IterationCount=3  LaunchCount=1  WarmupCount=3  
Categories=acceptance  

| Method                | Mean       | Error     | StdDev  | Ratio | Gen0    | Allocated | Alloc Ratio |
|---------------------- |-----------:|----------:|--------:|------:|--------:|----------:|------------:|
| Cached_PlanOnly_Param |   550.2 us | 132.73 us | 7.28 us |  0.61 | 61.5234 | 507.05 KB |        6.66 |
| Prepared_ToList       |   902.0 us |  53.23 us | 2.92 us |  1.00 |  8.7891 |  76.14 KB |        1.00 |
| Cached_ToList         | 1,840.1 us | 161.16 us | 8.83 us |  2.04 | 70.3125 | 583.19 KB |        7.66 |

// * Legends *
  Mean        : Arithmetic mean of all measurements
  Error       : Half of 99.9% confidence interval
  StdDev      : Standard deviation of all measurements
  Ratio       : Mean of the ratio distribution ([Current]/[Baseline])
  Gen0        : GC Generation 0 collects per 1000 operations
  Allocated   : Allocated memory per single operation (managed only, inclusive, 1KB = 1024B)
  Alloc Ratio : Allocated memory ratio distribution ([Current]/[Baseline])
  1 us        : 1 Microsecond (0.000001 sec)

// * Diagnostic Output - MemoryDiagnoser *


// ***** BenchmarkRunner: End *****
Run time: 00:00:22 (22.44 sec), executed benchmarks: 3

// Found 1 benchmarks:
//   SqliteBenchmarkWhere.Nextorm_Cached_ToListAsync: ShortRun(Toolchain=InProcessEmitToolchain, IterationCount=3, LaunchCount=1, WarmupCount=3)

// **************************
// Benchmark: SqliteBenchmarkWhere.Nextorm_Cached_ToListAsync: ShortRun(Toolchain=InProcessEmitToolchain, IterationCount=3, LaunchCount=1, WarmupCount=3)
// *** Execute ***
// Launch: 1 / 1
// ! Failed to set up priority High for process System.Diagnostics.Process (nextorm.benchmark). Make sure you have the right permissions. Message: Permission denied

// Benchmark Process Environment Information:
// BenchmarkDotNet v0.15.8
// Runtime=.NET 10.0.12 (10.0.12, 10.0.1226.42308), X64 RyuJIT x86-64-v3
// GC=Concurrent Workstation
// HardwareIntrinsics=AVX2+BMI1+BMI2+F16C+FMA+LZCNT+MOVBE,AVX,SSE3+SSSE3+SSE4.1+SSE4.2+POPCNT,X86Base+SSE+SSE2,AES+PCLMUL VectorSize=256
// Job: Job-ZYJCSJ(Toolchain=InProcessEmitToolchain, IterationCount=3, LaunchCount=1, WarmupCount=3)

OverheadJitting  1: 1 op, 230991.00 ns, 230.9910 us/op
WorkloadJitting  1: 1 op, 12801619.00 ns, 12.8016 ms/op

OverheadJitting  2: 16 op, 176680.00 ns, 11.0425 us/op
WorkloadJitting  2: 16 op, 41200111.00 ns, 2.5750 ms/op

WorkloadPilot    1: 16 op, 45638271.00 ns, 2.8524 ms/op
WorkloadPilot    2: 32 op, 81958576.00 ns, 2.5612 ms/op
WorkloadPilot    3: 64 op, 157796229.00 ns, 2.4656 ms/op
WorkloadPilot    4: 128 op, 271760839.00 ns, 2.1231 ms/op
WorkloadPilot    5: 256 op, 509990197.00 ns, 1.9921 ms/op

OverheadWarmup   1: 256 op, 4067.00 ns, 15.8867 ns/op
OverheadWarmup   2: 256 op, 809.00 ns, 3.1602 ns/op
OverheadWarmup   3: 256 op, 810.00 ns, 3.1641 ns/op
OverheadWarmup   4: 256 op, 779.00 ns, 3.0430 ns/op
OverheadWarmup   5: 256 op, 902.00 ns, 3.5234 ns/op
OverheadWarmup   6: 256 op, 820.00 ns, 3.2031 ns/op

OverheadActual   1: 256 op, 809.00 ns, 3.1602 ns/op
OverheadActual   2: 256 op, 819.00 ns, 3.1992 ns/op
OverheadActual   3: 256 op, 759.00 ns, 2.9648 ns/op
OverheadActual   4: 256 op, 820.00 ns, 3.2031 ns/op
OverheadActual   5: 256 op, 820.00 ns, 3.2031 ns/op
OverheadActual   6: 256 op, 819.00 ns, 3.1992 ns/op
OverheadActual   7: 256 op, 789.00 ns, 3.0820 ns/op
OverheadActual   8: 256 op, 932.00 ns, 3.6406 ns/op
OverheadActual   9: 256 op, 779.00 ns, 3.0430 ns/op
OverheadActual  10: 256 op, 840.00 ns, 3.2813 ns/op
OverheadActual  11: 256 op, 829.00 ns, 3.2383 ns/op
OverheadActual  12: 256 op, 789.00 ns, 3.0820 ns/op
OverheadActual  13: 256 op, 840.00 ns, 3.2813 ns/op
OverheadActual  14: 256 op, 779.00 ns, 3.0430 ns/op
OverheadActual  15: 256 op, 768.00 ns, 3.0000 ns/op

WorkloadWarmup   1: 256 op, 533545009.00 ns, 2.0842 ms/op
WorkloadWarmup   2: 256 op, 521936282.00 ns, 2.0388 ms/op
WorkloadWarmup   3: 256 op, 523846577.00 ns, 2.0463 ms/op

WorkloadActual   1: 256 op, 520398054.00 ns, 2.0328 ms/op
WorkloadActual   2: 256 op, 521611330.00 ns, 2.0375 ms/op
WorkloadActual   3: 256 op, 521078414.00 ns, 2.0355 ms/op

WorkloadResult   1: 256 op, 520397235.00 ns, 2.0328 ms/op
WorkloadResult   2: 256 op, 521610511.00 ns, 2.0375 ms/op
WorkloadResult   3: 256 op, 521077595.00 ns, 2.0355 ms/op
// GC:  19 0 0 159302128 256
// Threading:  0 0 256


Mean = 2.035 ms, StdErr = 0.001 ms (0.07%), N = 3, StdDev = 0.002 ms
Min = 2.033 ms, Q1 = 2.034 ms, Median = 2.035 ms, Q3 = 2.037 ms, Max = 2.038 ms
IQR = 0.002 ms, LowerFence = 2.031 ms, UpperFence = 2.040 ms
ConfidenceInterval = [1.992 ms; 2.079 ms] (CI 99.9%), Margin = 0.043 ms (2.13% of Mean)
Skewness = -0.08, Kurtosis = 0.67, MValue = 2

// ** Remained 0 (0.0 %) benchmark(s) to run. Estimated finish 2026-10-08 1:15 (0h 0m from now) **
// ***** BenchmarkRunner: Finish  *****

// * Export *
  BenchmarkDotNet.Artifacts/results/NextORM.Benchmark.SqliteBenchmarkWhere-report.csv
  BenchmarkDotNet.Artifacts/results/NextORM.Benchmark.SqliteBenchmarkWhere-report-github.md
  BenchmarkDotNet.Artifacts/results/NextORM.Benchmark.SqliteBenchmarkWhere-report.html

// * Detailed results *
SqliteBenchmarkWhere.Nextorm_Cached_ToListAsync: ShortRun(Toolchain=InProcessEmitToolchain, IterationCount=3, LaunchCount=1, WarmupCount=3)
Runtime = ; GC = 
Mean = 2.035 ms, StdErr = 0.001 ms (0.07%), N = 3, StdDev = 0.002 ms
Min = 2.033 ms, Q1 = 2.034 ms, Median = 2.035 ms, Q3 = 2.037 ms, Max = 2.038 ms
IQR = 0.002 ms, LowerFence = 2.031 ms, UpperFence = 2.040 ms
ConfidenceInterval = [1.992 ms; 2.079 ms] (CI 99.9%), Margin = 0.043 ms (2.13% of Mean)
Skewness = -0.08, Kurtosis = 0.67, MValue = 2
-------------------- Histogram --------------------
[2.031 ms ; 2.040 ms) | @@@
---------------------------------------------------

// * Summary *

BenchmarkDotNet v0.15.8, Linux Ubuntu 22.04.5 LTS (Jammy Jellyfish)
AMD Ryzen 7 5800HS with Radeon Graphics 3.19GHz, 1 CPU, 8 logical and 4 physical cores
.NET SDK 10.0.401
  [Host] : .NET 10.0.12 (10.0.12, 10.0.1226.42308), X64 RyuJIT x86-64-v3

Job=ShortRun  Toolchain=InProcessEmitToolchain  IterationCount=3  
LaunchCount=1  WarmupCount=3  Categories=acceptance  
Error=0.0433 ms  StdDev=0.0024 ms  

| Method                     | Mean     | Gen0    | Allocated |
|--------------------------- |---------:|--------:|----------:|
| Nextorm_Cached_ToListAsync | 2.035 ms | 74.2188 | 607.69 KB |

// * Hints *
HideColumnsAnalyser
  Summary -> Hidden columns: Error, StdDev

// * Legends *
  Mean      : Arithmetic mean of all measurements
  Gen0      : GC Generation 0 collects per 1000 operations
  Allocated : Allocated memory per single operation (managed only, inclusive, 1KB = 1024B)
  1 ms      : 1 Millisecond (0.001 sec)

// * Diagnostic Output - MemoryDiagnoser *


// ***** BenchmarkRunner: End *****
Run time: 00:00:04 (4.92 sec), executed benchmarks: 1

Global total time: 00:00:44 (44.48 sec), executed benchmarks: 7
// * Artifacts cleanup *
Artifacts cleanup is finished
EXIT=0
WALL_SECONDS=51
