// Validating benchmarks:
// ***** BenchmarkRunner: Start   *****
// ***** Found 7 benchmark(s) in total *****
// ***** Building 1 exe(s) in Parallel: Start   *****
// ***** Done, took 00:00:00 (0.04 sec)   *****
// Found 1 benchmarks:
//   InMemoryBenchmarkAggregates.Nextorm_Count: ShortRun(Toolchain=InProcessEmitToolchain, IterationCount=3, LaunchCount=1, WarmupCount=3)

// **************************
// Benchmark: InMemoryBenchmarkAggregates.Nextorm_Count: ShortRun(Toolchain=InProcessEmitToolchain, IterationCount=3, LaunchCount=1, WarmupCount=3)
// *** Execute ***
// Launch: 1 / 1
// ! Failed to set up priority High for process System.Diagnostics.Process (nextorm.benchmark). Make sure you have the right permissions. Message: Permission denied

// Benchmark Process Environment Information:
// BenchmarkDotNet v0.15.8
// Runtime=.NET 10.0.12 (10.0.12, 10.0.1226.42308), X64 RyuJIT x86-64-v3
// GC=Concurrent Workstation
// HardwareIntrinsics=AVX2+BMI1+BMI2+F16C+FMA+LZCNT+MOVBE,AVX,SSE3+SSSE3+SSE4.1+SSE4.2+POPCNT,X86Base+SSE+SSE2,AES+PCLMUL VectorSize=256
// Job: Job-ZYJCSJ(Toolchain=InProcessEmitToolchain, IterationCount=3, LaunchCount=1, WarmupCount=3)

OverheadJitting  1: 1 op, 176841.00 ns, 176.8410 us/op
WorkloadJitting  1: 1 op, 79820228.00 ns, 79.8202 ms/op

WorkloadPilot    1: 2 op, 14224360.00 ns, 7.1122 ms/op
WorkloadPilot    2: 3 op, 23102229.00 ns, 7.7007 ms/op
WorkloadPilot    3: 4 op, 27919635.00 ns, 6.9799 ms/op
WorkloadPilot    4: 5 op, 34918151.00 ns, 6.9836 ms/op
WorkloadPilot    5: 6 op, 41565327.00 ns, 6.9276 ms/op
WorkloadPilot    6: 7 op, 68665579.00 ns, 9.8094 ms/op
WorkloadPilot    7: 8 op, 58727928.00 ns, 7.3410 ms/op
WorkloadPilot    8: 9 op, 67450714.00 ns, 7.4945 ms/op
WorkloadPilot    9: 10 op, 74092631.00 ns, 7.4093 ms/op
WorkloadPilot   10: 11 op, 91910321.00 ns, 8.3555 ms/op
WorkloadPilot   11: 12 op, 95596591.00 ns, 7.9664 ms/op
WorkloadPilot   12: 13 op, 97791456.00 ns, 7.5224 ms/op
WorkloadPilot   13: 14 op, 101394619.00 ns, 7.2425 ms/op
WorkloadPilot   14: 15 op, 104169785.00 ns, 6.9447 ms/op
WorkloadPilot   15: 16 op, 136235960.00 ns, 8.5147 ms/op
WorkloadPilot   16: 32 op, 252489339.00 ns, 7.8903 ms/op
WorkloadPilot   17: 64 op, 198144016.00 ns, 3.0960 ms/op
WorkloadPilot   18: 128 op, 283687504.00 ns, 2.2163 ms/op
WorkloadPilot   19: 256 op, 574885111.00 ns, 2.2456 ms/op

WorkloadWarmup   1: 256 op, 568204865.00 ns, 2.2196 ms/op
WorkloadWarmup   2: 256 op, 566026969.00 ns, 2.2110 ms/op
WorkloadWarmup   3: 256 op, 564467309.00 ns, 2.2050 ms/op

WorkloadActual   1: 256 op, 568439209.00 ns, 2.2205 ms/op
WorkloadActual   2: 256 op, 567371054.00 ns, 2.2163 ms/op
WorkloadActual   3: 256 op, 569996304.00 ns, 2.2265 ms/op

WorkloadResult   1: 256 op, 568439209.00 ns, 2.2205 ms/op
WorkloadResult   2: 256 op, 567371054.00 ns, 2.2163 ms/op
WorkloadResult   3: 256 op, 569996304.00 ns, 2.2265 ms/op
// GC:  11 0 0 98099200 256
// Threading:  0 0 256


Mean = 2.221 ms, StdErr = 0.003 ms (0.13%), N = 3, StdDev = 0.005 ms
Min = 2.216 ms, Q1 = 2.218 ms, Median = 2.220 ms, Q3 = 2.224 ms, Max = 2.227 ms
IQR = 0.005 ms, LowerFence = 2.211 ms, UpperFence = 2.231 ms
ConfidenceInterval = [2.127 ms; 2.315 ms] (CI 99.9%), Margin = 0.094 ms (4.24% of Mean)
Skewness = 0.12, Kurtosis = 0.67, MValue = 2

// ** Remained 6 (85.7 %) benchmark(s) to run. Estimated finish 2026-10-08 2:09 (0h 0m from now) **
// ***** BenchmarkRunner: Finish  *****

// * Export *
  BenchmarkDotNet.Artifacts/results/NextORM.Benchmark.InMemoryBenchmarkAggregates-report.csv
  BenchmarkDotNet.Artifacts/results/NextORM.Benchmark.InMemoryBenchmarkAggregates-report-github.md
  BenchmarkDotNet.Artifacts/results/NextORM.Benchmark.InMemoryBenchmarkAggregates-report.html

// * Detailed results *
InMemoryBenchmarkAggregates.Nextorm_Count: ShortRun(Toolchain=InProcessEmitToolchain, IterationCount=3, LaunchCount=1, WarmupCount=3)
Runtime = ; GC = 
Mean = 2.221 ms, StdErr = 0.003 ms (0.13%), N = 3, StdDev = 0.005 ms
Min = 2.216 ms, Q1 = 2.218 ms, Median = 2.220 ms, Q3 = 2.224 ms, Max = 2.227 ms
IQR = 0.005 ms, LowerFence = 2.211 ms, UpperFence = 2.231 ms
ConfidenceInterval = [2.127 ms; 2.315 ms] (CI 99.9%), Margin = 0.094 ms (4.24% of Mean)
Skewness = 0.12, Kurtosis = 0.67, MValue = 2
-------------------- Histogram --------------------
[2.212 ms ; 2.231 ms) | @@@
---------------------------------------------------

// * Summary *

BenchmarkDotNet v0.15.8, Linux Ubuntu 22.04.5 LTS (Jammy Jellyfish)
AMD Ryzen 7 5800HS with Radeon Graphics 3.19GHz, 1 CPU, 8 logical and 4 physical cores
.NET SDK 10.0.401
  [Host] : .NET 10.0.12 (10.0.12, 10.0.1226.42308), X64 RyuJIT x86-64-v3

Job=ShortRun  Toolchain=InProcessEmitToolchain  IterationCount=3  
LaunchCount=1  WarmupCount=3  Categories=acceptance,InMemoryNew  

| Method        | Mean     | Error     | StdDev    | Ratio | Gen0    | Allocated | Alloc Ratio |
|-------------- |---------:|----------:|----------:|------:|--------:|----------:|------------:|
| Nextorm_Count | 2.221 ms | 0.0941 ms | 0.0052 ms |  1.00 | 42.9688 | 374.22 KB |        1.00 |

// * Legends *
  Mean        : Arithmetic mean of all measurements
  Error       : Half of 99.9% confidence interval
  StdDev      : Standard deviation of all measurements
  Ratio       : Mean of the ratio distribution ([Current]/[Baseline])
  Gen0        : GC Generation 0 collects per 1000 operations
  Allocated   : Allocated memory per single operation (managed only, inclusive, 1KB = 1024B)
  Alloc Ratio : Allocated memory ratio distribution ([Current]/[Baseline])
  1 ms        : 1 Millisecond (0.001 sec)

// * Diagnostic Output - MemoryDiagnoser *


// ***** BenchmarkRunner: End *****
Run time: 00:00:06 (6.61 sec), executed benchmarks: 1

// Found 1 benchmarks:
//   InMemoryBenchmarkGroupBy.Nextorm_GroupByCount: ShortRun(Toolchain=InProcessEmitToolchain, IterationCount=3, LaunchCount=1, WarmupCount=3)

// **************************
// Benchmark: InMemoryBenchmarkGroupBy.Nextorm_GroupByCount: ShortRun(Toolchain=InProcessEmitToolchain, IterationCount=3, LaunchCount=1, WarmupCount=3)
// *** Execute ***
// Launch: 1 / 1
// ! Failed to set up priority High for process System.Diagnostics.Process (nextorm.benchmark). Make sure you have the right permissions. Message: Permission denied

// Benchmark Process Environment Information:
// BenchmarkDotNet v0.15.8
// Runtime=.NET 10.0.12 (10.0.12, 10.0.1226.42308), X64 RyuJIT x86-64-v3
// GC=Concurrent Workstation
// HardwareIntrinsics=AVX2+BMI1+BMI2+F16C+FMA+LZCNT+MOVBE,AVX,SSE3+SSSE3+SSE4.1+SSE4.2+POPCNT,X86Base+SSE+SSE2,AES+PCLMUL VectorSize=256
// Job: Job-ZYJCSJ(Toolchain=InProcessEmitToolchain, IterationCount=3, LaunchCount=1, WarmupCount=3)

OverheadJitting  1: 1 op, 182094.00 ns, 182.0940 us/op
WorkloadJitting  1: 1 op, 121501813.00 ns, 121.5018 ms/op

WorkloadPilot    1: 2 op, 173267661.00 ns, 86.6338 ms/op
WorkloadPilot    2: 3 op, 245324250.00 ns, 81.7748 ms/op
WorkloadPilot    3: 4 op, 323474608.00 ns, 80.8687 ms/op
WorkloadPilot    4: 5 op, 397597095.00 ns, 79.5194 ms/op
WorkloadPilot    5: 6 op, 434380693.00 ns, 72.3968 ms/op
WorkloadPilot    6: 7 op, 411024205.00 ns, 58.7177 ms/op
WorkloadPilot    7: 8 op, 467567685.00 ns, 58.4460 ms/op
WorkloadPilot    8: 9 op, 527866442.00 ns, 58.6518 ms/op

WorkloadWarmup   1: 9 op, 535085772.00 ns, 59.4540 ms/op
WorkloadWarmup   2: 9 op, 526992575.00 ns, 58.5547 ms/op
WorkloadWarmup   3: 9 op, 523563625.00 ns, 58.1737 ms/op

WorkloadActual   1: 9 op, 521271964.00 ns, 57.9191 ms/op
WorkloadActual   2: 9 op, 527889356.00 ns, 58.6544 ms/op
WorkloadActual   3: 9 op, 524504206.00 ns, 58.2782 ms/op

WorkloadResult   1: 9 op, 521271964.00 ns, 57.9191 ms/op
WorkloadResult   2: 9 op, 527889356.00 ns, 58.6544 ms/op
WorkloadResult   3: 9 op, 524504206.00 ns, 58.2782 ms/op
// GC:  56 18 0 472773720 9
// Threading:  0 0 9


Mean = 58.284 ms, StdErr = 0.212 ms (0.36%), N = 3, StdDev = 0.368 ms
Min = 57.919 ms, Q1 = 58.099 ms, Median = 58.278 ms, Q3 = 58.466 ms, Max = 58.654 ms
IQR = 0.368 ms, LowerFence = 57.547 ms, UpperFence = 59.018 ms
ConfidenceInterval = [51.576 ms; 64.991 ms] (CI 99.9%), Margin = 6.708 ms (11.51% of Mean)
Skewness = 0.02, Kurtosis = 0.67, MValue = 2

// ** Remained 5 (71.4 %) benchmark(s) to run. Estimated finish 2026-10-08 2:09 (0h 0m from now) **
// ***** BenchmarkRunner: Finish  *****

// * Export *
  BenchmarkDotNet.Artifacts/results/NextORM.Benchmark.InMemoryBenchmarkGroupBy-report.csv
  BenchmarkDotNet.Artifacts/results/NextORM.Benchmark.InMemoryBenchmarkGroupBy-report-github.md
  BenchmarkDotNet.Artifacts/results/NextORM.Benchmark.InMemoryBenchmarkGroupBy-report.html

// * Detailed results *
InMemoryBenchmarkGroupBy.Nextorm_GroupByCount: ShortRun(Toolchain=InProcessEmitToolchain, IterationCount=3, LaunchCount=1, WarmupCount=3)
Runtime = ; GC = 
Mean = 58.284 ms, StdErr = 0.212 ms (0.36%), N = 3, StdDev = 0.368 ms
Min = 57.919 ms, Q1 = 58.099 ms, Median = 58.278 ms, Q3 = 58.466 ms, Max = 58.654 ms
IQR = 0.368 ms, LowerFence = 57.547 ms, UpperFence = 59.018 ms
ConfidenceInterval = [51.576 ms; 64.991 ms] (CI 99.9%), Margin = 6.708 ms (11.51% of Mean)
Skewness = 0.02, Kurtosis = 0.67, MValue = 2
-------------------- Histogram --------------------
[57.585 ms ; 58.680 ms) | @@@
---------------------------------------------------

// * Summary *

BenchmarkDotNet v0.15.8, Linux Ubuntu 22.04.5 LTS (Jammy Jellyfish)
AMD Ryzen 7 5800HS with Radeon Graphics 3.19GHz, 1 CPU, 8 logical and 4 physical cores
.NET SDK 10.0.401
  [Host] : .NET 10.0.12 (10.0.12, 10.0.1226.42308), X64 RyuJIT x86-64-v3

Job=ShortRun  Toolchain=InProcessEmitToolchain  IterationCount=3  
LaunchCount=1  WarmupCount=3  Categories=acceptance,InMemoryNew  

| Method               | Mean     | Error    | StdDev   | Ratio | Gen0      | Gen1      | Allocated | Alloc Ratio |
|--------------------- |---------:|---------:|---------:|------:|----------:|----------:|----------:|------------:|
| Nextorm_GroupByCount | 58.28 ms | 6.708 ms | 0.368 ms |  1.00 | 6222.2222 | 2000.0000 |   50.1 MB |        1.00 |

// * Legends *
  Mean        : Arithmetic mean of all measurements
  Error       : Half of 99.9% confidence interval
  StdDev      : Standard deviation of all measurements
  Ratio       : Mean of the ratio distribution ([Current]/[Baseline])
  Gen0        : GC Generation 0 collects per 1000 operations
  Gen1        : GC Generation 1 collects per 1000 operations
  Allocated   : Allocated memory per single operation (managed only, inclusive, 1KB = 1024B)
  Alloc Ratio : Allocated memory ratio distribution ([Current]/[Baseline])
  1 ms        : 1 Millisecond (0.001 sec)

// * Diagnostic Output - MemoryDiagnoser *


// ***** BenchmarkRunner: End *****
Run time: 00:00:06 (6.86 sec), executed benchmarks: 1

// Found 1 benchmarks:
//   SqliteBenchmarkAny.Nextorm_Cached: ShortRun(Toolchain=InProcessEmitToolchain, IterationCount=3, LaunchCount=1, WarmupCount=3)

// **************************
// Benchmark: SqliteBenchmarkAny.Nextorm_Cached: ShortRun(Toolchain=InProcessEmitToolchain, IterationCount=3, LaunchCount=1, WarmupCount=3)
// *** Execute ***
// Launch: 1 / 1
// ! Failed to set up priority High for process System.Diagnostics.Process (nextorm.benchmark). Make sure you have the right permissions. Message: Permission denied

// Benchmark Process Environment Information:
// BenchmarkDotNet v0.15.8
// Runtime=.NET 10.0.12 (10.0.12, 10.0.1226.42308), X64 RyuJIT x86-64-v3
// GC=Concurrent Workstation
// HardwareIntrinsics=AVX2+BMI1+BMI2+F16C+FMA+LZCNT+MOVBE,AVX,SSE3+SSSE3+SSE4.1+SSE4.2+POPCNT,X86Base+SSE+SSE2,AES+PCLMUL VectorSize=256
// Job: Job-ZYJCSJ(Toolchain=InProcessEmitToolchain, IterationCount=3, LaunchCount=1, WarmupCount=3)

OverheadJitting  1: 1 op, 242606.00 ns, 242.6060 us/op
WorkloadJitting  1: 1 op, 28250585.00 ns, 28.2506 ms/op

OverheadJitting  2: 16 op, 198388.00 ns, 12.3993 us/op
WorkloadJitting  2: 16 op, 87201449.00 ns, 5.4501 ms/op

WorkloadPilot    1: 16 op, 89468999.00 ns, 5.5918 ms/op
WorkloadPilot    2: 32 op, 172707344.00 ns, 5.3971 ms/op
WorkloadPilot    3: 64 op, 313430617.00 ns, 4.8974 ms/op
WorkloadPilot    4: 128 op, 604877110.00 ns, 4.7256 ms/op

OverheadWarmup   1: 128 op, 2197.00 ns, 17.1641 ns/op
OverheadWarmup   2: 128 op, 565.00 ns, 4.4141 ns/op
OverheadWarmup   3: 128 op, 555.00 ns, 4.3359 ns/op
OverheadWarmup   4: 128 op, 493.00 ns, 3.8516 ns/op
OverheadWarmup   5: 128 op, 678.00 ns, 5.2969 ns/op
OverheadWarmup   6: 128 op, 616.00 ns, 4.8125 ns/op
OverheadWarmup   7: 128 op, 698.00 ns, 5.4531 ns/op
OverheadWarmup   8: 128 op, 740.00 ns, 5.7813 ns/op
OverheadWarmup   9: 128 op, 647.00 ns, 5.0547 ns/op

OverheadActual   1: 128 op, 565.00 ns, 4.4141 ns/op
OverheadActual   2: 128 op, 554.00 ns, 4.3281 ns/op
OverheadActual   3: 128 op, 575.00 ns, 4.4922 ns/op
OverheadActual   4: 128 op, 554.00 ns, 4.3281 ns/op
OverheadActual   5: 128 op, 576.00 ns, 4.5000 ns/op
OverheadActual   6: 128 op, 585.00 ns, 4.5703 ns/op
OverheadActual   7: 128 op, 606.00 ns, 4.7344 ns/op
OverheadActual   8: 128 op, 554.00 ns, 4.3281 ns/op
OverheadActual   9: 128 op, 575.00 ns, 4.4922 ns/op
OverheadActual  10: 128 op, 596.00 ns, 4.6563 ns/op
OverheadActual  11: 128 op, 575.00 ns, 4.4922 ns/op
OverheadActual  12: 128 op, 585.00 ns, 4.5703 ns/op
OverheadActual  13: 128 op, 565.00 ns, 4.4141 ns/op
OverheadActual  14: 128 op, 565.00 ns, 4.4141 ns/op
OverheadActual  15: 128 op, 719.00 ns, 5.6172 ns/op

WorkloadWarmup   1: 128 op, 312633824.00 ns, 2.4425 ms/op
WorkloadWarmup   2: 128 op, 253036843.00 ns, 1.9769 ms/op
WorkloadWarmup   3: 128 op, 247468771.00 ns, 1.9333 ms/op

WorkloadActual   1: 128 op, 251897225.00 ns, 1.9679 ms/op
WorkloadActual   2: 128 op, 252163202.00 ns, 1.9700 ms/op
WorkloadActual   3: 128 op, 282459557.00 ns, 2.2067 ms/op

WorkloadResult   1: 128 op, 251896650.00 ns, 1.9679 ms/op
WorkloadResult   2: 128 op, 252162627.00 ns, 1.9700 ms/op
WorkloadResult   3: 128 op, 282458982.00 ns, 2.2067 ms/op
// GC:  9 0 0 79882080 128
// Threading:  0 0 128


Mean = 2.048 ms, StdErr = 0.079 ms (3.87%), N = 3, StdDev = 0.137 ms
Min = 1.968 ms, Q1 = 1.969 ms, Median = 1.970 ms, Q3 = 2.088 ms, Max = 2.207 ms
IQR = 0.119 ms, LowerFence = 1.790 ms, UpperFence = 2.267 ms
ConfidenceInterval = [-0.456 ms; 4.552 ms] (CI 99.9%), Margin = 2.504 ms (122.26% of Mean)
Skewness = 0.38, Kurtosis = 0.67, MValue = 2

// ** Remained 4 (57.1 %) benchmark(s) to run. Estimated finish 2026-10-08 2:08 (0h 0m from now) **
// ***** BenchmarkRunner: Finish  *****

// * Export *
  BenchmarkDotNet.Artifacts/results/NextORM.Benchmark.SqliteBenchmarkAny-report.csv
  BenchmarkDotNet.Artifacts/results/NextORM.Benchmark.SqliteBenchmarkAny-report-github.md
  BenchmarkDotNet.Artifacts/results/NextORM.Benchmark.SqliteBenchmarkAny-report.html

// * Detailed results *
SqliteBenchmarkAny.Nextorm_Cached: ShortRun(Toolchain=InProcessEmitToolchain, IterationCount=3, LaunchCount=1, WarmupCount=3)
Runtime = ; GC = 
Mean = 2.048 ms, StdErr = 0.079 ms (3.87%), N = 3, StdDev = 0.137 ms
Min = 1.968 ms, Q1 = 1.969 ms, Median = 1.970 ms, Q3 = 2.088 ms, Max = 2.207 ms
IQR = 0.119 ms, LowerFence = 1.790 ms, UpperFence = 2.267 ms
ConfidenceInterval = [-0.456 ms; 4.552 ms] (CI 99.9%), Margin = 2.504 ms (122.26% of Mean)
Skewness = 0.38, Kurtosis = 0.67, MValue = 2
-------------------- Histogram --------------------
[1.962 ms ; 2.212 ms) | @@@
---------------------------------------------------

// * Summary *

BenchmarkDotNet v0.15.8, Linux Ubuntu 22.04.5 LTS (Jammy Jellyfish)
AMD Ryzen 7 5800HS with Radeon Graphics 3.19GHz, 1 CPU, 8 logical and 4 physical cores
.NET SDK 10.0.401
  [Host] : .NET 10.0.12 (10.0.12, 10.0.1226.42308), X64 RyuJIT x86-64-v3

Job=ShortRun  Toolchain=InProcessEmitToolchain  IterationCount=3  
LaunchCount=1  WarmupCount=3  Categories=acceptance  

| Method         | Mean     | Error    | StdDev    | Gen0    | Allocated |
|--------------- |---------:|---------:|----------:|--------:|----------:|
| Nextorm_Cached | 2.048 ms | 2.504 ms | 0.1373 ms | 70.3125 | 609.45 KB |

// * Legends *
  Mean      : Arithmetic mean of all measurements
  Error     : Half of 99.9% confidence interval
  StdDev    : Standard deviation of all measurements
  Gen0      : GC Generation 0 collects per 1000 operations
  Allocated : Allocated memory per single operation (managed only, inclusive, 1KB = 1024B)
  1 ms      : 1 Millisecond (0.001 sec)

// * Diagnostic Output - MemoryDiagnoser *


// ***** BenchmarkRunner: End *****
Run time: 00:00:03 (3.66 sec), executed benchmarks: 1

// Found 3 benchmarks:
//   SqliteBenchmarkCachedPlan.Prepared_ToList: ShortRun(Toolchain=InProcessEmitToolchain, IterationCount=3, LaunchCount=1, WarmupCount=3)
//   SqliteBenchmarkCachedPlan.Cached_ToList: ShortRun(Toolchain=InProcessEmitToolchain, IterationCount=3, LaunchCount=1, WarmupCount=3)
//   SqliteBenchmarkCachedPlan.Cached_PlanOnly_Param: ShortRun(Toolchain=InProcessEmitToolchain, IterationCount=3, LaunchCount=1, WarmupCount=3)

// **************************
// Benchmark: SqliteBenchmarkCachedPlan.Prepared_ToList: ShortRun(Toolchain=InProcessEmitToolchain, IterationCount=3, LaunchCount=1, WarmupCount=3)
// *** Execute ***
// Launch: 1 / 1
// ! Failed to set up priority High for process System.Diagnostics.Process (nextorm.benchmark). Make sure you have the right permissions. Message: Permission denied

// Benchmark Process Environment Information:
// BenchmarkDotNet v0.15.8
// Runtime=.NET 10.0.12 (10.0.12, 10.0.1226.42308), X64 RyuJIT x86-64-v3
// GC=Concurrent Workstation
// HardwareIntrinsics=AVX2+BMI1+BMI2+F16C+FMA+LZCNT+MOVBE,AVX,SSE3+SSSE3+SSE4.1+SSE4.2+POPCNT,X86Base+SSE+SSE2,AES+PCLMUL VectorSize=256
// Job: Job-ZYJCSJ(Toolchain=InProcessEmitToolchain, IterationCount=3, LaunchCount=1, WarmupCount=3)

OverheadJitting  1: 1 op, 322571.00 ns, 322.5710 us/op
WorkloadJitting  1: 1 op, 1760884.00 ns, 1.7609 ms/op

OverheadJitting  2: 16 op, 381372.00 ns, 23.8358 us/op
WorkloadJitting  2: 16 op, 16295826.00 ns, 1.0185 ms/op

WorkloadPilot    1: 16 op, 16632147.00 ns, 1.0395 ms/op
WorkloadPilot    2: 32 op, 33021687.00 ns, 1.0319 ms/op
WorkloadPilot    3: 64 op, 70594934.00 ns, 1.1030 ms/op
WorkloadPilot    4: 128 op, 142813620.00 ns, 1.1157 ms/op
WorkloadPilot    5: 256 op, 252559413.00 ns, 986.5602 us/op
WorkloadPilot    6: 512 op, 466882591.00 ns, 911.8801 us/op
WorkloadPilot    7: 1024 op, 927409239.00 ns, 905.6731 us/op

OverheadWarmup   1: 1024 op, 5157.00 ns, 5.0361 ns/op
OverheadWarmup   2: 1024 op, 1788.00 ns, 1.7461 ns/op
OverheadWarmup   3: 1024 op, 1808.00 ns, 1.7656 ns/op
OverheadWarmup   4: 1024 op, 1798.00 ns, 1.7559 ns/op
OverheadWarmup   5: 1024 op, 1778.00 ns, 1.7363 ns/op
OverheadWarmup   6: 1024 op, 2178.00 ns, 2.1270 ns/op
OverheadWarmup   7: 1024 op, 1963.00 ns, 1.9170 ns/op

OverheadActual   1: 1024 op, 1787.00 ns, 1.7451 ns/op
OverheadActual   2: 1024 op, 1921.00 ns, 1.8760 ns/op
OverheadActual   3: 1024 op, 1808.00 ns, 1.7656 ns/op
OverheadActual   4: 1024 op, 1798.00 ns, 1.7559 ns/op
OverheadActual   5: 1024 op, 1767.00 ns, 1.7256 ns/op
OverheadActual   6: 1024 op, 1819.00 ns, 1.7764 ns/op
OverheadActual   7: 1024 op, 1808.00 ns, 1.7656 ns/op
OverheadActual   8: 1024 op, 1788.00 ns, 1.7461 ns/op
OverheadActual   9: 1024 op, 1808.00 ns, 1.7656 ns/op
OverheadActual  10: 1024 op, 1798.00 ns, 1.7559 ns/op
OverheadActual  11: 1024 op, 1819.00 ns, 1.7764 ns/op
OverheadActual  12: 1024 op, 1818.00 ns, 1.7754 ns/op
OverheadActual  13: 1024 op, 1818.00 ns, 1.7754 ns/op
OverheadActual  14: 1024 op, 1787.00 ns, 1.7451 ns/op
OverheadActual  15: 1024 op, 1798.00 ns, 1.7559 ns/op

WorkloadWarmup   1: 1024 op, 930848072.00 ns, 909.0313 us/op
WorkloadWarmup   2: 1024 op, 928478270.00 ns, 906.7171 us/op
WorkloadWarmup   3: 1024 op, 923960610.00 ns, 902.3053 us/op

WorkloadActual   1: 1024 op, 930482021.00 ns, 908.6738 us/op
WorkloadActual   2: 1024 op, 925808879.00 ns, 904.1102 us/op
WorkloadActual   3: 1024 op, 927309685.00 ns, 905.5759 us/op

WorkloadResult   1: 1024 op, 930480213.00 ns, 908.6721 us/op
WorkloadResult   2: 1024 op, 925807071.00 ns, 904.1085 us/op
WorkloadResult   3: 1024 op, 927307877.00 ns, 905.5741 us/op
// GC:  9 0 0 79836368 1024
// Threading:  0 0 1024


Mean = 906.118 us, StdErr = 1.345 us (0.15%), N = 3, StdDev = 2.330 us
Min = 904.108 us, Q1 = 904.841 us, Median = 905.574 us, Q3 = 907.123 us, Max = 908.672 us
IQR = 2.282 us, LowerFence = 901.419 us, UpperFence = 910.546 us
ConfidenceInterval = [863.611 us; 948.625 us] (CI 99.9%), Margin = 42.507 us (4.69% of Mean)
Skewness = 0.22, Kurtosis = 0.67, MValue = 2

// ** Remained 3 (42.9 %) benchmark(s) to run. Estimated finish 2026-10-08 2:08 (0h 0m from now) **
// **************************
// Benchmark: SqliteBenchmarkCachedPlan.Cached_ToList: ShortRun(Toolchain=InProcessEmitToolchain, IterationCount=3, LaunchCount=1, WarmupCount=3)
// *** Execute ***
// Launch: 1 / 1
// ! Failed to set up priority High for process System.Diagnostics.Process (nextorm.benchmark). Make sure you have the right permissions. Message: Permission denied

// Benchmark Process Environment Information:
// BenchmarkDotNet v0.15.8
// Runtime=.NET 10.0.12 (10.0.12, 10.0.1226.42308), X64 RyuJIT x86-64-v3
// GC=Concurrent Workstation
// HardwareIntrinsics=AVX2+BMI1+BMI2+F16C+FMA+LZCNT+MOVBE,AVX,SSE3+SSSE3+SSE4.1+SSE4.2+POPCNT,X86Base+SSE+SSE2,AES+PCLMUL VectorSize=256
// Job: Job-ZYJCSJ(Toolchain=InProcessEmitToolchain, IterationCount=3, LaunchCount=1, WarmupCount=3)

OverheadJitting  1: 1 op, 231110.00 ns, 231.1100 us/op
WorkloadJitting  1: 1 op, 2648913.00 ns, 2.6489 ms/op

OverheadJitting  2: 16 op, 325982.00 ns, 20.3739 us/op
WorkloadJitting  2: 16 op, 34228854.00 ns, 2.1393 ms/op

WorkloadPilot    1: 16 op, 39410263.00 ns, 2.4631 ms/op
WorkloadPilot    2: 32 op, 66424439.00 ns, 2.0758 ms/op
WorkloadPilot    3: 64 op, 131569238.00 ns, 2.0558 ms/op
WorkloadPilot    4: 128 op, 240552008.00 ns, 1.8793 ms/op
WorkloadPilot    5: 256 op, 480231634.00 ns, 1.8759 ms/op
WorkloadPilot    6: 512 op, 954784581.00 ns, 1.8648 ms/op

OverheadWarmup   1: 512 op, 4315.00 ns, 8.4277 ns/op
OverheadWarmup   2: 512 op, 1470.00 ns, 2.8711 ns/op
OverheadWarmup   3: 512 op, 1017.00 ns, 1.9863 ns/op
OverheadWarmup   4: 512 op, 1120.00 ns, 2.1875 ns/op
OverheadWarmup   5: 512 op, 1017.00 ns, 1.9863 ns/op
OverheadWarmup   6: 512 op, 1099.00 ns, 2.1465 ns/op
OverheadWarmup   7: 512 op, 1089.00 ns, 2.1270 ns/op

OverheadActual   1: 512 op, 1171.00 ns, 2.2871 ns/op
OverheadActual   2: 512 op, 1110.00 ns, 2.1680 ns/op
OverheadActual   3: 512 op, 1141.00 ns, 2.2285 ns/op
OverheadActual   4: 512 op, 1141.00 ns, 2.2285 ns/op
OverheadActual   5: 512 op, 1109.00 ns, 2.1660 ns/op
OverheadActual   6: 512 op, 1099.00 ns, 2.1465 ns/op
OverheadActual   7: 512 op, 1089.00 ns, 2.1270 ns/op
OverheadActual   8: 512 op, 1140.00 ns, 2.2266 ns/op
OverheadActual   9: 512 op, 1131.00 ns, 2.2090 ns/op
OverheadActual  10: 512 op, 1150.00 ns, 2.2461 ns/op
OverheadActual  11: 512 op, 1141.00 ns, 2.2285 ns/op
OverheadActual  12: 512 op, 1079.00 ns, 2.1074 ns/op
OverheadActual  13: 512 op, 1346.00 ns, 2.6289 ns/op
OverheadActual  14: 512 op, 1110.00 ns, 2.1680 ns/op
OverheadActual  15: 512 op, 1130.00 ns, 2.2070 ns/op

WorkloadWarmup   1: 512 op, 973216259.00 ns, 1.9008 ms/op
WorkloadWarmup   2: 512 op, 975669566.00 ns, 1.9056 ms/op
WorkloadWarmup   3: 512 op, 950897420.00 ns, 1.8572 ms/op

WorkloadActual   1: 512 op, 968394996.00 ns, 1.8914 ms/op
WorkloadActual   2: 512 op, 965459913.00 ns, 1.8857 ms/op
WorkloadActual   3: 512 op, 962466762.00 ns, 1.8798 ms/op

WorkloadResult   1: 512 op, 968393865.00 ns, 1.8914 ms/op
WorkloadResult   2: 512 op, 965458782.00 ns, 1.8857 ms/op
WorkloadResult   3: 512 op, 962465631.00 ns, 1.8798 ms/op
// GC:  36 0 0 305757464 512
// Threading:  0 0 512


Mean = 1.886 ms, StdErr = 0.003 ms (0.18%), N = 3, StdDev = 0.006 ms
Min = 1.880 ms, Q1 = 1.883 ms, Median = 1.886 ms, Q3 = 1.889 ms, Max = 1.891 ms
IQR = 0.006 ms, LowerFence = 1.874 ms, UpperFence = 1.897 ms
ConfidenceInterval = [1.780 ms; 1.991 ms] (CI 99.9%), Margin = 0.106 ms (5.60% of Mean)
Skewness = -0.01, Kurtosis = 0.67, MValue = 2

// ** Remained 2 (28.6 %) benchmark(s) to run. Estimated finish 2026-10-08 2:09 (0h 0m from now) **
// **************************
// Benchmark: SqliteBenchmarkCachedPlan.Cached_PlanOnly_Param: ShortRun(Toolchain=InProcessEmitToolchain, IterationCount=3, LaunchCount=1, WarmupCount=3)
// *** Execute ***
// Launch: 1 / 1
// ! Failed to set up priority High for process System.Diagnostics.Process (nextorm.benchmark). Make sure you have the right permissions. Message: Permission denied

// Benchmark Process Environment Information:
// BenchmarkDotNet v0.15.8
// Runtime=.NET 10.0.12 (10.0.12, 10.0.1226.42308), X64 RyuJIT x86-64-v3
// GC=Concurrent Workstation
// HardwareIntrinsics=AVX2+BMI1+BMI2+F16C+FMA+LZCNT+MOVBE,AVX,SSE3+SSSE3+SSE4.1+SSE4.2+POPCNT,X86Base+SSE+SSE2,AES+PCLMUL VectorSize=256
// Job: Job-ZYJCSJ(Toolchain=InProcessEmitToolchain, IterationCount=3, LaunchCount=1, WarmupCount=3)

OverheadJitting  1: 1 op, 363351.00 ns, 363.3510 us/op
WorkloadJitting  1: 1 op, 1245672.00 ns, 1.2457 ms/op

OverheadJitting  2: 16 op, 550996.00 ns, 34.4373 us/op
WorkloadJitting  2: 16 op, 13686464.00 ns, 855.4040 us/op

WorkloadPilot    1: 16 op, 18036159.00 ns, 1.1273 ms/op
WorkloadPilot    2: 32 op, 19449177.00 ns, 607.7868 us/op
WorkloadPilot    3: 64 op, 38387873.00 ns, 599.8105 us/op
WorkloadPilot    4: 128 op, 76298394.00 ns, 596.0812 us/op
WorkloadPilot    5: 256 op, 148017094.00 ns, 578.1918 us/op
WorkloadPilot    6: 512 op, 280709137.00 ns, 548.2600 us/op
WorkloadPilot    7: 1024 op, 558450697.00 ns, 545.3620 us/op

OverheadWarmup   1: 1024 op, 6664.00 ns, 6.5078 ns/op
OverheadWarmup   2: 1024 op, 3193.00 ns, 3.1182 ns/op
OverheadWarmup   3: 1024 op, 3193.00 ns, 3.1182 ns/op
OverheadWarmup   4: 1024 op, 3953.00 ns, 3.8604 ns/op
OverheadWarmup   5: 1024 op, 3214.00 ns, 3.1387 ns/op
OverheadWarmup   6: 1024 op, 3214.00 ns, 3.1387 ns/op

OverheadActual   1: 1024 op, 3152.00 ns, 3.0781 ns/op
OverheadActual   2: 1024 op, 3183.00 ns, 3.1084 ns/op
OverheadActual   3: 1024 op, 3203.00 ns, 3.1279 ns/op
OverheadActual   4: 1024 op, 3953.00 ns, 3.8604 ns/op
OverheadActual   5: 1024 op, 3173.00 ns, 3.0986 ns/op
OverheadActual   6: 1024 op, 3172.00 ns, 3.0977 ns/op
OverheadActual   7: 1024 op, 3152.00 ns, 3.0781 ns/op
OverheadActual   8: 1024 op, 3162.00 ns, 3.0879 ns/op
OverheadActual   9: 1024 op, 3173.00 ns, 3.0986 ns/op
OverheadActual  10: 1024 op, 3265.00 ns, 3.1885 ns/op
OverheadActual  11: 1024 op, 3203.00 ns, 3.1279 ns/op
OverheadActual  12: 1024 op, 3203.00 ns, 3.1279 ns/op
OverheadActual  13: 1024 op, 3255.00 ns, 3.1787 ns/op
OverheadActual  14: 1024 op, 3193.00 ns, 3.1182 ns/op
OverheadActual  15: 1024 op, 3255.00 ns, 3.1787 ns/op

WorkloadWarmup   1: 1024 op, 559285857.00 ns, 546.1776 us/op
WorkloadWarmup   2: 1024 op, 559921193.00 ns, 546.7980 us/op
WorkloadWarmup   3: 1024 op, 556277768.00 ns, 543.2400 us/op

WorkloadActual   1: 1024 op, 554840786.00 ns, 541.8367 us/op
WorkloadActual   2: 1024 op, 565861836.00 ns, 552.5994 us/op
WorkloadActual   3: 1024 op, 561050950.00 ns, 547.9013 us/op

WorkloadResult   1: 1024 op, 554837593.00 ns, 541.8336 us/op
WorkloadResult   2: 1024 op, 565858643.00 ns, 552.5963 us/op
WorkloadResult   3: 1024 op, 561047757.00 ns, 547.8982 us/op
// GC:  63 0 0 531676880 1024
// Threading:  0 0 1024


Mean = 547.443 us, StdErr = 3.115 us (0.57%), N = 3, StdDev = 5.396 us
Min = 541.834 us, Q1 = 544.866 us, Median = 547.898 us, Q3 = 550.247 us, Max = 552.596 us
IQR = 5.381 us, LowerFence = 536.794 us, UpperFence = 558.319 us
ConfidenceInterval = [449.003 us; 645.882 us] (CI 99.9%), Margin = 98.440 us (17.98% of Mean)
Skewness = -0.08, Kurtosis = 0.67, MValue = 2

// ** Remained 1 (14.3 %) benchmark(s) to run. Estimated finish 2026-10-08 2:09 (0h 0m from now) **
// ***** BenchmarkRunner: Finish  *****

// * Export *
  BenchmarkDotNet.Artifacts/results/NextORM.Benchmark.SqliteBenchmarkCachedPlan-report.csv
  BenchmarkDotNet.Artifacts/results/NextORM.Benchmark.SqliteBenchmarkCachedPlan-report-github.md
  BenchmarkDotNet.Artifacts/results/NextORM.Benchmark.SqliteBenchmarkCachedPlan-report.html

// * Detailed results *
SqliteBenchmarkCachedPlan.Cached_PlanOnly_Param: ShortRun(Toolchain=InProcessEmitToolchain, IterationCount=3, LaunchCount=1, WarmupCount=3)
Runtime = ; GC = 
Mean = 547.443 us, StdErr = 3.115 us (0.57%), N = 3, StdDev = 5.396 us
Min = 541.834 us, Q1 = 544.866 us, Median = 547.898 us, Q3 = 550.247 us, Max = 552.596 us
IQR = 5.381 us, LowerFence = 536.794 us, UpperFence = 558.319 us
ConfidenceInterval = [449.003 us; 645.882 us] (CI 99.9%), Margin = 98.440 us (17.98% of Mean)
Skewness = -0.08, Kurtosis = 0.67, MValue = 2
-------------------- Histogram --------------------
[536.923 us ; 555.750 us) | @@@
---------------------------------------------------

SqliteBenchmarkCachedPlan.Prepared_ToList: ShortRun(Toolchain=InProcessEmitToolchain, IterationCount=3, LaunchCount=1, WarmupCount=3)
Runtime = ; GC = 
Mean = 906.118 us, StdErr = 1.345 us (0.15%), N = 3, StdDev = 2.330 us
Min = 904.108 us, Q1 = 904.841 us, Median = 905.574 us, Q3 = 907.123 us, Max = 908.672 us
IQR = 2.282 us, LowerFence = 901.419 us, UpperFence = 910.546 us
ConfidenceInterval = [863.611 us; 948.625 us] (CI 99.9%), Margin = 42.507 us (4.69% of Mean)
Skewness = 0.22, Kurtosis = 0.67, MValue = 2
-------------------- Histogram --------------------
[901.988 us ; 910.792 us) | @@@
---------------------------------------------------

SqliteBenchmarkCachedPlan.Cached_ToList: ShortRun(Toolchain=InProcessEmitToolchain, IterationCount=3, LaunchCount=1, WarmupCount=3)
Runtime = ; GC = 
Mean = 1.886 ms, StdErr = 0.003 ms (0.18%), N = 3, StdDev = 0.006 ms
Min = 1.880 ms, Q1 = 1.883 ms, Median = 1.886 ms, Q3 = 1.889 ms, Max = 1.891 ms
IQR = 0.006 ms, LowerFence = 1.874 ms, UpperFence = 1.897 ms
ConfidenceInterval = [1.780 ms; 1.991 ms] (CI 99.9%), Margin = 0.106 ms (5.60% of Mean)
Skewness = -0.01, Kurtosis = 0.67, MValue = 2
-------------------- Histogram --------------------
[1.875 ms ; 1.897 ms) | @@@
---------------------------------------------------

// * Summary *

BenchmarkDotNet v0.15.8, Linux Ubuntu 22.04.5 LTS (Jammy Jellyfish)
AMD Ryzen 7 5800HS with Radeon Graphics 3.19GHz, 1 CPU, 8 logical and 4 physical cores
.NET SDK 10.0.401
  [Host] : .NET 10.0.12 (10.0.12, 10.0.1226.42308), X64 RyuJIT x86-64-v3

Job=ShortRun  Runtime=.NET 10.0  Toolchain=InProcessEmitToolchain  
IterationCount=3  LaunchCount=1  WarmupCount=3  
Categories=acceptance  

| Method                | Mean       | Error     | StdDev  | Ratio | Gen0    | Allocated | Alloc Ratio |
|---------------------- |-----------:|----------:|--------:|------:|--------:|----------:|------------:|
| Cached_PlanOnly_Param |   547.4 us |  98.44 us | 5.40 us |  0.60 | 61.5234 | 507.05 KB |        6.66 |
| Prepared_ToList       |   906.1 us |  42.51 us | 2.33 us |  1.00 |  8.7891 |  76.14 KB |        1.00 |
| Cached_ToList         | 1,885.6 us | 105.62 us | 5.79 us |  2.08 | 70.3125 | 583.19 KB |        7.66 |

// * Legends *
  Mean        : Arithmetic mean of all measurements
  Error       : Half of 99.9% confidence interval
  StdDev      : Standard deviation of all measurements
  Ratio       : Mean of the ratio distribution ([Current]/[Baseline])
  Gen0        : GC Generation 0 collects per 1000 operations
  Allocated   : Allocated memory per single operation (managed only, inclusive, 1KB = 1024B)
  Alloc Ratio : Allocated memory ratio distribution ([Current]/[Baseline])
  1 us        : 1 Microsecond (0.000001 sec)

// * Diagnostic Output - MemoryDiagnoser *


// ***** BenchmarkRunner: End *****
Run time: 00:00:22 (22.64 sec), executed benchmarks: 3

// Found 1 benchmarks:
//   SqliteBenchmarkWhere.Nextorm_Cached_ToListAsync: ShortRun(Toolchain=InProcessEmitToolchain, IterationCount=3, LaunchCount=1, WarmupCount=3)

// **************************
// Benchmark: SqliteBenchmarkWhere.Nextorm_Cached_ToListAsync: ShortRun(Toolchain=InProcessEmitToolchain, IterationCount=3, LaunchCount=1, WarmupCount=3)
// *** Execute ***
// Launch: 1 / 1
// ! Failed to set up priority High for process System.Diagnostics.Process (nextorm.benchmark). Make sure you have the right permissions. Message: Permission denied

// Benchmark Process Environment Information:
// BenchmarkDotNet v0.15.8
// Runtime=.NET 10.0.12 (10.0.12, 10.0.1226.42308), X64 RyuJIT x86-64-v3
// GC=Concurrent Workstation
// HardwareIntrinsics=AVX2+BMI1+BMI2+F16C+FMA+LZCNT+MOVBE,AVX,SSE3+SSSE3+SSE4.1+SSE4.2+POPCNT,X86Base+SSE+SSE2,AES+PCLMUL VectorSize=256
// Job: Job-ZYJCSJ(Toolchain=InProcessEmitToolchain, IterationCount=3, LaunchCount=1, WarmupCount=3)

OverheadJitting  1: 1 op, 182707.00 ns, 182.7070 us/op
WorkloadJitting  1: 1 op, 13039107.00 ns, 13.0391 ms/op

OverheadJitting  2: 16 op, 186496.00 ns, 11.6560 us/op
WorkloadJitting  2: 16 op, 39549503.00 ns, 2.4718 ms/op

WorkloadPilot    1: 16 op, 44430068.00 ns, 2.7769 ms/op
WorkloadPilot    2: 32 op, 78057954.00 ns, 2.4393 ms/op
WorkloadPilot    3: 64 op, 152555572.00 ns, 2.3837 ms/op
WorkloadPilot    4: 128 op, 257324189.00 ns, 2.0103 ms/op
WorkloadPilot    5: 256 op, 507272105.00 ns, 1.9815 ms/op

OverheadWarmup   1: 256 op, 5350.00 ns, 20.8984 ns/op
OverheadWarmup   2: 256 op, 1263.00 ns, 4.9336 ns/op
OverheadWarmup   3: 256 op, 791.00 ns, 3.0898 ns/op
OverheadWarmup   4: 256 op, 760.00 ns, 2.9688 ns/op
OverheadWarmup   5: 256 op, 780.00 ns, 3.0469 ns/op
OverheadWarmup   6: 256 op, 1130.00 ns, 4.4141 ns/op
OverheadWarmup   7: 256 op, 945.00 ns, 3.6914 ns/op
OverheadWarmup   8: 256 op, 821.00 ns, 3.2070 ns/op
OverheadWarmup   9: 256 op, 760.00 ns, 2.9688 ns/op
OverheadWarmup  10: 256 op, 759.00 ns, 2.9648 ns/op

OverheadActual   1: 256 op, 1120.00 ns, 4.3750 ns/op
OverheadActual   2: 256 op, 1314.00 ns, 5.1328 ns/op
OverheadActual   3: 256 op, 832.00 ns, 3.2500 ns/op
OverheadActual   4: 256 op, 1088.00 ns, 4.2500 ns/op
OverheadActual   5: 256 op, 821.00 ns, 3.2070 ns/op
OverheadActual   6: 256 op, 821.00 ns, 3.2070 ns/op
OverheadActual   7: 256 op, 934.00 ns, 3.6484 ns/op
OverheadActual   8: 256 op, 934.00 ns, 3.6484 ns/op
OverheadActual   9: 256 op, 790.00 ns, 3.0859 ns/op
OverheadActual  10: 256 op, 832.00 ns, 3.2500 ns/op
OverheadActual  11: 256 op, 708.00 ns, 2.7656 ns/op
OverheadActual  12: 256 op, 791.00 ns, 3.0898 ns/op
OverheadActual  13: 256 op, 718.00 ns, 2.8047 ns/op
OverheadActual  14: 256 op, 729.00 ns, 2.8477 ns/op
OverheadActual  15: 256 op, 770.00 ns, 3.0078 ns/op
OverheadActual  16: 256 op, 791.00 ns, 3.0898 ns/op
OverheadActual  17: 256 op, 709.00 ns, 2.7695 ns/op
OverheadActual  18: 256 op, 770.00 ns, 3.0078 ns/op
OverheadActual  19: 256 op, 709.00 ns, 2.7695 ns/op
OverheadActual  20: 256 op, 749.00 ns, 2.9258 ns/op

WorkloadWarmup   1: 256 op, 521066663.00 ns, 2.0354 ms/op
WorkloadWarmup   2: 256 op, 520507770.00 ns, 2.0332 ms/op
WorkloadWarmup   3: 256 op, 540047644.00 ns, 2.1096 ms/op

WorkloadActual   1: 256 op, 522239484.00 ns, 2.0400 ms/op
WorkloadActual   2: 256 op, 519468392.00 ns, 2.0292 ms/op
WorkloadActual   3: 256 op, 519156084.00 ns, 2.0280 ms/op

WorkloadResult   1: 256 op, 522238693.00 ns, 2.0400 ms/op
WorkloadResult   2: 256 op, 519467601.00 ns, 2.0292 ms/op
WorkloadResult   3: 256 op, 519155293.00 ns, 2.0280 ms/op
// GC:  19 0 0 159302128 256
// Threading:  0 0 256


Mean = 2.032 ms, StdErr = 0.004 ms (0.19%), N = 3, StdDev = 0.007 ms
Min = 2.028 ms, Q1 = 2.029 ms, Median = 2.029 ms, Q3 = 2.035 ms, Max = 2.040 ms
IQR = 0.006 ms, LowerFence = 2.020 ms, UpperFence = 2.044 ms
ConfidenceInterval = [1.911 ms; 2.153 ms] (CI 99.9%), Margin = 0.121 ms (5.95% of Mean)
Skewness = 0.37, Kurtosis = 0.67, MValue = 2

// ** Remained 0 (0.0 %) benchmark(s) to run. Estimated finish 2026-10-08 2:08 (0h 0m from now) **
// ***** BenchmarkRunner: Finish  *****

// * Export *
  BenchmarkDotNet.Artifacts/results/NextORM.Benchmark.SqliteBenchmarkWhere-report.csv
  BenchmarkDotNet.Artifacts/results/NextORM.Benchmark.SqliteBenchmarkWhere-report-github.md
  BenchmarkDotNet.Artifacts/results/NextORM.Benchmark.SqliteBenchmarkWhere-report.html

// * Detailed results *
SqliteBenchmarkWhere.Nextorm_Cached_ToListAsync: ShortRun(Toolchain=InProcessEmitToolchain, IterationCount=3, LaunchCount=1, WarmupCount=3)
Runtime = ; GC = 
Mean = 2.032 ms, StdErr = 0.004 ms (0.19%), N = 3, StdDev = 0.007 ms
Min = 2.028 ms, Q1 = 2.029 ms, Median = 2.029 ms, Q3 = 2.035 ms, Max = 2.040 ms
IQR = 0.006 ms, LowerFence = 2.020 ms, UpperFence = 2.044 ms
ConfidenceInterval = [1.911 ms; 2.153 ms] (CI 99.9%), Margin = 0.121 ms (5.95% of Mean)
Skewness = 0.37, Kurtosis = 0.67, MValue = 2
-------------------- Histogram --------------------
[2.028 ms ; 2.040 ms) | @@@
---------------------------------------------------

// * Summary *

BenchmarkDotNet v0.15.8, Linux Ubuntu 22.04.5 LTS (Jammy Jellyfish)
AMD Ryzen 7 5800HS with Radeon Graphics 3.19GHz, 1 CPU, 8 logical and 4 physical cores
.NET SDK 10.0.401
  [Host] : .NET 10.0.12 (10.0.12, 10.0.1226.42308), X64 RyuJIT x86-64-v3

Job=ShortRun  Toolchain=InProcessEmitToolchain  IterationCount=3  
LaunchCount=1  WarmupCount=3  Categories=acceptance  
Error=0.1210 ms  StdDev=0.0066 ms  

| Method                     | Mean     | Gen0    | Allocated |
|--------------------------- |---------:|--------:|----------:|
| Nextorm_Cached_ToListAsync | 2.032 ms | 74.2188 | 607.69 KB |

// * Hints *
HideColumnsAnalyser
  Summary -> Hidden columns: Error, StdDev

// * Legends *
  Mean      : Arithmetic mean of all measurements
  Gen0      : GC Generation 0 collects per 1000 operations
  Allocated : Allocated memory per single operation (managed only, inclusive, 1KB = 1024B)
  1 ms      : 1 Millisecond (0.001 sec)

// * Diagnostic Output - MemoryDiagnoser *


// ***** BenchmarkRunner: End *****
Run time: 00:00:04 (4.93 sec), executed benchmarks: 1

Global total time: 00:00:45 (45.08 sec), executed benchmarks: 7
// * Artifacts cleanup *
Artifacts cleanup is finished
