// Validating benchmarks:
// ***** BenchmarkRunner: Start   *****
// ***** Found 7 benchmark(s) in total *****
// ***** Building 1 exe(s) in Parallel: Start   *****
// ***** Done, took 00:00:00 (0.05 sec)   *****
// Found 1 benchmarks:
//   InMemoryBenchmarkAggregates.Nextorm_Count: ShortRun(Toolchain=InProcessEmitToolchain, IterationCount=3, LaunchCount=1, WarmupCount=3)

// **************************
// Benchmark: InMemoryBenchmarkAggregates.Nextorm_Count: ShortRun(Toolchain=InProcessEmitToolchain, IterationCount=3, LaunchCount=1, WarmupCount=3)
// *** Execute ***
// Launch: 1 / 1
// ! Failed to set up priority High for process System.Diagnostics.Process (nextorm.benchmark). Make sure you have the right permissions. Message: Permission denied

// Benchmark Process Environment Information:
// BenchmarkDotNet v0.15.8
// Runtime=.NET 10.0.12 (10.0.12, 10.0.1226.42308), X64 RyuJIT x86-64-v3
// GC=Concurrent Workstation
// HardwareIntrinsics=AVX2+BMI1+BMI2+F16C+FMA+LZCNT+MOVBE,AVX,SSE3+SSSE3+SSE4.1+SSE4.2+POPCNT,X86Base+SSE+SSE2,AES+PCLMUL VectorSize=256
// Job: Job-ZYJCSJ(Toolchain=InProcessEmitToolchain, IterationCount=3, LaunchCount=1, WarmupCount=3)

OverheadJitting  1: 1 op, 163254.00 ns, 163.2540 us/op
WorkloadJitting  1: 1 op, 91480932.00 ns, 91.4809 ms/op

WorkloadPilot    1: 2 op, 17535603.00 ns, 8.7678 ms/op
WorkloadPilot    2: 3 op, 22469520.00 ns, 7.4898 ms/op
WorkloadPilot    3: 4 op, 32589516.00 ns, 8.1474 ms/op
WorkloadPilot    4: 5 op, 39680062.00 ns, 7.9360 ms/op
WorkloadPilot    5: 6 op, 48688076.00 ns, 8.1147 ms/op
WorkloadPilot    6: 7 op, 67709865.00 ns, 9.6728 ms/op
WorkloadPilot    7: 8 op, 88965666.00 ns, 11.1207 ms/op
WorkloadPilot    8: 9 op, 86117463.00 ns, 9.5686 ms/op
WorkloadPilot    9: 10 op, 86418047.00 ns, 8.6418 ms/op
WorkloadPilot   10: 11 op, 92250584.00 ns, 8.3864 ms/op
WorkloadPilot   11: 12 op, 100920725.00 ns, 8.4101 ms/op
WorkloadPilot   12: 13 op, 122934639.00 ns, 9.4565 ms/op
WorkloadPilot   13: 14 op, 115766452.00 ns, 8.2690 ms/op
WorkloadPilot   14: 15 op, 109652555.00 ns, 7.3102 ms/op
WorkloadPilot   15: 16 op, 104033671.00 ns, 6.5021 ms/op
WorkloadPilot   16: 32 op, 124932115.00 ns, 3.9041 ms/op
WorkloadPilot   17: 64 op, 169172865.00 ns, 2.6433 ms/op
WorkloadPilot   18: 128 op, 298461869.00 ns, 2.3317 ms/op
WorkloadPilot   19: 256 op, 633768478.00 ns, 2.4757 ms/op

WorkloadWarmup   1: 256 op, 548529823.00 ns, 2.1427 ms/op
WorkloadWarmup   2: 256 op, 544972982.00 ns, 2.1288 ms/op
WorkloadWarmup   3: 256 op, 545542445.00 ns, 2.1310 ms/op

WorkloadActual   1: 256 op, 554827071.00 ns, 2.1673 ms/op
WorkloadActual   2: 256 op, 560275712.00 ns, 2.1886 ms/op
WorkloadActual   3: 256 op, 563510851.00 ns, 2.2012 ms/op

WorkloadResult   1: 256 op, 554827071.00 ns, 2.1673 ms/op
WorkloadResult   2: 256 op, 560275712.00 ns, 2.1886 ms/op
WorkloadResult   3: 256 op, 563510851.00 ns, 2.2012 ms/op
// GC:  11 0 0 98304000 256
// Threading:  0 0 256


Mean = 2.186 ms, StdErr = 0.010 ms (0.45%), N = 3, StdDev = 0.017 ms
Min = 2.167 ms, Q1 = 2.178 ms, Median = 2.189 ms, Q3 = 2.195 ms, Max = 2.201 ms
IQR = 0.017 ms, LowerFence = 2.152 ms, UpperFence = 2.220 ms
ConfidenceInterval = [1.873 ms; 2.498 ms] (CI 99.9%), Margin = 0.313 ms (14.31% of Mean)
Skewness = -0.16, Kurtosis = 0.67, MValue = 2

// ** Remained 6 (85.7 %) benchmark(s) to run. Estimated finish 2026-10-09 11:57 (0h 0m from now) **
// ***** BenchmarkRunner: Finish  *****

// * Export *
  BenchmarkDotNet.Artifacts/results/NextORM.Benchmark.InMemoryBenchmarkAggregates-report.csv
  BenchmarkDotNet.Artifacts/results/NextORM.Benchmark.InMemoryBenchmarkAggregates-report-github.md
  BenchmarkDotNet.Artifacts/results/NextORM.Benchmark.InMemoryBenchmarkAggregates-report.html

// * Detailed results *
InMemoryBenchmarkAggregates.Nextorm_Count: ShortRun(Toolchain=InProcessEmitToolchain, IterationCount=3, LaunchCount=1, WarmupCount=3)
Runtime = ; GC = 
Mean = 2.186 ms, StdErr = 0.010 ms (0.45%), N = 3, StdDev = 0.017 ms
Min = 2.167 ms, Q1 = 2.178 ms, Median = 2.189 ms, Q3 = 2.195 ms, Max = 2.201 ms
IQR = 0.017 ms, LowerFence = 2.152 ms, UpperFence = 2.220 ms
ConfidenceInterval = [1.873 ms; 2.498 ms] (CI 99.9%), Margin = 0.313 ms (14.31% of Mean)
Skewness = -0.16, Kurtosis = 0.67, MValue = 2
-------------------- Histogram --------------------
[2.152 ms ; 2.217 ms) | @@@
---------------------------------------------------

// * Summary *

BenchmarkDotNet v0.15.8, Linux Ubuntu 22.04.5 LTS (Jammy Jellyfish)
AMD Ryzen 7 5800HS with Radeon Graphics 3.19GHz, 1 CPU, 8 logical and 4 physical cores
.NET SDK 10.0.401
  [Host] : .NET 10.0.12 (10.0.12, 10.0.1226.42308), X64 RyuJIT x86-64-v3

Job=ShortRun  Toolchain=InProcessEmitToolchain  IterationCount=3  
LaunchCount=1  WarmupCount=3  Categories=acceptance,InMemoryNew  

| Method        | Mean     | Error     | StdDev    | Ratio | Gen0    | Allocated | Alloc Ratio |
|-------------- |---------:|----------:|----------:|------:|--------:|----------:|------------:|
| Nextorm_Count | 2.186 ms | 0.3128 ms | 0.0171 ms |  1.00 | 42.9688 |    375 KB |        1.00 |

// * Legends *
  Mean        : Arithmetic mean of all measurements
  Error       : Half of 99.9% confidence interval
  StdDev      : Standard deviation of all measurements
  Ratio       : Mean of the ratio distribution ([Current]/[Baseline])
  Gen0        : GC Generation 0 collects per 1000 operations
  Allocated   : Allocated memory per single operation (managed only, inclusive, 1KB = 1024B)
  Alloc Ratio : Allocated memory ratio distribution ([Current]/[Baseline])
  1 ms        : 1 Millisecond (0.001 sec)

// * Diagnostic Output - MemoryDiagnoser *


// ***** BenchmarkRunner: End *****
Run time: 00:00:06 (6.54 sec), executed benchmarks: 1

// Found 1 benchmarks:
//   InMemoryBenchmarkGroupBy.Nextorm_GroupByCount: ShortRun(Toolchain=InProcessEmitToolchain, IterationCount=3, LaunchCount=1, WarmupCount=3)

// **************************
// Benchmark: InMemoryBenchmarkGroupBy.Nextorm_GroupByCount: ShortRun(Toolchain=InProcessEmitToolchain, IterationCount=3, LaunchCount=1, WarmupCount=3)
// *** Execute ***
// Launch: 1 / 1
// ! Failed to set up priority High for process System.Diagnostics.Process (nextorm.benchmark). Make sure you have the right permissions. Message: Permission denied

// Benchmark Process Environment Information:
// BenchmarkDotNet v0.15.8
// Runtime=.NET 10.0.12 (10.0.12, 10.0.1226.42308), X64 RyuJIT x86-64-v3
// GC=Concurrent Workstation
// HardwareIntrinsics=AVX2+BMI1+BMI2+F16C+FMA+LZCNT+MOVBE,AVX,SSE3+SSSE3+SSE4.1+SSE4.2+POPCNT,X86Base+SSE+SSE2,AES+PCLMUL VectorSize=256
// Job: Job-ZYJCSJ(Toolchain=InProcessEmitToolchain, IterationCount=3, LaunchCount=1, WarmupCount=3)

OverheadJitting  1: 1 op, 236255.00 ns, 236.2550 us/op
WorkloadJitting  1: 1 op, 127613514.00 ns, 127.6135 ms/op

WorkloadPilot    1: 2 op, 172167341.00 ns, 86.0837 ms/op
WorkloadPilot    2: 3 op, 242862530.00 ns, 80.9542 ms/op
WorkloadPilot    3: 4 op, 320615450.00 ns, 80.1539 ms/op
WorkloadPilot    4: 5 op, 398356022.00 ns, 79.6712 ms/op
WorkloadPilot    5: 6 op, 441213514.00 ns, 73.5356 ms/op
WorkloadPilot    6: 7 op, 423184321.00 ns, 60.4549 ms/op
WorkloadPilot    7: 8 op, 460997864.00 ns, 57.6247 ms/op
WorkloadPilot    8: 9 op, 524732641.00 ns, 58.3036 ms/op

WorkloadWarmup   1: 9 op, 527450100.00 ns, 58.6056 ms/op
WorkloadWarmup   2: 9 op, 528723145.00 ns, 58.7470 ms/op
WorkloadWarmup   3: 9 op, 539448099.00 ns, 59.9387 ms/op

WorkloadActual   1: 9 op, 518403275.00 ns, 57.6004 ms/op
WorkloadActual   2: 9 op, 513042624.00 ns, 57.0047 ms/op
WorkloadActual   3: 9 op, 513354707.00 ns, 57.0394 ms/op

WorkloadResult   1: 9 op, 518403275.00 ns, 57.6004 ms/op
WorkloadResult   2: 9 op, 513042624.00 ns, 57.0047 ms/op
WorkloadResult   3: 9 op, 513354707.00 ns, 57.0394 ms/op
// GC:  56 18 0 472852920 9
// Threading:  0 0 9


Mean = 57.215 ms, StdErr = 0.193 ms (0.34%), N = 3, StdDev = 0.334 ms
Min = 57.005 ms, Q1 = 57.022 ms, Median = 57.039 ms, Q3 = 57.320 ms, Max = 57.600 ms
IQR = 0.298 ms, LowerFence = 56.575 ms, UpperFence = 57.767 ms
ConfidenceInterval = [51.115 ms; 63.314 ms] (CI 99.9%), Margin = 6.099 ms (10.66% of Mean)
Skewness = 0.38, Kurtosis = 0.67, MValue = 2

// ** Remained 5 (71.4 %) benchmark(s) to run. Estimated finish 2026-10-09 11:57 (0h 0m from now) **
// ***** BenchmarkRunner: Finish  *****

// * Export *
  BenchmarkDotNet.Artifacts/results/NextORM.Benchmark.InMemoryBenchmarkGroupBy-report.csv
  BenchmarkDotNet.Artifacts/results/NextORM.Benchmark.InMemoryBenchmarkGroupBy-report-github.md
  BenchmarkDotNet.Artifacts/results/NextORM.Benchmark.InMemoryBenchmarkGroupBy-report.html

// * Detailed results *
InMemoryBenchmarkGroupBy.Nextorm_GroupByCount: ShortRun(Toolchain=InProcessEmitToolchain, IterationCount=3, LaunchCount=1, WarmupCount=3)
Runtime = ; GC = 
Mean = 57.215 ms, StdErr = 0.193 ms (0.34%), N = 3, StdDev = 0.334 ms
Min = 57.005 ms, Q1 = 57.022 ms, Median = 57.039 ms, Q3 = 57.320 ms, Max = 57.600 ms
IQR = 0.298 ms, LowerFence = 56.575 ms, UpperFence = 57.767 ms
ConfidenceInterval = [51.115 ms; 63.314 ms] (CI 99.9%), Margin = 6.099 ms (10.66% of Mean)
Skewness = 0.38, Kurtosis = 0.67, MValue = 2
-------------------- Histogram --------------------
[56.998 ms ; 57.607 ms) | @@@
---------------------------------------------------

// * Summary *

BenchmarkDotNet v0.15.8, Linux Ubuntu 22.04.5 LTS (Jammy Jellyfish)
AMD Ryzen 7 5800HS with Radeon Graphics 3.19GHz, 1 CPU, 8 logical and 4 physical cores
.NET SDK 10.0.401
  [Host] : .NET 10.0.12 (10.0.12, 10.0.1226.42308), X64 RyuJIT x86-64-v3

Job=ShortRun  Toolchain=InProcessEmitToolchain  IterationCount=3  
LaunchCount=1  WarmupCount=3  Categories=acceptance,InMemoryNew  

| Method               | Mean     | Error    | StdDev   | Ratio | Gen0      | Gen1      | Allocated | Alloc Ratio |
|--------------------- |---------:|---------:|---------:|------:|----------:|----------:|----------:|------------:|
| Nextorm_GroupByCount | 57.21 ms | 6.099 ms | 0.334 ms |  1.00 | 6222.2222 | 2000.0000 |  50.11 MB |        1.00 |

// * Legends *
  Mean        : Arithmetic mean of all measurements
  Error       : Half of 99.9% confidence interval
  StdDev      : Standard deviation of all measurements
  Ratio       : Mean of the ratio distribution ([Current]/[Baseline])
  Gen0        : GC Generation 0 collects per 1000 operations
  Gen1        : GC Generation 1 collects per 1000 operations
  Allocated   : Allocated memory per single operation (managed only, inclusive, 1KB = 1024B)
  Alloc Ratio : Allocated memory ratio distribution ([Current]/[Baseline])
  1 ms        : 1 Millisecond (0.001 sec)

// * Diagnostic Output - MemoryDiagnoser *


// ***** BenchmarkRunner: End *****
Run time: 00:00:06 (6.85 sec), executed benchmarks: 1

// Found 1 benchmarks:
//   SqliteBenchmarkAny.Nextorm_Cached: ShortRun(Toolchain=InProcessEmitToolchain, IterationCount=3, LaunchCount=1, WarmupCount=3)

// **************************
// Benchmark: SqliteBenchmarkAny.Nextorm_Cached: ShortRun(Toolchain=InProcessEmitToolchain, IterationCount=3, LaunchCount=1, WarmupCount=3)
// *** Execute ***
// Launch: 1 / 1
// ! Failed to set up priority High for process System.Diagnostics.Process (nextorm.benchmark). Make sure you have the right permissions. Message: Permission denied

// Benchmark Process Environment Information:
// BenchmarkDotNet v0.15.8
// Runtime=.NET 10.0.12 (10.0.12, 10.0.1226.42308), X64 RyuJIT x86-64-v3
// GC=Concurrent Workstation
// HardwareIntrinsics=AVX2+BMI1+BMI2+F16C+FMA+LZCNT+MOVBE,AVX,SSE3+SSSE3+SSE4.1+SSE4.2+POPCNT,X86Base+SSE+SSE2,AES+PCLMUL VectorSize=256
// Job: Job-ZYJCSJ(Toolchain=InProcessEmitToolchain, IterationCount=3, LaunchCount=1, WarmupCount=3)

OverheadJitting  1: 1 op, 295815.00 ns, 295.8150 us/op
WorkloadJitting  1: 1 op, 30252656.00 ns, 30.2527 ms/op

OverheadJitting  2: 16 op, 221957.00 ns, 13.8723 us/op
WorkloadJitting  2: 16 op, 92824640.00 ns, 5.8015 ms/op

WorkloadPilot    1: 16 op, 92375305.00 ns, 5.7735 ms/op
WorkloadPilot    2: 32 op, 165133334.00 ns, 5.1604 ms/op
WorkloadPilot    3: 64 op, 303051601.00 ns, 4.7352 ms/op
WorkloadPilot    4: 128 op, 473181667.00 ns, 3.6967 ms/op
WorkloadPilot    5: 256 op, 491528843.00 ns, 1.9200 ms/op
WorkloadPilot    6: 512 op, 980222154.00 ns, 1.9145 ms/op

OverheadWarmup   1: 512 op, 2712.00 ns, 5.2969 ns/op
OverheadWarmup   2: 512 op, 1251.00 ns, 2.4434 ns/op
OverheadWarmup   3: 512 op, 1131.00 ns, 2.2090 ns/op
OverheadWarmup   4: 512 op, 1521.00 ns, 2.9707 ns/op
OverheadWarmup   5: 512 op, 1171.00 ns, 2.2871 ns/op
OverheadWarmup   6: 512 op, 1201.00 ns, 2.3457 ns/op
OverheadWarmup   7: 512 op, 1251.00 ns, 2.4434 ns/op
OverheadWarmup   8: 512 op, 2102.00 ns, 4.1055 ns/op
OverheadWarmup   9: 512 op, 1161.00 ns, 2.2676 ns/op

OverheadActual   1: 512 op, 1181.00 ns, 2.3066 ns/op
OverheadActual   2: 512 op, 1100.00 ns, 2.1484 ns/op
OverheadActual   3: 512 op, 1111.00 ns, 2.1699 ns/op
OverheadActual   4: 512 op, 1280.00 ns, 2.5000 ns/op
OverheadActual   5: 512 op, 1881.00 ns, 3.6738 ns/op
OverheadActual   6: 512 op, 1131.00 ns, 2.2090 ns/op
OverheadActual   7: 512 op, 1121.00 ns, 2.1895 ns/op
OverheadActual   8: 512 op, 1080.00 ns, 2.1094 ns/op
OverheadActual   9: 512 op, 1211.00 ns, 2.3652 ns/op
OverheadActual  10: 512 op, 1171.00 ns, 2.2871 ns/op
OverheadActual  11: 512 op, 1091.00 ns, 2.1309 ns/op
OverheadActual  12: 512 op, 1101.00 ns, 2.1504 ns/op
OverheadActual  13: 512 op, 1080.00 ns, 2.1094 ns/op
OverheadActual  14: 512 op, 1111.00 ns, 2.1699 ns/op
OverheadActual  15: 512 op, 1081.00 ns, 2.1113 ns/op
OverheadActual  16: 512 op, 1081.00 ns, 2.1113 ns/op
OverheadActual  17: 512 op, 1421.00 ns, 2.7754 ns/op
OverheadActual  18: 512 op, 1311.00 ns, 2.5605 ns/op
OverheadActual  19: 512 op, 1261.00 ns, 2.4629 ns/op
OverheadActual  20: 512 op, 1581.00 ns, 3.0879 ns/op

WorkloadWarmup   1: 512 op, 991708521.00 ns, 1.9369 ms/op
WorkloadWarmup   2: 512 op, 995258163.00 ns, 1.9439 ms/op
WorkloadWarmup   3: 512 op, 993447916.00 ns, 1.9403 ms/op

WorkloadActual   1: 512 op, 994531310.00 ns, 1.9424 ms/op
WorkloadActual   2: 512 op, 992500289.00 ns, 1.9385 ms/op
WorkloadActual   3: 512 op, 1002046372.00 ns, 1.9571 ms/op

WorkloadResult   1: 512 op, 994530184.00 ns, 1.9424 ms/op
WorkloadResult   2: 512 op, 992499163.00 ns, 1.9385 ms/op
WorkloadResult   3: 512 op, 1002045246.00 ns, 1.9571 ms/op
// GC:  38 0 0 319921768 512
// Threading:  0 0 512


Mean = 1.946 ms, StdErr = 0.006 ms (0.29%), N = 3, StdDev = 0.010 ms
Min = 1.938 ms, Q1 = 1.940 ms, Median = 1.942 ms, Q3 = 1.950 ms, Max = 1.957 ms
IQR = 0.009 ms, LowerFence = 1.926 ms, UpperFence = 1.964 ms
ConfidenceInterval = [1.767 ms; 2.125 ms] (CI 99.9%), Margin = 0.179 ms (9.21% of Mean)
Skewness = 0.32, Kurtosis = 0.67, MValue = 2

// ** Remained 4 (57.1 %) benchmark(s) to run. Estimated finish 2026-10-09 11:57 (0h 0m from now) **
// ***** BenchmarkRunner: Finish  *****

// * Export *
  BenchmarkDotNet.Artifacts/results/NextORM.Benchmark.SqliteBenchmarkAny-report.csv
  BenchmarkDotNet.Artifacts/results/NextORM.Benchmark.SqliteBenchmarkAny-report-github.md
  BenchmarkDotNet.Artifacts/results/NextORM.Benchmark.SqliteBenchmarkAny-report.html

// * Detailed results *
SqliteBenchmarkAny.Nextorm_Cached: ShortRun(Toolchain=InProcessEmitToolchain, IterationCount=3, LaunchCount=1, WarmupCount=3)
Runtime = ; GC = 
Mean = 1.946 ms, StdErr = 0.006 ms (0.29%), N = 3, StdDev = 0.010 ms
Min = 1.938 ms, Q1 = 1.940 ms, Median = 1.942 ms, Q3 = 1.950 ms, Max = 1.957 ms
IQR = 0.009 ms, LowerFence = 1.926 ms, UpperFence = 1.964 ms
ConfidenceInterval = [1.767 ms; 2.125 ms] (CI 99.9%), Margin = 0.179 ms (9.21% of Mean)
Skewness = 0.32, Kurtosis = 0.67, MValue = 2
-------------------- Histogram --------------------
[1.930 ms ; 1.966 ms) | @@@
---------------------------------------------------

// * Summary *

BenchmarkDotNet v0.15.8, Linux Ubuntu 22.04.5 LTS (Jammy Jellyfish)
AMD Ryzen 7 5800HS with Radeon Graphics 3.19GHz, 1 CPU, 8 logical and 4 physical cores
.NET SDK 10.0.401
  [Host] : .NET 10.0.12 (10.0.12, 10.0.1226.42308), X64 RyuJIT x86-64-v3

Job=ShortRun  Toolchain=InProcessEmitToolchain  IterationCount=3  
LaunchCount=1  WarmupCount=3  Categories=acceptance  

| Method         | Mean     | Error     | StdDev    | Gen0    | Allocated |
|--------------- |---------:|----------:|----------:|--------:|----------:|
| Nextorm_Cached | 1.946 ms | 0.1792 ms | 0.0098 ms | 74.2188 |  610.2 KB |

// * Legends *
  Mean      : Arithmetic mean of all measurements
  Error     : Half of 99.9% confidence interval
  StdDev    : Standard deviation of all measurements
  Gen0      : GC Generation 0 collects per 1000 operations
  Allocated : Allocated memory per single operation (managed only, inclusive, 1KB = 1024B)
  1 ms      : 1 Millisecond (0.001 sec)

// * Diagnostic Output - MemoryDiagnoser *


// ***** BenchmarkRunner: End *****
Run time: 00:00:10 (10.07 sec), executed benchmarks: 1

// Found 3 benchmarks:
//   SqliteBenchmarkCachedPlan.Prepared_ToList: ShortRun(Toolchain=InProcessEmitToolchain, IterationCount=3, LaunchCount=1, WarmupCount=3)
//   SqliteBenchmarkCachedPlan.Cached_ToList: ShortRun(Toolchain=InProcessEmitToolchain, IterationCount=3, LaunchCount=1, WarmupCount=3)
//   SqliteBenchmarkCachedPlan.Cached_PlanOnly_Param: ShortRun(Toolchain=InProcessEmitToolchain, IterationCount=3, LaunchCount=1, WarmupCount=3)

// **************************
// Benchmark: SqliteBenchmarkCachedPlan.Prepared_ToList: ShortRun(Toolchain=InProcessEmitToolchain, IterationCount=3, LaunchCount=1, WarmupCount=3)
// *** Execute ***
// Launch: 1 / 1
// ! Failed to set up priority High for process System.Diagnostics.Process (nextorm.benchmark). Make sure you have the right permissions. Message: Permission denied

// Benchmark Process Environment Information:
// BenchmarkDotNet v0.15.8
// Runtime=.NET 10.0.12 (10.0.12, 10.0.1226.42308), X64 RyuJIT x86-64-v3
// GC=Concurrent Workstation
// HardwareIntrinsics=AVX2+BMI1+BMI2+F16C+FMA+LZCNT+MOVBE,AVX,SSE3+SSSE3+SSE4.1+SSE4.2+POPCNT,X86Base+SSE+SSE2,AES+PCLMUL VectorSize=256
// Job: Job-ZYJCSJ(Toolchain=InProcessEmitToolchain, IterationCount=3, LaunchCount=1, WarmupCount=3)

OverheadJitting  1: 1 op, 268127.00 ns, 268.1270 us/op
WorkloadJitting  1: 1 op, 1567149.00 ns, 1.5671 ms/op

OverheadJitting  2: 16 op, 509011.00 ns, 31.8132 us/op
WorkloadJitting  2: 16 op, 15388073.00 ns, 961.7546 us/op

WorkloadPilot    1: 16 op, 14937657.00 ns, 933.6036 us/op
WorkloadPilot    2: 32 op, 29324852.00 ns, 916.4016 us/op
WorkloadPilot    3: 64 op, 59845826.00 ns, 935.0910 us/op
WorkloadPilot    4: 128 op, 133531540.00 ns, 1.0432 ms/op
WorkloadPilot    5: 256 op, 236982367.00 ns, 925.7124 us/op
WorkloadPilot    6: 512 op, 457219785.00 ns, 893.0074 us/op
WorkloadPilot    7: 1024 op, 908250437.00 ns, 886.9633 us/op

OverheadWarmup   1: 1024 op, 5047.00 ns, 4.9287 ns/op
OverheadWarmup   2: 1024 op, 2434.00 ns, 2.3770 ns/op
OverheadWarmup   3: 1024 op, 1883.00 ns, 1.8389 ns/op
OverheadWarmup   4: 1024 op, 1813.00 ns, 1.7705 ns/op
OverheadWarmup   5: 1024 op, 1773.00 ns, 1.7314 ns/op
OverheadWarmup   6: 1024 op, 1993.00 ns, 1.9463 ns/op
OverheadWarmup   7: 1024 op, 2433.00 ns, 2.3760 ns/op
OverheadWarmup   8: 1024 op, 2193.00 ns, 2.1416 ns/op
OverheadWarmup   9: 1024 op, 1783.00 ns, 1.7412 ns/op
OverheadWarmup  10: 1024 op, 1722.00 ns, 1.6816 ns/op

OverheadActual   1: 1024 op, 1862.00 ns, 1.8184 ns/op
OverheadActual   2: 1024 op, 2383.00 ns, 2.3271 ns/op
OverheadActual   3: 1024 op, 2022.00 ns, 1.9746 ns/op
OverheadActual   4: 1024 op, 1963.00 ns, 1.9170 ns/op
OverheadActual   5: 1024 op, 1833.00 ns, 1.7900 ns/op
OverheadActual   6: 1024 op, 1752.00 ns, 1.7109 ns/op
OverheadActual   7: 1024 op, 1762.00 ns, 1.7207 ns/op
OverheadActual   8: 1024 op, 2023.00 ns, 1.9756 ns/op
OverheadActual   9: 1024 op, 2513.00 ns, 2.4541 ns/op
OverheadActual  10: 1024 op, 1853.00 ns, 1.8096 ns/op
OverheadActual  11: 1024 op, 1862.00 ns, 1.8184 ns/op
OverheadActual  12: 1024 op, 1832.00 ns, 1.7891 ns/op
OverheadActual  13: 1024 op, 1843.00 ns, 1.7998 ns/op
OverheadActual  14: 1024 op, 1842.00 ns, 1.7988 ns/op
OverheadActual  15: 1024 op, 1852.00 ns, 1.8086 ns/op
OverheadActual  16: 1024 op, 1822.00 ns, 1.7793 ns/op

WorkloadWarmup   1: 1024 op, 909712155.00 ns, 888.3908 us/op
WorkloadWarmup   2: 1024 op, 900879341.00 ns, 879.7650 us/op
WorkloadWarmup   3: 1024 op, 901677424.00 ns, 880.5444 us/op

WorkloadActual   1: 1024 op, 911935379.00 ns, 890.5619 us/op
WorkloadActual   2: 1024 op, 905241464.00 ns, 884.0249 us/op
WorkloadActual   3: 1024 op, 901714949.00 ns, 880.5810 us/op

WorkloadResult   1: 1024 op, 911933526.50 ns, 890.5601 us/op
WorkloadResult   2: 1024 op, 905239611.50 ns, 884.0231 us/op
WorkloadResult   3: 1024 op, 901713096.50 ns, 880.5792 us/op
// GC:  9 0 0 79836368 1024
// Threading:  0 0 1024


Mean = 885.054 us, StdErr = 2.927 us (0.33%), N = 3, StdDev = 5.070 us
Min = 880.579 us, Q1 = 882.301 us, Median = 884.023 us, Q3 = 887.292 us, Max = 890.560 us
IQR = 4.990 us, LowerFence = 874.815 us, UpperFence = 894.777 us
ConfidenceInterval = [792.564 us; 977.544 us] (CI 99.9%), Margin = 92.490 us (10.45% of Mean)
Skewness = 0.19, Kurtosis = 0.67, MValue = 2

// ** Remained 3 (42.9 %) benchmark(s) to run. Estimated finish 2026-10-09 11:57 (0h 0m from now) **
// **************************
// Benchmark: SqliteBenchmarkCachedPlan.Cached_ToList: ShortRun(Toolchain=InProcessEmitToolchain, IterationCount=3, LaunchCount=1, WarmupCount=3)
// *** Execute ***
// Launch: 1 / 1
// ! Failed to set up priority High for process System.Diagnostics.Process (nextorm.benchmark). Make sure you have the right permissions. Message: Permission denied

// Benchmark Process Environment Information:
// BenchmarkDotNet v0.15.8
// Runtime=.NET 10.0.12 (10.0.12, 10.0.1226.42308), X64 RyuJIT x86-64-v3
// GC=Concurrent Workstation
// HardwareIntrinsics=AVX2+BMI1+BMI2+F16C+FMA+LZCNT+MOVBE,AVX,SSE3+SSSE3+SSE4.1+SSE4.2+POPCNT,X86Base+SSE+SSE2,AES+PCLMUL VectorSize=256
// Job: Job-ZYJCSJ(Toolchain=InProcessEmitToolchain, IterationCount=3, LaunchCount=1, WarmupCount=3)

OverheadJitting  1: 1 op, 333476.00 ns, 333.4760 us/op
WorkloadJitting  1: 1 op, 2682185.00 ns, 2.6822 ms/op

OverheadJitting  2: 16 op, 324167.00 ns, 20.2604 us/op
WorkloadJitting  2: 16 op, 33007779.00 ns, 2.0630 ms/op

WorkloadPilot    1: 16 op, 37281821.00 ns, 2.3301 ms/op
WorkloadPilot    2: 32 op, 64657333.00 ns, 2.0205 ms/op
WorkloadPilot    3: 64 op, 125260724.00 ns, 1.9572 ms/op
WorkloadPilot    4: 128 op, 228641866.00 ns, 1.7863 ms/op
WorkloadPilot    5: 256 op, 452328536.00 ns, 1.7669 ms/op
WorkloadPilot    6: 512 op, 915306134.00 ns, 1.7877 ms/op

OverheadWarmup   1: 512 op, 4057.00 ns, 7.9238 ns/op
OverheadWarmup   2: 512 op, 1403.00 ns, 2.7402 ns/op
OverheadWarmup   3: 512 op, 1422.00 ns, 2.7773 ns/op
OverheadWarmup   4: 512 op, 992.00 ns, 1.9375 ns/op
OverheadWarmup   5: 512 op, 1152.00 ns, 2.2500 ns/op
OverheadWarmup   6: 512 op, 1012.00 ns, 1.9766 ns/op

OverheadActual   1: 512 op, 1011.00 ns, 1.9746 ns/op
OverheadActual   2: 512 op, 1452.00 ns, 2.8359 ns/op
OverheadActual   3: 512 op, 1562.00 ns, 3.0508 ns/op
OverheadActual   4: 512 op, 1322.00 ns, 2.5820 ns/op
OverheadActual   5: 512 op, 1162.00 ns, 2.2695 ns/op
OverheadActual   6: 512 op, 1212.00 ns, 2.3672 ns/op
OverheadActual   7: 512 op, 1052.00 ns, 2.0547 ns/op
OverheadActual   8: 512 op, 1012.00 ns, 1.9766 ns/op
OverheadActual   9: 512 op, 1302.00 ns, 2.5430 ns/op
OverheadActual  10: 512 op, 1172.00 ns, 2.2891 ns/op
OverheadActual  11: 512 op, 1082.00 ns, 2.1133 ns/op
OverheadActual  12: 512 op, 1012.00 ns, 1.9766 ns/op
OverheadActual  13: 512 op, 1032.00 ns, 2.0156 ns/op
OverheadActual  14: 512 op, 1312.00 ns, 2.5625 ns/op
OverheadActual  15: 512 op, 2084.00 ns, 4.0703 ns/op
OverheadActual  16: 512 op, 1452.00 ns, 2.8359 ns/op
OverheadActual  17: 512 op, 1162.00 ns, 2.2695 ns/op
OverheadActual  18: 512 op, 1182.00 ns, 2.3086 ns/op
OverheadActual  19: 512 op, 1161.00 ns, 2.2676 ns/op
OverheadActual  20: 512 op, 1222.00 ns, 2.3867 ns/op

WorkloadWarmup   1: 512 op, 950004337.00 ns, 1.8555 ms/op
WorkloadWarmup   2: 512 op, 920640917.00 ns, 1.7981 ms/op
WorkloadWarmup   3: 512 op, 919736974.00 ns, 1.7964 ms/op

WorkloadActual   1: 512 op, 925450104.00 ns, 1.8075 ms/op
WorkloadActual   2: 512 op, 920545261.00 ns, 1.7979 ms/op
WorkloadActual   3: 512 op, 925837581.00 ns, 1.8083 ms/op

WorkloadResult   1: 512 op, 925448927.00 ns, 1.8075 ms/op
WorkloadResult   2: 512 op, 920544084.00 ns, 1.7979 ms/op
WorkloadResult   3: 512 op, 925836404.00 ns, 1.8083 ms/op
// GC:  36 0 0 306167064 512
// Threading:  0 0 512


Mean = 1.805 ms, StdErr = 0.003 ms (0.18%), N = 3, StdDev = 0.006 ms
Min = 1.798 ms, Q1 = 1.803 ms, Median = 1.808 ms, Q3 = 1.808 ms, Max = 1.808 ms
IQR = 0.005 ms, LowerFence = 1.795 ms, UpperFence = 1.816 ms
ConfidenceInterval = [1.699 ms; 1.910 ms] (CI 99.9%), Margin = 0.105 ms (5.82% of Mean)
Skewness = -0.38, Kurtosis = 0.67, MValue = 2

// ** Remained 2 (28.6 %) benchmark(s) to run. Estimated finish 2026-10-09 11:57 (0h 0m from now) **
// **************************
// Benchmark: SqliteBenchmarkCachedPlan.Cached_PlanOnly_Param: ShortRun(Toolchain=InProcessEmitToolchain, IterationCount=3, LaunchCount=1, WarmupCount=3)
// *** Execute ***
// Launch: 1 / 1
// ! Failed to set up priority High for process System.Diagnostics.Process (nextorm.benchmark). Make sure you have the right permissions. Message: Permission denied

// Benchmark Process Environment Information:
// BenchmarkDotNet v0.15.8
// Runtime=.NET 10.0.12 (10.0.12, 10.0.1226.42308), X64 RyuJIT x86-64-v3
// GC=Concurrent Workstation
// HardwareIntrinsics=AVX2+BMI1+BMI2+F16C+FMA+LZCNT+MOVBE,AVX,SSE3+SSSE3+SSE4.1+SSE4.2+POPCNT,X86Base+SSE+SSE2,AES+PCLMUL VectorSize=256
// Job: Job-ZYJCSJ(Toolchain=InProcessEmitToolchain, IterationCount=3, LaunchCount=1, WarmupCount=3)

OverheadJitting  1: 1 op, 375270.00 ns, 375.2700 us/op
WorkloadJitting  1: 1 op, 1123208.00 ns, 1.1232 ms/op

OverheadJitting  2: 16 op, 523120.00 ns, 32.6950 us/op
WorkloadJitting  2: 16 op, 10128371.00 ns, 633.0232 us/op

WorkloadPilot    1: 16 op, 12017009.00 ns, 751.0631 us/op
WorkloadPilot    2: 32 op, 19105589.00 ns, 597.0497 us/op
WorkloadPilot    3: 64 op, 44813017.00 ns, 700.2034 us/op
WorkloadPilot    4: 128 op, 75744581.00 ns, 591.7545 us/op
WorkloadPilot    5: 256 op, 145852136.00 ns, 569.7349 us/op
WorkloadPilot    6: 512 op, 284180172.00 ns, 555.0394 us/op
WorkloadPilot    7: 1024 op, 555932040.00 ns, 542.9024 us/op

OverheadWarmup   1: 1024 op, 6412.00 ns, 6.2617 ns/op
OverheadWarmup   2: 1024 op, 3787.00 ns, 3.6982 ns/op
OverheadWarmup   3: 1024 op, 3597.00 ns, 3.5127 ns/op
OverheadWarmup   4: 1024 op, 3196.00 ns, 3.1211 ns/op
OverheadWarmup   5: 1024 op, 3256.00 ns, 3.1797 ns/op
OverheadWarmup   6: 1024 op, 3737.00 ns, 3.6494 ns/op
OverheadWarmup   7: 1024 op, 3707.00 ns, 3.6201 ns/op
OverheadWarmup   8: 1024 op, 3356.00 ns, 3.2773 ns/op
OverheadWarmup   9: 1024 op, 3387.00 ns, 3.3076 ns/op
OverheadWarmup  10: 1024 op, 3597.00 ns, 3.5127 ns/op

OverheadActual   1: 1024 op, 4138.00 ns, 4.0410 ns/op
OverheadActual   2: 1024 op, 3557.00 ns, 3.4736 ns/op
OverheadActual   3: 1024 op, 4148.00 ns, 4.0508 ns/op
OverheadActual   4: 1024 op, 4308.00 ns, 4.2070 ns/op
OverheadActual   5: 1024 op, 6372.00 ns, 6.2227 ns/op
OverheadActual   6: 1024 op, 3486.00 ns, 3.4043 ns/op
OverheadActual   7: 1024 op, 3256.00 ns, 3.1797 ns/op
OverheadActual   8: 1024 op, 3267.00 ns, 3.1904 ns/op
OverheadActual   9: 1024 op, 5109.00 ns, 4.9893 ns/op
OverheadActual  10: 1024 op, 3827.00 ns, 3.7373 ns/op
OverheadActual  11: 1024 op, 3496.00 ns, 3.4141 ns/op
OverheadActual  12: 1024 op, 3206.00 ns, 3.1309 ns/op
OverheadActual  13: 1024 op, 3346.00 ns, 3.2676 ns/op
OverheadActual  14: 1024 op, 3496.00 ns, 3.4141 ns/op
OverheadActual  15: 1024 op, 4198.00 ns, 4.0996 ns/op
OverheadActual  16: 1024 op, 4328.00 ns, 4.2266 ns/op
OverheadActual  17: 1024 op, 3847.00 ns, 3.7568 ns/op
OverheadActual  18: 1024 op, 3778.00 ns, 3.6895 ns/op
OverheadActual  19: 1024 op, 5029.00 ns, 4.9111 ns/op
OverheadActual  20: 1024 op, 3356.00 ns, 3.2773 ns/op

WorkloadWarmup   1: 1024 op, 582428159.00 ns, 568.7775 us/op
WorkloadWarmup   2: 1024 op, 551419600.00 ns, 538.4957 us/op
WorkloadWarmup   3: 1024 op, 556687756.00 ns, 543.6404 us/op

WorkloadActual   1: 1024 op, 567279804.00 ns, 553.9842 us/op
WorkloadActual   2: 1024 op, 554027791.00 ns, 541.0428 us/op
WorkloadActual   3: 1024 op, 553852722.00 ns, 540.8718 us/op

WorkloadResult   1: 1024 op, 567276001.50 ns, 553.9805 us/op
WorkloadResult   2: 1024 op, 554023988.50 ns, 541.0391 us/op
WorkloadResult   3: 1024 op, 553848919.50 ns, 540.8681 us/op
// GC:  63 0 0 532496080 1024
// Threading:  0 0 1024


Mean = 545.296 us, StdErr = 4.343 us (0.80%), N = 3, StdDev = 7.522 us
Min = 540.868 us, Q1 = 540.954 us, Median = 541.039 us, Q3 = 547.510 us, Max = 553.980 us
IQR = 6.556 us, LowerFence = 531.119 us, UpperFence = 557.344 us
ConfidenceInterval = [408.074 us; 682.517 us] (CI 99.9%), Margin = 137.221 us (25.16% of Mean)
Skewness = 0.38, Kurtosis = 0.67, MValue = 2

// ** Remained 1 (14.3 %) benchmark(s) to run. Estimated finish 2026-10-09 11:57 (0h 0m from now) **
// ***** BenchmarkRunner: Finish  *****

// * Export *
  BenchmarkDotNet.Artifacts/results/NextORM.Benchmark.SqliteBenchmarkCachedPlan-report.csv
  BenchmarkDotNet.Artifacts/results/NextORM.Benchmark.SqliteBenchmarkCachedPlan-report-github.md
  BenchmarkDotNet.Artifacts/results/NextORM.Benchmark.SqliteBenchmarkCachedPlan-report.html

// * Detailed results *
SqliteBenchmarkCachedPlan.Cached_PlanOnly_Param: ShortRun(Toolchain=InProcessEmitToolchain, IterationCount=3, LaunchCount=1, WarmupCount=3)
Runtime = ; GC = 
Mean = 545.296 us, StdErr = 4.343 us (0.80%), N = 3, StdDev = 7.522 us
Min = 540.868 us, Q1 = 540.954 us, Median = 541.039 us, Q3 = 547.510 us, Max = 553.980 us
IQR = 6.556 us, LowerFence = 531.119 us, UpperFence = 557.344 us
ConfidenceInterval = [408.074 us; 682.517 us] (CI 99.9%), Margin = 137.221 us (25.16% of Mean)
Skewness = 0.38, Kurtosis = 0.67, MValue = 2
-------------------- Histogram --------------------
[540.579 us ; 554.269 us) | @@@
---------------------------------------------------

SqliteBenchmarkCachedPlan.Prepared_ToList: ShortRun(Toolchain=InProcessEmitToolchain, IterationCount=3, LaunchCount=1, WarmupCount=3)
Runtime = ; GC = 
Mean = 885.054 us, StdErr = 2.927 us (0.33%), N = 3, StdDev = 5.070 us
Min = 880.579 us, Q1 = 882.301 us, Median = 884.023 us, Q3 = 887.292 us, Max = 890.560 us
IQR = 4.990 us, LowerFence = 874.815 us, UpperFence = 894.777 us
ConfidenceInterval = [792.564 us; 977.544 us] (CI 99.9%), Margin = 92.490 us (10.45% of Mean)
Skewness = 0.19, Kurtosis = 0.67, MValue = 2
-------------------- Histogram --------------------
[875.966 us ; 891.124 us) | @@@
---------------------------------------------------

SqliteBenchmarkCachedPlan.Cached_ToList: ShortRun(Toolchain=InProcessEmitToolchain, IterationCount=3, LaunchCount=1, WarmupCount=3)
Runtime = ; GC = 
Mean = 1.805 ms, StdErr = 0.003 ms (0.18%), N = 3, StdDev = 0.006 ms
Min = 1.798 ms, Q1 = 1.803 ms, Median = 1.808 ms, Q3 = 1.808 ms, Max = 1.808 ms
IQR = 0.005 ms, LowerFence = 1.795 ms, UpperFence = 1.816 ms
ConfidenceInterval = [1.699 ms; 1.910 ms] (CI 99.9%), Margin = 0.105 ms (5.82% of Mean)
Skewness = -0.38, Kurtosis = 0.67, MValue = 2
-------------------- Histogram --------------------
[1.798 ms ; 1.808 ms) | @@@
---------------------------------------------------

// * Summary *

BenchmarkDotNet v0.15.8, Linux Ubuntu 22.04.5 LTS (Jammy Jellyfish)
AMD Ryzen 7 5800HS with Radeon Graphics 3.19GHz, 1 CPU, 8 logical and 4 physical cores
.NET SDK 10.0.401
  [Host] : .NET 10.0.12 (10.0.12, 10.0.1226.42308), X64 RyuJIT x86-64-v3

Job=ShortRun  Runtime=.NET 10.0  Toolchain=InProcessEmitToolchain  
IterationCount=3  LaunchCount=1  WarmupCount=3  
Categories=acceptance  

| Method                | Mean       | Error     | StdDev  | Ratio | Gen0    | Allocated | Alloc Ratio |
|---------------------- |-----------:|----------:|--------:|------:|--------:|----------:|------------:|
| Cached_PlanOnly_Param |   545.3 us | 137.22 us | 7.52 us |  0.62 | 61.5234 | 507.83 KB |        6.67 |
| Prepared_ToList       |   885.1 us |  92.49 us | 5.07 us |  1.00 |  8.7891 |  76.14 KB |        1.00 |
| Cached_ToList         | 1,804.6 us | 105.12 us | 5.76 us |  2.04 | 70.3125 | 583.97 KB |        7.67 |

// * Legends *
  Mean        : Arithmetic mean of all measurements
  Error       : Half of 99.9% confidence interval
  StdDev      : Standard deviation of all measurements
  Ratio       : Mean of the ratio distribution ([Current]/[Baseline])
  Gen0        : GC Generation 0 collects per 1000 operations
  Allocated   : Allocated memory per single operation (managed only, inclusive, 1KB = 1024B)
  Alloc Ratio : Allocated memory ratio distribution ([Current]/[Baseline])
  1 us        : 1 Microsecond (0.000001 sec)

// * Diagnostic Output - MemoryDiagnoser *


// ***** BenchmarkRunner: End *****
Run time: 00:00:22 (22.1 sec), executed benchmarks: 3

// Found 1 benchmarks:
//   SqliteBenchmarkWhere.Nextorm_Cached_ToListAsync: ShortRun(Toolchain=InProcessEmitToolchain, IterationCount=3, LaunchCount=1, WarmupCount=3)

// **************************
// Benchmark: SqliteBenchmarkWhere.Nextorm_Cached_ToListAsync: ShortRun(Toolchain=InProcessEmitToolchain, IterationCount=3, LaunchCount=1, WarmupCount=3)
// *** Execute ***
// Launch: 1 / 1
// ! Failed to set up priority High for process System.Diagnostics.Process (nextorm.benchmark). Make sure you have the right permissions. Message: Permission denied

// Benchmark Process Environment Information:
// BenchmarkDotNet v0.15.8
// Runtime=.NET 10.0.12 (10.0.12, 10.0.1226.42308), X64 RyuJIT x86-64-v3
// GC=Concurrent Workstation
// HardwareIntrinsics=AVX2+BMI1+BMI2+F16C+FMA+LZCNT+MOVBE,AVX,SSE3+SSSE3+SSE4.1+SSE4.2+POPCNT,X86Base+SSE+SSE2,AES+PCLMUL VectorSize=256
// Job: Job-ZYJCSJ(Toolchain=InProcessEmitToolchain, IterationCount=3, LaunchCount=1, WarmupCount=3)

OverheadJitting  1: 1 op, 352810.00 ns, 352.8100 us/op
WorkloadJitting  1: 1 op, 13255272.00 ns, 13.2553 ms/op

OverheadJitting  2: 16 op, 178754.00 ns, 11.1721 us/op
WorkloadJitting  2: 16 op, 40404744.00 ns, 2.5253 ms/op

WorkloadPilot    1: 16 op, 43303416.00 ns, 2.7065 ms/op
WorkloadPilot    2: 32 op, 78277257.00 ns, 2.4462 ms/op
WorkloadPilot    3: 64 op, 150687774.00 ns, 2.3545 ms/op
WorkloadPilot    4: 128 op, 248290492.00 ns, 1.9398 ms/op
WorkloadPilot    5: 256 op, 493025462.00 ns, 1.9259 ms/op
WorkloadPilot    6: 512 op, 986330107.00 ns, 1.9264 ms/op

OverheadWarmup   1: 512 op, 4688.00 ns, 9.1563 ns/op
OverheadWarmup   2: 512 op, 1672.00 ns, 3.2656 ns/op
OverheadWarmup   3: 512 op, 1132.00 ns, 2.2109 ns/op
OverheadWarmup   4: 512 op, 1233.00 ns, 2.4082 ns/op
OverheadWarmup   5: 512 op, 1623.00 ns, 3.1699 ns/op
OverheadWarmup   6: 512 op, 1483.00 ns, 2.8965 ns/op
OverheadWarmup   7: 512 op, 1913.00 ns, 3.7363 ns/op
OverheadWarmup   8: 512 op, 1463.00 ns, 2.8574 ns/op

OverheadActual   1: 512 op, 1442.00 ns, 2.8164 ns/op
OverheadActual   2: 512 op, 1162.00 ns, 2.2695 ns/op
OverheadActual   3: 512 op, 1433.00 ns, 2.7988 ns/op
OverheadActual   4: 512 op, 1833.00 ns, 3.5801 ns/op
OverheadActual   5: 512 op, 1152.00 ns, 2.2500 ns/op
OverheadActual   6: 512 op, 1362.00 ns, 2.6602 ns/op
OverheadActual   7: 512 op, 1542.00 ns, 3.0117 ns/op
OverheadActual   8: 512 op, 1182.00 ns, 2.3086 ns/op
OverheadActual   9: 512 op, 1512.00 ns, 2.9531 ns/op
OverheadActual  10: 512 op, 1362.00 ns, 2.6602 ns/op
OverheadActual  11: 512 op, 1192.00 ns, 2.3281 ns/op
OverheadActual  12: 512 op, 1272.00 ns, 2.4844 ns/op
OverheadActual  13: 512 op, 1032.00 ns, 2.0156 ns/op
OverheadActual  14: 512 op, 1072.00 ns, 2.0938 ns/op
OverheadActual  15: 512 op, 1853.00 ns, 3.6191 ns/op
OverheadActual  16: 512 op, 1242.00 ns, 2.4258 ns/op
OverheadActual  17: 512 op, 1363.00 ns, 2.6621 ns/op
OverheadActual  18: 512 op, 1402.00 ns, 2.7383 ns/op
OverheadActual  19: 512 op, 1072.00 ns, 2.0938 ns/op
OverheadActual  20: 512 op, 1072.00 ns, 2.0938 ns/op

WorkloadWarmup   1: 512 op, 991184972.00 ns, 1.9359 ms/op
WorkloadWarmup   2: 512 op, 978075085.00 ns, 1.9103 ms/op
WorkloadWarmup   3: 512 op, 990084226.00 ns, 1.9338 ms/op

WorkloadActual   1: 512 op, 990009872.00 ns, 1.9336 ms/op
WorkloadActual   2: 512 op, 978544376.00 ns, 1.9112 ms/op
WorkloadActual   3: 512 op, 978382196.00 ns, 1.9109 ms/op

WorkloadResult   1: 512 op, 990008555.00 ns, 1.9336 ms/op
WorkloadResult   2: 512 op, 978543059.00 ns, 1.9112 ms/op
WorkloadResult   3: 512 op, 978380879.00 ns, 1.9109 ms/op
// GC:  38 0 0 319008360 512
// Threading:  0 0 512


Mean = 1.919 ms, StdErr = 0.008 ms (0.39%), N = 3, StdDev = 0.013 ms
Min = 1.911 ms, Q1 = 1.911 ms, Median = 1.911 ms, Q3 = 1.922 ms, Max = 1.934 ms
IQR = 0.011 ms, LowerFence = 1.894 ms, UpperFence = 1.939 ms
ConfidenceInterval = [1.681 ms; 2.156 ms] (CI 99.9%), Margin = 0.238 ms (12.38% of Mean)
Skewness = 0.38, Kurtosis = 0.67, MValue = 2

// ** Remained 0 (0.0 %) benchmark(s) to run. Estimated finish 2026-10-09 11:57 (0h 0m from now) **
// ***** BenchmarkRunner: Finish  *****

// * Export *
  BenchmarkDotNet.Artifacts/results/NextORM.Benchmark.SqliteBenchmarkWhere-report.csv
  BenchmarkDotNet.Artifacts/results/NextORM.Benchmark.SqliteBenchmarkWhere-report-github.md
  BenchmarkDotNet.Artifacts/results/NextORM.Benchmark.SqliteBenchmarkWhere-report.html

// * Detailed results *
SqliteBenchmarkWhere.Nextorm_Cached_ToListAsync: ShortRun(Toolchain=InProcessEmitToolchain, IterationCount=3, LaunchCount=1, WarmupCount=3)
Runtime = ; GC = 
Mean = 1.919 ms, StdErr = 0.008 ms (0.39%), N = 3, StdDev = 0.013 ms
Min = 1.911 ms, Q1 = 1.911 ms, Median = 1.911 ms, Q3 = 1.922 ms, Max = 1.934 ms
IQR = 0.011 ms, LowerFence = 1.894 ms, UpperFence = 1.939 ms
ConfidenceInterval = [1.681 ms; 2.156 ms] (CI 99.9%), Margin = 0.238 ms (12.38% of Mean)
Skewness = 0.38, Kurtosis = 0.67, MValue = 2
-------------------- Histogram --------------------
[1.910 ms ; 1.934 ms) | @@@
---------------------------------------------------

// * Summary *

BenchmarkDotNet v0.15.8, Linux Ubuntu 22.04.5 LTS (Jammy Jellyfish)
AMD Ryzen 7 5800HS with Radeon Graphics 3.19GHz, 1 CPU, 8 logical and 4 physical cores
.NET SDK 10.0.401
  [Host] : .NET 10.0.12 (10.0.12, 10.0.1226.42308), X64 RyuJIT x86-64-v3

Job=ShortRun  Toolchain=InProcessEmitToolchain  IterationCount=3  
LaunchCount=1  WarmupCount=3  Categories=acceptance  
Error=0.2376 ms  StdDev=0.0130 ms  

| Method                     | Mean     | Gen0    | Allocated |
|--------------------------- |---------:|--------:|----------:|
| Nextorm_Cached_ToListAsync | 1.919 ms | 74.2188 | 608.46 KB |

// * Hints *
HideColumnsAnalyser
  Summary -> Hidden columns: Error, StdDev

// * Legends *
  Mean      : Arithmetic mean of all measurements
  Gen0      : GC Generation 0 collects per 1000 operations
  Allocated : Allocated memory per single operation (managed only, inclusive, 1KB = 1024B)
  1 ms      : 1 Millisecond (0.001 sec)

// * Diagnostic Output - MemoryDiagnoser *


// ***** BenchmarkRunner: End *****
Run time: 00:00:09 (9.11 sec), executed benchmarks: 1

Global total time: 00:00:55 (55.05 sec), executed benchmarks: 7
// * Artifacts cleanup *
Artifacts cleanup is finished
