Running tests from /home/alex/sources/nextorm/tests/nextorm.alias.tests/bin/linux/Debug/net10.0/nextorm.alias.tests.dll (net10.0|x64)
failed NextORM.AliasTests.MixedJoinChainTests.Digit_ending_alias_in_a_non_matching_slot_resolves_to_its_actual_slot (293ms)
  from /home/alex/sources/nextorm/tests/nextorm.alias.tests/bin/linux/Debug/net10.0/nextorm.alias.tests.dll (net10.0|x64)
  Expected chained.Select(p => p.Buyer2.Id).ToList() to be equal to {20}, but {10} differs at index 0.
    at FluentAssertions.Execution.LateBoundTestFramework.Throw(String message)
    at FluentAssertions.Execution.TestFrameworkProvider.Throw(String message)
    at FluentAssertions.Execution.DefaultAssertionStrategy.HandleFailure(String message)
    at FluentAssertions.Execution.AssertionScope.FailWith(Func`1 failReasonFunc)
    at FluentAssertions.Execution.AssertionScope.FailWith(Func`1 failReasonFunc)
    at FluentAssertions.Execution.AssertionScope.FailWith(String message, Object[] args)
    at FluentAssertions.Execution.GivenSelector`1.FailWith(String message, Object[] args)
    at FluentAssertions.Execution.GivenSelector`1.FailWith(String message, Func`2[] args)
    at FluentAssertions.Execution.GivenSelectorExtensions.AssertCollectionsHaveSameItems[TActual,TExpected](GivenSelector`1 givenSelector, ICollection`1 expected, Func`3 findIndex)
    at FluentAssertions.Collections.GenericCollectionAssertions`3.AssertSubjectEquality[TExpectation](IEnumerable`1 expectation, Func`3 equalityComparison, String because, Object[] becauseArgs)
    at FluentAssertions.Collections.GenericCollectionAssertions`3.Equal(T[] elements)
    at NextORM.AliasTests.MixedJoinChainTests.Digit_ending_alias_in_a_non_matching_slot_resolves_to_its_actual_slot() in /home/alex/sources/nextorm/tests/nextorm.alias.tests/MixedJoinChainTests.cs:215
    at System.Reflection.MethodBaseInvoker.InterpretedInvoke_Method(Object obj, IntPtr* args)
    at System.Reflection.MethodBaseInvoker.InvokeWithNoArgs(Object obj, BindingFlags invokeAttr)
failed NextORM.AliasTests.JoinAliasGeneratorDiagnosticTests.Digit_ending_alias_at_a_later_slot_keeps_its_positional_slot (999ms)
  from /home/alex/sources/nextorm/tests/nextorm.alias.tests/bin/linux/Debug/net10.0/nextorm.alias.tests.dll (net10.0|x64)
  Expected generated to match regex "\[global::NextORM\.Core\.JoinSlot\(3\)\]\s+public T3 Buyer2 =>", but "// <auto-generated />
  #nullable disable
  #pragma warning disable CS1591
  namespace NextORM.Generated.AliasHarness
  {
      public static class Alias
      {
          public sealed class Buyer2Marker { }
          public static Buyer2Marker Buyer2 { get; } = new Buyer2Marker();
      }
      public class AliasProjection_P1_P2_A3_Buyer2<T1, T2, T3> : global::NextORM.Core.Projection<T1, T2, T3>
      {
          [global::NextORM.Core.JoinSlot(2)]
          public T2 Buyer2 => throw new global::System.NotSupportedException();
      }
  
      public class AliasJoin_P1_P2_A3_Buyer2<T1, T2, T3> : global::NextORM.Core.EntityBuilder<NextORM.Generated.AliasHarness.AliasProjection_P1_P2_A3_Buyer2<T1, T2, T3>>
      {
          public AliasJoin_P1_P2_A3_Buyer2(global::NextORM.Core.IDataContext dataProvider) : base(dataProvider) { }
      }
  
      public static class JoinAliasExtensions
      {
          public static NextORM.Generated.AliasHarness.AliasJoin_P1_P2_A3_Buyer2<global::Harness.Order, global::Harness.Person, TJoin> Join<TJoin>(
              this global::NextORM.Core.JoinedEntityBuilder<global::Harness.Order, global::Harness.Person> self,
              global::NextORM.Core.EntityBuilder<TJoin> _,
              global::System.Linq.Expressions.Expression<global::System.Func<global::NextORM.Core.Projection<global::Harness.Order, global::Harness.Person>, TJoin, bool>> condition,
              NextORM.Generated.AliasHarness.Alias.Buyer2Marker marker)
              => self.JoinAlias<NextORM.Generated.AliasHarness.AliasJoin_P1_P2_A3_Buyer2<global::Harness.Order, global::Harness.Person, TJoin>, NextORM.Generated.AliasHarness.AliasProjection_P1_P2_A3_Buyer2<global::Harness.Order, global::Harness.Person, TJoin>, TJoin>(
                  static dc => new NextORM.Generated.AliasHarness.AliasJoin_P1_P2_A3_Buyer2<global::Harness.Order, global::Harness.Person, TJoin>(dc),
                  _,
                  condition,
                  global::NextORM.Core.JoinType.Inner);
      }
  }
  " does not match.
    at FluentAssertions.Execution.LateBoundTestFramework.Throw(String message)
    at FluentAssertions.Execution.TestFrameworkProvider.Throw(String message)
    at FluentAssertions.Execution.DefaultAssertionStrategy.HandleFailure(String message)
    at FluentAssertions.Execution.AssertionScope.FailWith(Func`1 failReasonFunc)
    at FluentAssertions.Execution.AssertionScope.FailWith(Func`1 failReasonFunc)
    at FluentAssertions.Execution.AssertionScope.FailWith(String message, Object[] args)
    at FluentAssertions.Primitives.StringAssertions`1.MatchRegex(Regex regularExpression, String because, Object[] becauseArgs)
    at FluentAssertions.Primitives.StringAssertions`1.MatchRegex(String regularExpression, String because, Object[] becauseArgs)
    at NextORM.AliasTests.JoinAliasGeneratorDiagnosticTests.Digit_ending_alias_at_a_later_slot_keeps_its_positional_slot() in /home/alex/sources/nextorm/tests/nextorm.alias.tests/JoinAliasGeneratorDiagnosticTests.cs:302
    at System.Reflection.MethodBaseInvoker.InterpretedInvoke_Method(Object obj, IntPtr* args)
    at System.Reflection.MethodBaseInvoker.InvokeWithNoArgs(Object obj, BindingFlags invokeAttr)
/home/alex/sources/nextorm/tests/nextorm.alias.tests/bin/linux/Debug/net10.0/nextorm.alias.tests.dll (net10.0|x64) failed with 2 error(s) (1s 832ms)
Exit code: 2

Test run summary: Failed!
  total: 3
  failed: 2
  succeeded: 1
  skipped: 0
  duration: 2s 051ms
Test run completed with non-success exit code: 2 (see: https://aka.ms/testingplatform/exitcodes)
