Running tests from /home/alex/sources/nextorm/tests/nextorm.core.tests/bin/linux/Debug/net10.0/nextorm.core.tests.dll (net10.0|x64)
failed NextORM.Core.Tests.RootProjectionTests.Dim1_projection_reports_dimension_one_and_extend_yields_slot_two (84ms)
  from /home/alex/sources/nextorm/tests/nextorm.core.tests/bin/linux/Debug/net10.0/nextorm.core.tests.dll (net10.0|x64)
  Expected type to be NextORM.Core.Projection`2[[NextORM.Core.Tests.RootProjectionTests+Order, nextorm.core.tests, Version=1.0.9.0, Culture=neutral, PublicKeyToken=null],[System.String, System.Private.CoreLib, Version=10.0.0.0, Culture=neutral, PublicKeyToken=7cec85d7bea7798e]], but found NextORM.Core.Projection`1[[NextORM.Core.Tests.RootProjectionTests+Order, nextorm.core.tests, Version=1.0.9.0, Culture=neutral, PublicKeyToken=null]].
    at FluentAssertions.Execution.LateBoundTestFramework.Throw(String message)
    at FluentAssertions.Execution.TestFrameworkProvider.Throw(String message)
    at FluentAssertions.Execution.DefaultAssertionStrategy.HandleFailure(String message)
    at FluentAssertions.Execution.AssertionScope.FailWith(Func`1 failReasonFunc)
    at FluentAssertions.Execution.AssertionScope.FailWith(Func`1 failReasonFunc)
    at FluentAssertions.Execution.AssertionScope.FailWith(String message)
    at FluentAssertions.Types.TypeAssertions.Be(Type expected, String because, Object[] becauseArgs)
    at FluentAssertions.Primitives.ReferenceTypeAssertions`2.BeOfType(Type expectedType, String because, Object[] becauseArgs)
    at FluentAssertions.Primitives.ReferenceTypeAssertions`2.BeOfType[T](String because, Object[] becauseArgs)
    at NextORM.Core.Tests.RootProjectionTests.Dim1_projection_reports_dimension_one_and_extend_yields_slot_two() in /home/alex/sources/nextorm/tests/nextorm.core.tests/RootProjectionTests.cs:75
    at System.Reflection.MethodBaseInvoker.InterpretedInvoke_Method(Object obj, IntPtr* args)
    at System.Reflection.MethodBaseInvoker.InvokeWithNoArgs(Object obj, BindingFlags invokeAttr)
/home/alex/sources/nextorm/tests/nextorm.core.tests/bin/linux/Debug/net10.0/nextorm.core.tests.dll (net10.0|x64) failed with 1 error(s) (843ms)
Exit code: 2
  Standard output: dbug: Microsoft.Extensions.Hosting.Internal.Host[1]
        Hosting starting
  info: Microsoft.Hosting.Lifetime[0]
        Application started. Press Ctrl+C to shut down.
  info: Microsoft.Hosting.Lifetime[0]
        Hosting environment: Production
  info: Microsoft.Hosting.Lifetime[0]
        Content root path: /home/alex/sources/nextorm/tests/nextorm.core.tests/bin/linux/Debug/net10.0/
  dbug: Microsoft.Extensions.Hosting.Internal.Host[2]
        Hosting started
  dbug: Microsoft.Extensions.Hosting.Internal.Host[3]
        Hosting stopping
  info: Microsoft.Hosting.Lifetime[0]
        Application is shutting down...
  dbug: Microsoft.Extensions.Hosting.Internal.Host[4]
        Hosting stopped

Test run summary: Failed!
  total: 1
  failed: 1
  succeeded: 0
  skipped: 0
  duration: 1s 070ms
Test run completed with non-success exit code: 2 (see: https://aka.ms/testingplatform/exitcodes)
